Info: Starting: Create block symbol file (.bsf)
Info: ip-generate --project-directory=/home/student/Desktop/IL2202_Project/quartus/H4_/ --output-directory=/home/student/Desktop/IL2202_Project/quartus/H4_/nios_system/ --report-file=bsf:/home/student/Desktop/IL2202_Project/quartus/H4_/nios_system.bsf --system-info=DEVICE_FAMILY="Cyclone IV E" --system-info=DEVICE=EP4CE115F29C7 --system-info=DEVICE_SPEEDGRADE=7 --component-file=/home/student/Desktop/IL2202_Project/quartus/H4_/nios_system.qsys
Progress: Loading H4_/nios_system.qsys
Progress: Reading input file
Progress: Adding jtag_uart_0 [altera_avalon_jtag_uart 13.0.1.99.2]
Progress: Parameterizing module jtag_uart_0
Progress: Adding ht19_Samikwa_Yaacoub [altera_avalon_sysid_qsys 13.0]
Progress: Parameterizing module ht19_Samikwa_Yaacoub
Progress: Adding onchip_0 [altera_avalon_onchip_memory2 13.0.1.99.2]
Progress: Parameterizing module onchip_0
Progress: Adding sram [altera_up_avalon_sram 13.0]
Progress: Parameterizing module sram
Progress: Adding sdram [altera_avalon_new_sdram_controller 13.0.1.99.2]
Progress: Parameterizing module sdram
Progress: Adding timer_0_A [altera_avalon_timer 13.0.1.99.2]
Progress: Parameterizing module timer_0_A
Progress: Adding timer_0_B [altera_avalon_timer 13.0.1.99.2]
Progress: Parameterizing module timer_0_B
Progress: Adding p_counter [altera_avalon_performance_counter 13.0.1.99.2]
Progress: Parameterizing module p_counter
Progress: Adding de2_pio_toggles18 [altera_avalon_pio 13.0.1.99.2]
Progress: Parameterizing module de2_pio_toggles18
Progress: Adding de2_pio_keys4 [altera_avalon_pio 13.0.1.99.2]
Progress: Parameterizing module de2_pio_keys4
Progress: Adding de2_pio_redled18 [altera_avalon_pio 13.0.1.99.2]
Progress: Parameterizing module de2_pio_redled18
Progress: Adding de2_pio_greenled9 [altera_avalon_pio 13.0.1.99.2]
Progress: Parameterizing module de2_pio_greenled9
Progress: Adding de2_pio_hex_high28 [altera_avalon_pio 13.0.1.99.2]
Progress: Parameterizing module de2_pio_hex_high28
Progress: Adding de2_pio_hex_low28 [altera_avalon_pio 13.0.1.99.2]
Progress: Parameterizing module de2_pio_hex_low28
Progress: Adding cpu_1 [altera_nios2_qsys 13.0]
Progress: Parameterizing module cpu_1
Progress: Adding cpu_2 [altera_nios2_qsys 13.0]
Progress: Parameterizing module cpu_2
Progress: Adding cpu_3 [altera_nios2_qsys 13.0]
Progress: Parameterizing module cpu_3
Progress: Adding cpu_0 [altera_nios2_qsys 13.0]
Progress: Parameterizing module cpu_0
Progress: Adding onchip_1 [altera_avalon_onchip_memory2 13.0.1.99.2]
Progress: Parameterizing module onchip_1
Progress: Adding onchip_2 [altera_avalon_onchip_memory2 13.0.1.99.2]
Progress: Parameterizing module onchip_2
Progress: Adding onchip_3 [altera_avalon_onchip_memory2 13.0.1.99.2]
Progress: Parameterizing module onchip_3
Progress: Adding timer_1 [altera_avalon_timer 13.0.1.99.2]
Progress: Parameterizing module timer_1
Progress: Adding timer_3 [altera_avalon_timer 13.0.1.99.2]
Progress: Parameterizing module timer_3
Progress: Adding timer_2 [altera_avalon_timer 13.0.1.99.2]
Progress: Parameterizing module timer_2
Progress: Adding jtag_uart_1 [altera_avalon_jtag_uart 13.0.1.99.2]
Progress: Parameterizing module jtag_uart_1
Progress: Adding jtag_uart_2 [altera_avalon_jtag_uart 13.0.1.99.2]
Progress: Parameterizing module jtag_uart_2
Progress: Adding jtag_uart_3 [altera_avalon_jtag_uart 13.0.1.99.2]
Progress: Parameterizing module jtag_uart_3
Progress: Adding clocks [altera_up_clocks 13.0]
Progress: Parameterizing module clocks
Progress: Adding nios_custom_instr_floating_point_0 [altera_nios_custom_instr_floating_point 13.0]
Progress: Parameterizing module nios_custom_instr_floating_point_0
Progress: Adding nios_custom_instr_floating_point_1 [altera_nios_custom_instr_floating_point 13.0]
Progress: Parameterizing module nios_custom_instr_floating_point_1
Progress: Adding nios_custom_instr_floating_point_2 [altera_nios_custom_instr_floating_point 13.0]
Progress: Parameterizing module nios_custom_instr_floating_point_2
Progress: Adding nios_custom_instr_floating_point_3 [altera_nios_custom_instr_floating_point 13.0]
Progress: Parameterizing module nios_custom_instr_floating_point_3
Progress: Adding clk [clock_source 13.0]
Progress: Parameterizing module clk
Progress: Building connections
Progress: Parameterizing connections
Progress: Validating
Progress: Done reading input file
Info: nios_system.ht19_Samikwa_Yaacoub: System ID is not assigned automatically. Edit the System ID parameter to provide a unique ID
Info: nios_system.ht19_Samikwa_Yaacoub: Time stamp will be automatically updated when this component is generated.
Info: nios_system.de2_pio_toggles18: PIO inputs are not hardwired in test bench. Undefined values will be read from PIO inputs during simulation.
Info: nios_system.de2_pio_keys4: PIO inputs are not hardwired in test bench. Undefined values will be read from PIO inputs during simulation.
Warning: nios_system.cpu_1: The address range of the slaves connected to the Nios II instruction masters exceeds 28 bits. Attempts to call functions across 28-bit boundaries is not supported by GCC and will result in linker errors.
Info: ip-generate succeeded.
Info: Finished: Create block symbol file (.bsf)
Info: 
Info: Starting: Create HDL design files for synthesis
Info: ip-generate --project-directory=/home/student/Desktop/IL2202_Project/quartus/H4_/ --output-directory=/home/student/Desktop/IL2202_Project/quartus/H4_/nios_system/synthesis/ --file-set=QUARTUS_SYNTH --report-file=sopcinfo:/home/student/Desktop/IL2202_Project/quartus/H4_/nios_system.sopcinfo --report-file=html:/home/student/Desktop/IL2202_Project/quartus/H4_/nios_system.html --report-file=qip:/home/student/Desktop/IL2202_Project/quartus/H4_/nios_system/synthesis/nios_system.qip --report-file=cmp:/home/student/Desktop/IL2202_Project/quartus/H4_/nios_system.cmp --report-file=svd --system-info=DEVICE_FAMILY="Cyclone IV E" --system-info=DEVICE=EP4CE115F29C7 --system-info=DEVICE_SPEEDGRADE=7 --component-file=/home/student/Desktop/IL2202_Project/quartus/H4_/nios_system.qsys --language=VHDL
Progress: Loading H4_/nios_system.qsys
Progress: Reading input file
Progress: Adding jtag_uart_0 [altera_avalon_jtag_uart 13.0.1.99.2]
Progress: Parameterizing module jtag_uart_0
Progress: Adding ht19_Samikwa_Yaacoub [altera_avalon_sysid_qsys 13.0]
Progress: Parameterizing module ht19_Samikwa_Yaacoub
Progress: Adding onchip_0 [altera_avalon_onchip_memory2 13.0.1.99.2]
Progress: Parameterizing module onchip_0
Progress: Adding sram [altera_up_avalon_sram 13.0]
Progress: Parameterizing module sram
Progress: Adding sdram [altera_avalon_new_sdram_controller 13.0.1.99.2]
Progress: Parameterizing module sdram
Progress: Adding timer_0_A [altera_avalon_timer 13.0.1.99.2]
Progress: Parameterizing module timer_0_A
Progress: Adding timer_0_B [altera_avalon_timer 13.0.1.99.2]
Progress: Parameterizing module timer_0_B
Progress: Adding p_counter [altera_avalon_performance_counter 13.0.1.99.2]
Progress: Parameterizing module p_counter
Progress: Adding de2_pio_toggles18 [altera_avalon_pio 13.0.1.99.2]
Progress: Parameterizing module de2_pio_toggles18
Progress: Adding de2_pio_keys4 [altera_avalon_pio 13.0.1.99.2]
Progress: Parameterizing module de2_pio_keys4
Progress: Adding de2_pio_redled18 [altera_avalon_pio 13.0.1.99.2]
Progress: Parameterizing module de2_pio_redled18
Progress: Adding de2_pio_greenled9 [altera_avalon_pio 13.0.1.99.2]
Progress: Parameterizing module de2_pio_greenled9
Progress: Adding de2_pio_hex_high28 [altera_avalon_pio 13.0.1.99.2]
Progress: Parameterizing module de2_pio_hex_high28
Progress: Adding de2_pio_hex_low28 [altera_avalon_pio 13.0.1.99.2]
Progress: Parameterizing module de2_pio_hex_low28
Progress: Adding cpu_1 [altera_nios2_qsys 13.0]
Progress: Parameterizing module cpu_1
Progress: Adding cpu_2 [altera_nios2_qsys 13.0]
Progress: Parameterizing module cpu_2
Progress: Adding cpu_3 [altera_nios2_qsys 13.0]
Progress: Parameterizing module cpu_3
Progress: Adding cpu_0 [altera_nios2_qsys 13.0]
Progress: Parameterizing module cpu_0
Progress: Adding onchip_1 [altera_avalon_onchip_memory2 13.0.1.99.2]
Progress: Parameterizing module onchip_1
Progress: Adding onchip_2 [altera_avalon_onchip_memory2 13.0.1.99.2]
Progress: Parameterizing module onchip_2
Progress: Adding onchip_3 [altera_avalon_onchip_memory2 13.0.1.99.2]
Progress: Parameterizing module onchip_3
Progress: Adding timer_1 [altera_avalon_timer 13.0.1.99.2]
Progress: Parameterizing module timer_1
Progress: Adding timer_3 [altera_avalon_timer 13.0.1.99.2]
Progress: Parameterizing module timer_3
Progress: Adding timer_2 [altera_avalon_timer 13.0.1.99.2]
Progress: Parameterizing module timer_2
Progress: Adding jtag_uart_1 [altera_avalon_jtag_uart 13.0.1.99.2]
Progress: Parameterizing module jtag_uart_1
Progress: Adding jtag_uart_2 [altera_avalon_jtag_uart 13.0.1.99.2]
Progress: Parameterizing module jtag_uart_2
Progress: Adding jtag_uart_3 [altera_avalon_jtag_uart 13.0.1.99.2]
Progress: Parameterizing module jtag_uart_3
Progress: Adding clocks [altera_up_clocks 13.0]
Progress: Parameterizing module clocks
Progress: Adding nios_custom_instr_floating_point_0 [altera_nios_custom_instr_floating_point 13.0]
Progress: Parameterizing module nios_custom_instr_floating_point_0
Progress: Adding nios_custom_instr_floating_point_1 [altera_nios_custom_instr_floating_point 13.0]
Progress: Parameterizing module nios_custom_instr_floating_point_1
Progress: Adding nios_custom_instr_floating_point_2 [altera_nios_custom_instr_floating_point 13.0]
Progress: Parameterizing module nios_custom_instr_floating_point_2
Progress: Adding nios_custom_instr_floating_point_3 [altera_nios_custom_instr_floating_point 13.0]
Progress: Parameterizing module nios_custom_instr_floating_point_3
Progress: Adding clk [clock_source 13.0]
Progress: Parameterizing module clk
Progress: Building connections
Progress: Parameterizing connections
Progress: Validating
Progress: Done reading input file
Info: nios_system.ht19_Samikwa_Yaacoub: System ID is not assigned automatically. Edit the System ID parameter to provide a unique ID
Info: nios_system.ht19_Samikwa_Yaacoub: Time stamp will be automatically updated when this component is generated.
Info: nios_system.de2_pio_toggles18: PIO inputs are not hardwired in test bench. Undefined values will be read from PIO inputs during simulation.
Info: nios_system.de2_pio_keys4: PIO inputs are not hardwired in test bench. Undefined values will be read from PIO inputs during simulation.
Warning: nios_system.cpu_1: The address range of the slaves connected to the Nios II instruction masters exceeds 28 bits. Attempts to call functions across 28-bit boundaries is not supported by GCC and will result in linker errors.
Info: nios_system: Generating nios_system "nios_system" for QUARTUS_SYNTH
Info: pipeline_bridge_swap_transform: After transform: 32 modules, 122 connections
Info: merlin_custom_instruction_transform: After transform: 44 modules, 134 connections
Info: merlin_translator_transform: After transform: 78 modules, 258 connections
Info: merlin_domain_transform: After transform: 140 modules, 646 connections
Info: merlin_router_transform: After transform: 174 modules, 770 connections
Info: merlin_burst_transform: After transform: 175 modules, 773 connections
Info: reset_adaptation_transform: After transform: 181 modules, 673 connections
Info: merlin_network_to_switch_transform: After transform: 248 modules, 823 connections
Info: merlin_width_transform: After transform: 250 modules, 829 connections
Info: merlin_mm_transform: After transform: 250 modules, 829 connections
Info: merlin_interrupt_mapper_transform: After transform: 254 modules, 841 connections
Warning: nios_system: "No matching role found for cpu_0_custom_instruction_master_multi_xconnect:ci_slave:ci_slave_ipending (ipending)"
Warning: nios_system: "No matching role found for cpu_0_custom_instruction_master_multi_xconnect:ci_slave:ci_slave_estatus (estatus)"
Warning: nios_system: "No matching role found for cpu_1_custom_instruction_master_multi_xconnect:ci_slave:ci_slave_ipending (ipending)"
Warning: nios_system: "No matching role found for cpu_1_custom_instruction_master_multi_xconnect:ci_slave:ci_slave_estatus (estatus)"
Warning: nios_system: "No matching role found for cpu_2_custom_instruction_master_multi_xconnect:ci_slave:ci_slave_ipending (ipending)"
Warning: nios_system: "No matching role found for cpu_2_custom_instruction_master_multi_xconnect:ci_slave:ci_slave_estatus (estatus)"
Warning: nios_system: "No matching role found for cpu_3_custom_instruction_master_multi_xconnect:ci_slave:ci_slave_ipending (ipending)"
Warning: nios_system: "No matching role found for cpu_3_custom_instruction_master_multi_xconnect:ci_slave:ci_slave_estatus (estatus)"
Warning: nios_system: "No matching role found for rst_controller_001:reset_out:reset_req (reset_req)"
Warning: nios_system: "No matching role found for rst_controller_001:reset_out:reset_req (reset_req)"
Warning: nios_system: "No matching role found for rst_controller_001:reset_out:reset_req (reset_req)"
Warning: nios_system: "No matching role found for rst_controller_001:reset_out:reset_req (reset_req)"
Warning: nios_system: "No matching role found for rst_controller_001:reset_out:reset_req (reset_req)"
Warning: nios_system: "No matching role found for rst_controller_001:reset_out:reset_req (reset_req)"
Warning: nios_system: "No matching role found for rst_controller_001:reset_out:reset_req (reset_req)"
Warning: nios_system: "No matching role found for rst_controller_001:reset_out:reset_req (reset_req)"
Warning: nios_system: "No matching role found for rst_controller_001:reset_out:reset_req (reset_req)"
Warning: nios_system: "No matching role found for rst_controller_001:reset_out:reset_req (reset_req)"
Warning: nios_system: "No matching role found for rst_controller_001:reset_out:reset_req (reset_req)"
Warning: nios_system: "No matching role found for rst_controller_001:reset_out:reset_req (reset_req)"
Warning: nios_system: "No matching role found for rst_controller_001:reset_out:reset_req (reset_req)"
Warning: nios_system: "No matching role found for rst_controller_001:reset_out:reset_req (reset_req)"
Warning: nios_system: "No matching role found for rst_controller_001:reset_out:reset_req (reset_req)"
Warning: nios_system: "No matching role found for rst_controller_001:reset_out:reset_req (reset_req)"
Warning: nios_system: "No matching role found for rst_controller_001:reset_out:reset_req (reset_req)"
Warning: nios_system: "No matching role found for rst_controller_001:reset_out:reset_req (reset_req)"
Warning: nios_system: "No matching role found for rst_controller_001:reset_out:reset_req (reset_req)"
Warning: nios_system: "No matching role found for rst_controller_001:reset_out:reset_req (reset_req)"
Warning: nios_system: "No matching role found for rst_controller_001:reset_out:reset_req (reset_req)"
Warning: nios_system: "No matching role found for rst_controller_001:reset_out:reset_req (reset_req)"
Warning: nios_system: "No matching role found for rst_controller_001:reset_out:reset_req (reset_req)"
Warning: nios_system: "No matching role found for rst_controller_001:reset_out:reset_req (reset_req)"
Warning: nios_system: "No matching role found for rst_controller_001:reset_out:reset_req (reset_req)"
Warning: nios_system: "No matching role found for rst_controller_001:reset_out:reset_req (reset_req)"
Warning: nios_system: "No matching role found for rst_controller_001:reset_out:reset_req (reset_req)"
Warning: nios_system: "No matching role found for rst_controller_001:reset_out:reset_req (reset_req)"
Warning: nios_system: "No matching role found for rst_controller_001:reset_out:reset_req (reset_req)"
Warning: nios_system: "No matching role found for rst_controller_001:reset_out:reset_req (reset_req)"
Warning: nios_system: "No matching role found for rst_controller_001:reset_out:reset_req (reset_req)"
Warning: nios_system: "No matching role found for rst_controller_001:reset_out:reset_req (reset_req)"
Warning: nios_system: "No matching role found for rst_controller_001:reset_out:reset_req (reset_req)"
Warning: nios_system: "No matching role found for rst_controller_001:reset_out:reset_req (reset_req)"
Warning: nios_system: "No matching role found for rst_controller_001:reset_out:reset_req (reset_req)"
Warning: nios_system: "No matching role found for rst_controller_001:reset_out:reset_req (reset_req)"
Warning: nios_system: "No matching role found for rst_controller_001:reset_out:reset_req (reset_req)"
Warning: nios_system: "No matching role found for rst_controller_001:reset_out:reset_req (reset_req)"
Warning: nios_system: "No matching role found for rst_controller_001:reset_out:reset_req (reset_req)"
Warning: nios_system: "No matching role found for rst_controller_001:reset_out:reset_req (reset_req)"
Warning: nios_system: "No matching role found for rst_controller_001:reset_out:reset_req (reset_req)"
Warning: nios_system: "No matching role found for rst_controller_001:reset_out:reset_req (reset_req)"
Warning: nios_system: "No matching role found for rst_controller_001:reset_out:reset_req (reset_req)"
Warning: nios_system: "No matching role found for rst_controller_001:reset_out:reset_req (reset_req)"
Warning: nios_system: "No matching role found for rst_controller_001:reset_out:reset_req (reset_req)"
Warning: nios_system: "No matching role found for rst_controller_001:reset_out:reset_req (reset_req)"
Warning: nios_system: "No matching role found for rst_controller_001:reset_out:reset_req (reset_req)"
Warning: nios_system: "No matching role found for rst_controller_001:reset_out:reset_req (reset_req)"
Warning: nios_system: "No matching role found for rst_controller_001:reset_out:reset_req (reset_req)"
Warning: nios_system: "No matching role found for rst_controller_001:reset_out:reset_req (reset_req)"
Warning: nios_system: "No matching role found for rst_controller_001:reset_out:reset_req (reset_req)"
Warning: nios_system: "No matching role found for rst_controller_001:reset_out:reset_req (reset_req)"
Warning: nios_system: "No matching role found for rst_controller_001:reset_out:reset_req (reset_req)"
Warning: nios_system: "No matching role found for rst_controller_001:reset_out:reset_req (reset_req)"
Warning: nios_system: "No matching role found for rst_controller_001:reset_out:reset_req (reset_req)"
Warning: nios_system: "No matching role found for rst_controller_001:reset_out:reset_req (reset_req)"
Warning: nios_system: "No matching role found for rst_controller_001:reset_out:reset_req (reset_req)"
Warning: nios_system: "No matching role found for rst_controller_001:reset_out:reset_req (reset_req)"
Warning: nios_system: "No matching role found for rst_controller_001:reset_out:reset_req (reset_req)"
Warning: nios_system: "No matching role found for rst_controller_001:reset_out:reset_req (reset_req)"
Warning: nios_system: "No matching role found for rst_controller_001:reset_out:reset_req (reset_req)"
Warning: nios_system: "No matching role found for rst_controller_001:reset_out:reset_req (reset_req)"
Warning: nios_system: "No matching role found for rst_controller_001:reset_out:reset_req (reset_req)"
Warning: nios_system: "No matching role found for rst_controller_001:reset_out:reset_req (reset_req)"
Warning: nios_system: "No matching role found for rst_controller_001:reset_out:reset_req (reset_req)"
Warning: nios_system: "No matching role found for rst_controller_001:reset_out:reset_req (reset_req)"
Warning: nios_system: "No matching role found for rst_controller_001:reset_out:reset_req (reset_req)"
Warning: nios_system: "No matching role found for rst_controller_001:reset_out:reset_req (reset_req)"
Warning: nios_system: "No matching role found for rst_controller_001:reset_out:reset_req (reset_req)"
Warning: nios_system: "No matching role found for rst_controller_001:reset_out:reset_req (reset_req)"
Warning: nios_system: "No matching role found for rst_controller_001:reset_out:reset_req (reset_req)"
Warning: nios_system: "No matching role found for rst_controller_001:reset_out:reset_req (reset_req)"
Warning: nios_system: "No matching role found for rst_controller_001:reset_out:reset_req (reset_req)"
Warning: nios_system: "No matching role found for rst_controller_001:reset_out:reset_req (reset_req)"
Warning: nios_system: "No matching role found for rst_controller_001:reset_out:reset_req (reset_req)"
Warning: nios_system: "No matching role found for rst_controller_001:reset_out:reset_req (reset_req)"
Warning: nios_system: "No matching role found for rst_controller_001:reset_out:reset_req (reset_req)"
Warning: nios_system: "No matching role found for rst_controller_001:reset_out:reset_req (reset_req)"
Warning: nios_system: "No matching role found for rst_controller_001:reset_out:reset_req (reset_req)"
Warning: nios_system: "No matching role found for rst_controller_001:reset_out:reset_req (reset_req)"
Warning: nios_system: "No matching role found for rst_controller_001:reset_out:reset_req (reset_req)"
Warning: nios_system: "No matching role found for rst_controller_001:reset_out:reset_req (reset_req)"
Warning: nios_system: "No matching role found for rst_controller_001:reset_out:reset_req (reset_req)"
Warning: nios_system: "No matching role found for rst_controller_001:reset_out:reset_req (reset_req)"
Warning: nios_system: "No matching role found for rst_controller_001:reset_out:reset_req (reset_req)"
Info: jtag_uart_0: Starting RTL generation for module 'nios_system_jtag_uart_0'
Info: jtag_uart_0:   Generation command is [exec /opt/altera/13.0sp1/quartus/linux/perl/bin/perl -I /opt/altera/13.0sp1/quartus/common/ip/altera/common/perl/5.8.3 -I /opt/altera/13.0sp1/quartus/sopc_builder/bin/europa -I /opt/altera/13.0sp1/quartus/sopc_builder/bin/perl_lib -I /opt/altera/13.0sp1/quartus/sopc_builder/bin -I /opt/altera/13.0sp1/quartus/../ip/altera/sopc_builder_ip/common -I /opt/altera/13.0sp1/quartus/../ip/altera/sopc_builder_ip/altera_avalon_jtag_uart -- /opt/altera/13.0sp1/quartus/../ip/altera/sopc_builder_ip/altera_avalon_jtag_uart/generate_rtl.pl --name=nios_system_jtag_uart_0 --dir=/tmp/alt8160_4572262648240173868.dir/0178_jtag_uart_0_gen/ --quartus_dir=/opt/altera/13.0sp1/quartus --verilog --config=/tmp/alt8160_4572262648240173868.dir/0178_jtag_uart_0_gen//nios_system_jtag_uart_0_component_configuration.pl  --do_build_sim=0  ]
Info: jtag_uart_0: Done RTL generation for module 'nios_system_jtag_uart_0'
Info: jtag_uart_0: "nios_system" instantiated altera_avalon_jtag_uart "jtag_uart_0"
Info: ht19_Samikwa_Yaacoub: "nios_system" instantiated altera_avalon_sysid_qsys "ht19_Samikwa_Yaacoub"
Info: sram: Starting Generation of SRAM or SSRAM Controller
Info: sram: "nios_system" instantiated altera_up_avalon_sram "sram"
Info: sdram: Starting RTL generation for module 'nios_system_sdram'
Info: sdram:   Generation command is [exec /opt/altera/13.0sp1/quartus/linux/perl/bin/perl -I /opt/altera/13.0sp1/quartus/common/ip/altera/common/perl/5.8.3 -I /opt/altera/13.0sp1/quartus/sopc_builder/bin/europa -I /opt/altera/13.0sp1/quartus/sopc_builder/bin/perl_lib -I /opt/altera/13.0sp1/quartus/sopc_builder/bin -I /opt/altera/13.0sp1/quartus/../ip/altera/sopc_builder_ip/common -I /opt/altera/13.0sp1/quartus/../ip/altera/sopc_builder_ip/altera_avalon_new_sdram_controller -- /opt/altera/13.0sp1/quartus/../ip/altera/sopc_builder_ip/altera_avalon_new_sdram_controller/generate_rtl.pl --name=nios_system_sdram --dir=/tmp/alt8160_4572262648240173868.dir/0181_sdram_gen/ --quartus_dir=/opt/altera/13.0sp1/quartus --verilog --config=/tmp/alt8160_4572262648240173868.dir/0181_sdram_gen//nios_system_sdram_component_configuration.pl  --do_build_sim=0  ]
Info: sdram: Done RTL generation for module 'nios_system_sdram'
Info: sdram: "nios_system" instantiated altera_avalon_new_sdram_controller "sdram"
Info: timer_0_A: Starting RTL generation for module 'nios_system_timer_0_A'
Info: timer_0_A:   Generation command is [exec /opt/altera/13.0sp1/quartus/linux/perl/bin/perl -I /opt/altera/13.0sp1/quartus/common/ip/altera/common/perl/5.8.3 -I /opt/altera/13.0sp1/quartus/sopc_builder/bin/europa -I /opt/altera/13.0sp1/quartus/sopc_builder/bin/perl_lib -I /opt/altera/13.0sp1/quartus/sopc_builder/bin -I /opt/altera/13.0sp1/quartus/../ip/altera/sopc_builder_ip/common -I /opt/altera/13.0sp1/quartus/../ip/altera/sopc_builder_ip/altera_avalon_timer -- /opt/altera/13.0sp1/quartus/../ip/altera/sopc_builder_ip/altera_avalon_timer/generate_rtl.pl --name=nios_system_timer_0_A --dir=/tmp/alt8160_4572262648240173868.dir/0182_timer_0_A_gen/ --quartus_dir=/opt/altera/13.0sp1/quartus --verilog --config=/tmp/alt8160_4572262648240173868.dir/0182_timer_0_A_gen//nios_system_timer_0_A_component_configuration.pl  --do_build_sim=0  ]
Info: timer_0_A: Done RTL generation for module 'nios_system_timer_0_A'
Info: timer_0_A: "nios_system" instantiated altera_avalon_timer "timer_0_A"
Info: timer_0_B: Starting RTL generation for module 'nios_system_timer_0_B'
Info: timer_0_B:   Generation command is [exec /opt/altera/13.0sp1/quartus/linux/perl/bin/perl -I /opt/altera/13.0sp1/quartus/common/ip/altera/common/perl/5.8.3 -I /opt/altera/13.0sp1/quartus/sopc_builder/bin/europa -I /opt/altera/13.0sp1/quartus/sopc_builder/bin/perl_lib -I /opt/altera/13.0sp1/quartus/sopc_builder/bin -I /opt/altera/13.0sp1/quartus/../ip/altera/sopc_builder_ip/common -I /opt/altera/13.0sp1/quartus/../ip/altera/sopc_builder_ip/altera_avalon_timer -- /opt/altera/13.0sp1/quartus/../ip/altera/sopc_builder_ip/altera_avalon_timer/generate_rtl.pl --name=nios_system_timer_0_B --dir=/tmp/alt8160_4572262648240173868.dir/0183_timer_0_B_gen/ --quartus_dir=/opt/altera/13.0sp1/quartus --verilog --config=/tmp/alt8160_4572262648240173868.dir/0183_timer_0_B_gen//nios_system_timer_0_B_component_configuration.pl  --do_build_sim=0  ]
Info: timer_0_B: Done RTL generation for module 'nios_system_timer_0_B'
Info: timer_0_B: "nios_system" instantiated altera_avalon_timer "timer_0_B"
Info: p_counter: Starting RTL generation for module 'nios_system_p_counter'
Info: p_counter:   Generation command is [exec /opt/altera/13.0sp1/quartus/linux/perl/bin/perl -I /opt/altera/13.0sp1/quartus/common/ip/altera/common/perl/5.8.3 -I /opt/altera/13.0sp1/quartus/sopc_builder/bin/europa -I /opt/altera/13.0sp1/quartus/sopc_builder/bin/perl_lib -I /opt/altera/13.0sp1/quartus/sopc_builder/bin -I /opt/altera/13.0sp1/quartus/../ip/altera/sopc_builder_ip/common -I /opt/altera/13.0sp1/quartus/../ip/altera/sopc_builder_ip/altera_avalon_performance_counter -- /opt/altera/13.0sp1/quartus/../ip/altera/sopc_builder_ip/altera_avalon_performance_counter/generate_rtl.pl --name=nios_system_p_counter --dir=/tmp/alt8160_4572262648240173868.dir/0184_p_counter_gen/ --quartus_dir=/opt/altera/13.0sp1/quartus --verilog --config=/tmp/alt8160_4572262648240173868.dir/0184_p_counter_gen//nios_system_p_counter_component_configuration.pl  --do_build_sim=0  ]
Info: p_counter: Done RTL generation for module 'nios_system_p_counter'
Info: p_counter: "nios_system" instantiated altera_avalon_performance_counter "p_counter"
Info: de2_pio_toggles18: Starting RTL generation for module 'nios_system_de2_pio_toggles18'
Info: de2_pio_toggles18:   Generation command is [exec /opt/altera/13.0sp1/quartus/linux/perl/bin/perl -I /opt/altera/13.0sp1/quartus/common/ip/altera/common/perl/5.8.3 -I /opt/altera/13.0sp1/quartus/sopc_builder/bin/europa -I /opt/altera/13.0sp1/quartus/sopc_builder/bin/perl_lib -I /opt/altera/13.0sp1/quartus/sopc_builder/bin -I /opt/altera/13.0sp1/quartus/../ip/altera/sopc_builder_ip/common -I /opt/altera/13.0sp1/quartus/../ip/altera/sopc_builder_ip/altera_avalon_pio -- /opt/altera/13.0sp1/quartus/../ip/altera/sopc_builder_ip/altera_avalon_pio/generate_rtl.pl --name=nios_system_de2_pio_toggles18 --dir=/tmp/alt8160_4572262648240173868.dir/0185_de2_pio_toggles18_gen/ --quartus_dir=/opt/altera/13.0sp1/quartus --verilog --config=/tmp/alt8160_4572262648240173868.dir/0185_de2_pio_toggles18_gen//nios_system_de2_pio_toggles18_component_configuration.pl  --do_build_sim=0  ]
Info: de2_pio_toggles18: Done RTL generation for module 'nios_system_de2_pio_toggles18'
Info: de2_pio_toggles18: "nios_system" instantiated altera_avalon_pio "de2_pio_toggles18"
Info: de2_pio_keys4: Starting RTL generation for module 'nios_system_de2_pio_keys4'
Info: de2_pio_keys4:   Generation command is [exec /opt/altera/13.0sp1/quartus/linux/perl/bin/perl -I /opt/altera/13.0sp1/quartus/common/ip/altera/common/perl/5.8.3 -I /opt/altera/13.0sp1/quartus/sopc_builder/bin/europa -I /opt/altera/13.0sp1/quartus/sopc_builder/bin/perl_lib -I /opt/altera/13.0sp1/quartus/sopc_builder/bin -I /opt/altera/13.0sp1/quartus/../ip/altera/sopc_builder_ip/common -I /opt/altera/13.0sp1/quartus/../ip/altera/sopc_builder_ip/altera_avalon_pio -- /opt/altera/13.0sp1/quartus/../ip/altera/sopc_builder_ip/altera_avalon_pio/generate_rtl.pl --name=nios_system_de2_pio_keys4 --dir=/tmp/alt8160_4572262648240173868.dir/0186_de2_pio_keys4_gen/ --quartus_dir=/opt/altera/13.0sp1/quartus --verilog --config=/tmp/alt8160_4572262648240173868.dir/0186_de2_pio_keys4_gen//nios_system_de2_pio_keys4_component_configuration.pl  --do_build_sim=0  ]
Info: de2_pio_keys4: Done RTL generation for module 'nios_system_de2_pio_keys4'
Info: de2_pio_keys4: "nios_system" instantiated altera_avalon_pio "de2_pio_keys4"
Info: de2_pio_redled18: Starting RTL generation for module 'nios_system_de2_pio_redled18'
Info: de2_pio_redled18:   Generation command is [exec /opt/altera/13.0sp1/quartus/linux/perl/bin/perl -I /opt/altera/13.0sp1/quartus/common/ip/altera/common/perl/5.8.3 -I /opt/altera/13.0sp1/quartus/sopc_builder/bin/europa -I /opt/altera/13.0sp1/quartus/sopc_builder/bin/perl_lib -I /opt/altera/13.0sp1/quartus/sopc_builder/bin -I /opt/altera/13.0sp1/quartus/../ip/altera/sopc_builder_ip/common -I /opt/altera/13.0sp1/quartus/../ip/altera/sopc_builder_ip/altera_avalon_pio -- /opt/altera/13.0sp1/quartus/../ip/altera/sopc_builder_ip/altera_avalon_pio/generate_rtl.pl --name=nios_system_de2_pio_redled18 --dir=/tmp/alt8160_4572262648240173868.dir/0187_de2_pio_redled18_gen/ --quartus_dir=/opt/altera/13.0sp1/quartus --verilog --config=/tmp/alt8160_4572262648240173868.dir/0187_de2_pio_redled18_gen//nios_system_de2_pio_redled18_component_configuration.pl  --do_build_sim=0  ]
Info: de2_pio_redled18: Done RTL generation for module 'nios_system_de2_pio_redled18'
Info: de2_pio_redled18: "nios_system" instantiated altera_avalon_pio "de2_pio_redled18"
Info: de2_pio_greenled9: Starting RTL generation for module 'nios_system_de2_pio_greenled9'
Info: de2_pio_greenled9:   Generation command is [exec /opt/altera/13.0sp1/quartus/linux/perl/bin/perl -I /opt/altera/13.0sp1/quartus/common/ip/altera/common/perl/5.8.3 -I /opt/altera/13.0sp1/quartus/sopc_builder/bin/europa -I /opt/altera/13.0sp1/quartus/sopc_builder/bin/perl_lib -I /opt/altera/13.0sp1/quartus/sopc_builder/bin -I /opt/altera/13.0sp1/quartus/../ip/altera/sopc_builder_ip/common -I /opt/altera/13.0sp1/quartus/../ip/altera/sopc_builder_ip/altera_avalon_pio -- /opt/altera/13.0sp1/quartus/../ip/altera/sopc_builder_ip/altera_avalon_pio/generate_rtl.pl --name=nios_system_de2_pio_greenled9 --dir=/tmp/alt8160_4572262648240173868.dir/0188_de2_pio_greenled9_gen/ --quartus_dir=/opt/altera/13.0sp1/quartus --verilog --config=/tmp/alt8160_4572262648240173868.dir/0188_de2_pio_greenled9_gen//nios_system_de2_pio_greenled9_component_configuration.pl  --do_build_sim=0  ]
Info: de2_pio_greenled9: Done RTL generation for module 'nios_system_de2_pio_greenled9'
Info: de2_pio_greenled9: "nios_system" instantiated altera_avalon_pio "de2_pio_greenled9"
Info: de2_pio_hex_high28: Starting RTL generation for module 'nios_system_de2_pio_hex_high28'
Info: de2_pio_hex_high28:   Generation command is [exec /opt/altera/13.0sp1/quartus/linux/perl/bin/perl -I /opt/altera/13.0sp1/quartus/common/ip/altera/common/perl/5.8.3 -I /opt/altera/13.0sp1/quartus/sopc_builder/bin/europa -I /opt/altera/13.0sp1/quartus/sopc_builder/bin/perl_lib -I /opt/altera/13.0sp1/quartus/sopc_builder/bin -I /opt/altera/13.0sp1/quartus/../ip/altera/sopc_builder_ip/common -I /opt/altera/13.0sp1/quartus/../ip/altera/sopc_builder_ip/altera_avalon_pio -- /opt/altera/13.0sp1/quartus/../ip/altera/sopc_builder_ip/altera_avalon_pio/generate_rtl.pl --name=nios_system_de2_pio_hex_high28 --dir=/tmp/alt8160_4572262648240173868.dir/0189_de2_pio_hex_high28_gen/ --quartus_dir=/opt/altera/13.0sp1/quartus --verilog --config=/tmp/alt8160_4572262648240173868.dir/0189_de2_pio_hex_high28_gen//nios_system_de2_pio_hex_high28_component_configuration.pl  --do_build_sim=0  ]
Info: de2_pio_hex_high28: Done RTL generation for module 'nios_system_de2_pio_hex_high28'
Info: de2_pio_hex_high28: "nios_system" instantiated altera_avalon_pio "de2_pio_hex_high28"
Info: cpu_1: Starting RTL generation for module 'nios_system_cpu_1'
Info: cpu_1:   Generation command is [exec /opt/altera/13.0sp1/quartus/../ip/altera/nios2_ip/altera_nios2/eperl -I /opt/altera/13.0sp1/quartus/common/ip/altera/common/perl/5.8.3 -I /opt/altera/13.0sp1/quartus/sopc_builder/bin/europa -I /opt/altera/13.0sp1/quartus/sopc_builder/bin/perl_lib -I /opt/altera/13.0sp1/quartus/sopc_builder/bin -I /opt/altera/13.0sp1/quartus/../ip/altera/nios2_ip/altera_nios2/cpu_lib -I /opt/altera/13.0sp1/quartus/../ip/altera/nios2_ip/altera_nios2/nios_lib -I /opt/altera/13.0sp1/quartus/../ip/altera/nios2_ip/altera_nios2 -I /opt/altera/13.0sp1/quartus/../ip/altera/nios2_ip/altera_nios2 -- /opt/altera/13.0sp1/quartus/../ip/altera/nios2_ip/altera_nios2/generate_rtl.epl --name=nios_system_cpu_1 --dir=/tmp/alt8160_4572262648240173868.dir/0190_cpu_1_gen/ --quartus_dir=/opt/altera/13.0sp1/quartus --verilog --config=/tmp/alt8160_4572262648240173868.dir/0190_cpu_1_gen//nios_system_cpu_1_processor_configuration.pl  --do_build_sim=0    --bogus  ]
Info: cpu_1: # 2019.09.21 21:58:28 (*) Starting Nios II generation
Info: cpu_1: # 2019.09.21 21:58:28 (*)   Checking for plaintext license.
Info: cpu_1: # 2019.09.21 21:58:30 (*)   Couldn't query license setup in Quartus directory /opt/altera/13.0sp1/quartus
Info: cpu_1: # 2019.09.21 21:58:30 (*)   Defaulting to contents of LM_LICENSE_FILE environment variable
Info: cpu_1: # 2019.09.21 21:58:40 (*)   Plaintext license not found.
Info: cpu_1: # 2019.09.21 21:58:40 (*)   No license required to generate encrypted Nios II/e.
Info: cpu_1: # 2019.09.21 21:58:40 (*)   Elaborating CPU configuration settings
Info: cpu_1: # 2019.09.21 21:58:40 (*)   Creating all objects for CPU
Info: cpu_1: # 2019.09.21 21:58:42 (*)   Generating RTL from CPU objects
Info: cpu_1: # 2019.09.21 21:58:42 (*)   Creating plain-text RTL
Info: cpu_1: # 2019.09.21 21:58:47 (*) Done Nios II generation
Info: cpu_1: Done RTL generation for module 'nios_system_cpu_1'
Info: cpu_1: "nios_system" instantiated altera_nios2_qsys "cpu_1"
Info: cpu_2: Starting RTL generation for module 'nios_system_cpu_2'
Info: cpu_2:   Generation command is [exec /opt/altera/13.0sp1/quartus/../ip/altera/nios2_ip/altera_nios2/eperl -I /opt/altera/13.0sp1/quartus/common/ip/altera/common/perl/5.8.3 -I /opt/altera/13.0sp1/quartus/sopc_builder/bin/europa -I /opt/altera/13.0sp1/quartus/sopc_builder/bin/perl_lib -I /opt/altera/13.0sp1/quartus/sopc_builder/bin -I /opt/altera/13.0sp1/quartus/../ip/altera/nios2_ip/altera_nios2/cpu_lib -I /opt/altera/13.0sp1/quartus/../ip/altera/nios2_ip/altera_nios2/nios_lib -I /opt/altera/13.0sp1/quartus/../ip/altera/nios2_ip/altera_nios2 -I /opt/altera/13.0sp1/quartus/../ip/altera/nios2_ip/altera_nios2 -- /opt/altera/13.0sp1/quartus/../ip/altera/nios2_ip/altera_nios2/generate_rtl.epl --name=nios_system_cpu_2 --dir=/tmp/alt8160_4572262648240173868.dir/0191_cpu_2_gen/ --quartus_dir=/opt/altera/13.0sp1/quartus --verilog --config=/tmp/alt8160_4572262648240173868.dir/0191_cpu_2_gen//nios_system_cpu_2_processor_configuration.pl  --do_build_sim=0    --bogus  ]
Info: cpu_2: # 2019.09.21 21:58:47 (*) Starting Nios II generation
Info: cpu_2: # 2019.09.21 21:58:47 (*)   Checking for plaintext license.
Info: cpu_2: # 2019.09.21 21:58:48 (*)   Couldn't query license setup in Quartus directory /opt/altera/13.0sp1/quartus
Info: cpu_2: # 2019.09.21 21:58:48 (*)   Defaulting to contents of LM_LICENSE_FILE environment variable
Info: cpu_2: # 2019.09.21 21:58:58 (*)   Plaintext license not found.
Info: cpu_2: # 2019.09.21 21:58:58 (*)   No license required to generate encrypted Nios II/e.
Info: cpu_2: # 2019.09.21 21:58:58 (*)   Elaborating CPU configuration settings
Info: cpu_2: # 2019.09.21 21:58:59 (*)   Creating all objects for CPU
Info: cpu_2: # 2019.09.21 21:59:00 (*)   Generating RTL from CPU objects
Info: cpu_2: # 2019.09.21 21:59:00 (*)   Creating plain-text RTL
Info: cpu_2: # 2019.09.21 21:59:05 (*) Done Nios II generation
Info: cpu_2: Done RTL generation for module 'nios_system_cpu_2'
Info: cpu_2: "nios_system" instantiated altera_nios2_qsys "cpu_2"
Info: cpu_3: Starting RTL generation for module 'nios_system_cpu_3'
Info: cpu_3:   Generation command is [exec /opt/altera/13.0sp1/quartus/../ip/altera/nios2_ip/altera_nios2/eperl -I /opt/altera/13.0sp1/quartus/common/ip/altera/common/perl/5.8.3 -I /opt/altera/13.0sp1/quartus/sopc_builder/bin/europa -I /opt/altera/13.0sp1/quartus/sopc_builder/bin/perl_lib -I /opt/altera/13.0sp1/quartus/sopc_builder/bin -I /opt/altera/13.0sp1/quartus/../ip/altera/nios2_ip/altera_nios2/cpu_lib -I /opt/altera/13.0sp1/quartus/../ip/altera/nios2_ip/altera_nios2/nios_lib -I /opt/altera/13.0sp1/quartus/../ip/altera/nios2_ip/altera_nios2 -I /opt/altera/13.0sp1/quartus/../ip/altera/nios2_ip/altera_nios2 -- /opt/altera/13.0sp1/quartus/../ip/altera/nios2_ip/altera_nios2/generate_rtl.epl --name=nios_system_cpu_3 --dir=/tmp/alt8160_4572262648240173868.dir/0192_cpu_3_gen/ --quartus_dir=/opt/altera/13.0sp1/quartus --verilog --config=/tmp/alt8160_4572262648240173868.dir/0192_cpu_3_gen//nios_system_cpu_3_processor_configuration.pl  --do_build_sim=0    --bogus  ]
Info: cpu_3: # 2019.09.21 21:59:05 (*) Starting Nios II generation
Info: cpu_3: # 2019.09.21 21:59:05 (*)   Checking for plaintext license.
Info: cpu_3: # 2019.09.21 21:59:07 (*)   Couldn't query license setup in Quartus directory /opt/altera/13.0sp1/quartus
Info: cpu_3: # 2019.09.21 21:59:07 (*)   Defaulting to contents of LM_LICENSE_FILE environment variable
Info: cpu_3: # 2019.09.21 21:59:17 (*)   Plaintext license not found.
Info: cpu_3: # 2019.09.21 21:59:17 (*)   No license required to generate encrypted Nios II/e.
Info: cpu_3: # 2019.09.21 21:59:17 (*)   Elaborating CPU configuration settings
Info: cpu_3: # 2019.09.21 21:59:17 (*)   Creating all objects for CPU
Info: cpu_3: # 2019.09.21 21:59:19 (*)   Generating RTL from CPU objects
Info: cpu_3: # 2019.09.21 21:59:19 (*)   Creating plain-text RTL
Info: cpu_3: # 2019.09.21 21:59:23 (*) Done Nios II generation
Info: cpu_3: Done RTL generation for module 'nios_system_cpu_3'
Info: cpu_3: "nios_system" instantiated altera_nios2_qsys "cpu_3"
Info: cpu_0: Starting RTL generation for module 'nios_system_cpu_0'
Info: cpu_0:   Generation command is [exec /opt/altera/13.0sp1/quartus/../ip/altera/nios2_ip/altera_nios2/eperl -I /opt/altera/13.0sp1/quartus/common/ip/altera/common/perl/5.8.3 -I /opt/altera/13.0sp1/quartus/sopc_builder/bin/europa -I /opt/altera/13.0sp1/quartus/sopc_builder/bin/perl_lib -I /opt/altera/13.0sp1/quartus/sopc_builder/bin -I /opt/altera/13.0sp1/quartus/../ip/altera/nios2_ip/altera_nios2/cpu_lib -I /opt/altera/13.0sp1/quartus/../ip/altera/nios2_ip/altera_nios2/nios_lib -I /opt/altera/13.0sp1/quartus/../ip/altera/nios2_ip/altera_nios2 -I /opt/altera/13.0sp1/quartus/../ip/altera/nios2_ip/altera_nios2 -- /opt/altera/13.0sp1/quartus/../ip/altera/nios2_ip/altera_nios2/generate_rtl.epl --name=nios_system_cpu_0 --dir=/tmp/alt8160_4572262648240173868.dir/0193_cpu_0_gen/ --quartus_dir=/opt/altera/13.0sp1/quartus --verilog --config=/tmp/alt8160_4572262648240173868.dir/0193_cpu_0_gen//nios_system_cpu_0_processor_configuration.pl  --do_build_sim=0    --bogus  ]
Info: cpu_0: # 2019.09.21 21:59:24 (*) Starting Nios II generation
Info: cpu_0: # 2019.09.21 21:59:24 (*)   Checking for plaintext license.
Info: cpu_0: # 2019.09.21 21:59:25 (*)   Couldn't query license setup in Quartus directory /opt/altera/13.0sp1/quartus
Info: cpu_0: # 2019.09.21 21:59:25 (*)   Defaulting to contents of LM_LICENSE_FILE environment variable
Info: cpu_0: # 2019.09.21 21:59:35 (*)   Plaintext license not found.
Info: cpu_0: # 2019.09.21 21:59:35 (*)   No license required to generate encrypted Nios II/e.
Info: cpu_0: # 2019.09.21 21:59:35 (*)   Elaborating CPU configuration settings
Info: cpu_0: # 2019.09.21 21:59:35 (*)   Creating all objects for CPU
Info: cpu_0: # 2019.09.21 21:59:37 (*)   Generating RTL from CPU objects
Info: cpu_0: # 2019.09.21 21:59:37 (*)   Creating plain-text RTL
Info: cpu_0: # 2019.09.21 21:59:42 (*) Done Nios II generation
Info: cpu_0: Done RTL generation for module 'nios_system_cpu_0'
Info: cpu_0: "nios_system" instantiated altera_nios2_qsys "cpu_0"
Info: onchip_1: Starting RTL generation for module 'nios_system_onchip_1'
Info: onchip_1:   Generation command is [exec /opt/altera/13.0sp1/quartus/linux/perl/bin/perl -I /opt/altera/13.0sp1/quartus/common/ip/altera/common/perl/5.8.3 -I /opt/altera/13.0sp1/quartus/sopc_builder/bin/europa -I /opt/altera/13.0sp1/quartus/sopc_builder/bin/perl_lib -I /opt/altera/13.0sp1/quartus/sopc_builder/bin -I /opt/altera/13.0sp1/quartus/../ip/altera/sopc_builder_ip/common -I /opt/altera/13.0sp1/quartus/../ip/altera/sopc_builder_ip/altera_avalon_onchip_memory2 -- /opt/altera/13.0sp1/quartus/../ip/altera/sopc_builder_ip/altera_avalon_onchip_memory2/generate_rtl.pl --name=nios_system_onchip_1 --dir=/tmp/alt8160_4572262648240173868.dir/0194_onchip_1_gen/ --quartus_dir=/opt/altera/13.0sp1/quartus --verilog --config=/tmp/alt8160_4572262648240173868.dir/0194_onchip_1_gen//nios_system_onchip_1_component_configuration.pl  --do_build_sim=0  ]
Info: onchip_1: Done RTL generation for module 'nios_system_onchip_1'
Info: onchip_1: "nios_system" instantiated altera_avalon_onchip_memory2 "onchip_1"
Info: onchip_2: Starting RTL generation for module 'nios_system_onchip_2'
Info: onchip_2:   Generation command is [exec /opt/altera/13.0sp1/quartus/linux/perl/bin/perl -I /opt/altera/13.0sp1/quartus/common/ip/altera/common/perl/5.8.3 -I /opt/altera/13.0sp1/quartus/sopc_builder/bin/europa -I /opt/altera/13.0sp1/quartus/sopc_builder/bin/perl_lib -I /opt/altera/13.0sp1/quartus/sopc_builder/bin -I /opt/altera/13.0sp1/quartus/../ip/altera/sopc_builder_ip/common -I /opt/altera/13.0sp1/quartus/../ip/altera/sopc_builder_ip/altera_avalon_onchip_memory2 -- /opt/altera/13.0sp1/quartus/../ip/altera/sopc_builder_ip/altera_avalon_onchip_memory2/generate_rtl.pl --name=nios_system_onchip_2 --dir=/tmp/alt8160_4572262648240173868.dir/0195_onchip_2_gen/ --quartus_dir=/opt/altera/13.0sp1/quartus --verilog --config=/tmp/alt8160_4572262648240173868.dir/0195_onchip_2_gen//nios_system_onchip_2_component_configuration.pl  --do_build_sim=0  ]
Info: onchip_2: Done RTL generation for module 'nios_system_onchip_2'
Info: onchip_2: "nios_system" instantiated altera_avalon_onchip_memory2 "onchip_2"
Info: onchip_3: Starting RTL generation for module 'nios_system_onchip_3'
Info: onchip_3:   Generation command is [exec /opt/altera/13.0sp1/quartus/linux/perl/bin/perl -I /opt/altera/13.0sp1/quartus/common/ip/altera/common/perl/5.8.3 -I /opt/altera/13.0sp1/quartus/sopc_builder/bin/europa -I /opt/altera/13.0sp1/quartus/sopc_builder/bin/perl_lib -I /opt/altera/13.0sp1/quartus/sopc_builder/bin -I /opt/altera/13.0sp1/quartus/../ip/altera/sopc_builder_ip/common -I /opt/altera/13.0sp1/quartus/../ip/altera/sopc_builder_ip/altera_avalon_onchip_memory2 -- /opt/altera/13.0sp1/quartus/../ip/altera/sopc_builder_ip/altera_avalon_onchip_memory2/generate_rtl.pl --name=nios_system_onchip_3 --dir=/tmp/alt8160_4572262648240173868.dir/0196_onchip_3_gen/ --quartus_dir=/opt/altera/13.0sp1/quartus --verilog --config=/tmp/alt8160_4572262648240173868.dir/0196_onchip_3_gen//nios_system_onchip_3_component_configuration.pl  --do_build_sim=0  ]
Info: onchip_3: Done RTL generation for module 'nios_system_onchip_3'
Info: onchip_3: "nios_system" instantiated altera_avalon_onchip_memory2 "onchip_3"
Info: clocks: Starting Generation of Required Clocks for DE-Series Boards
Info: clocks: "nios_system" instantiated altera_up_clocks "clocks"
Info: nios_custom_instr_floating_point_0: "nios_system" instantiated altera_nios_custom_instr_floating_point "nios_custom_instr_floating_point_0"
Info: cpu_0_custom_instruction_master_translator: "nios_system" instantiated altera_customins_master_translator "cpu_0_custom_instruction_master_translator"
Info: cpu_0_custom_instruction_master_multi_xconnect: "nios_system" instantiated altera_customins_xconnect "cpu_0_custom_instruction_master_multi_xconnect"
Info: cpu_0_custom_instruction_master_multi_slave_translator0: "nios_system" instantiated altera_customins_slave_translator "cpu_0_custom_instruction_master_multi_slave_translator0"
Info: cpu_0_instruction_master_translator: "nios_system" instantiated altera_merlin_master_translator "cpu_0_instruction_master_translator"
Info: cpu_0_jtag_debug_module_translator: "nios_system" instantiated altera_merlin_slave_translator "cpu_0_jtag_debug_module_translator"
Info: cpu_0_instruction_master_translator_avalon_universal_master_0_agent: "nios_system" instantiated altera_merlin_master_agent "cpu_0_instruction_master_translator_avalon_universal_master_0_agent"
Info: cpu_0_jtag_debug_module_translator_avalon_universal_slave_0_agent: "nios_system" instantiated altera_merlin_slave_agent "cpu_0_jtag_debug_module_translator_avalon_universal_slave_0_agent"
Info: cpu_0_jtag_debug_module_translator_avalon_universal_slave_0_agent_rsp_fifo: "nios_system" instantiated altera_avalon_sc_fifo "cpu_0_jtag_debug_module_translator_avalon_universal_slave_0_agent_rsp_fifo"
Info: addr_router: "nios_system" instantiated altera_merlin_router "addr_router"
Info: addr_router_001: "nios_system" instantiated altera_merlin_router "addr_router_001"
Info: addr_router_002: "nios_system" instantiated altera_merlin_router "addr_router_002"
Info: addr_router_003: "nios_system" instantiated altera_merlin_router "addr_router_003"
Info: addr_router_004: "nios_system" instantiated altera_merlin_router "addr_router_004"
Info: addr_router_005: "nios_system" instantiated altera_merlin_router "addr_router_005"
Info: addr_router_006: "nios_system" instantiated altera_merlin_router "addr_router_006"
Info: addr_router_007: "nios_system" instantiated altera_merlin_router "addr_router_007"
Info: id_router: "nios_system" instantiated altera_merlin_router "id_router"
Info: id_router_001: "nios_system" instantiated altera_merlin_router "id_router_001"
Info: id_router_002: "nios_system" instantiated altera_merlin_router "id_router_002"
Info: id_router_003: "nios_system" instantiated altera_merlin_router "id_router_003"
Info: id_router_014: "nios_system" instantiated altera_merlin_router "id_router_014"
Info: id_router_015: "nios_system" instantiated altera_merlin_router "id_router_015"
Info: id_router_018: "nios_system" instantiated altera_merlin_router "id_router_018"
Info: id_router_019: "nios_system" instantiated altera_merlin_router "id_router_019"
Info: id_router_022: "nios_system" instantiated altera_merlin_router "id_router_022"
Info: id_router_023: "nios_system" instantiated altera_merlin_router "id_router_023"
Info: burst_adapter: "nios_system" instantiated altera_merlin_burst_adapter "burst_adapter"
Info: rst_controller: "nios_system" instantiated altera_reset_controller "rst_controller"
Info: cmd_xbar_demux: "nios_system" instantiated altera_merlin_demultiplexer "cmd_xbar_demux"
Info: cmd_xbar_demux_001: "nios_system" instantiated altera_merlin_demultiplexer "cmd_xbar_demux_001"
Info: cmd_xbar_demux_002: "nios_system" instantiated altera_merlin_demultiplexer "cmd_xbar_demux_002"
Info: cmd_xbar_mux: "nios_system" instantiated altera_merlin_multiplexer "cmd_xbar_mux"
Info: cmd_xbar_mux_002: "nios_system" instantiated altera_merlin_multiplexer "cmd_xbar_mux_002"
Info: Reusing file /home/student/Desktop/IL2202_Project/quartus/H4_/nios_system/synthesis/submodules/altera_merlin_arbitrator.sv
Info: rsp_xbar_demux: "nios_system" instantiated altera_merlin_demultiplexer "rsp_xbar_demux"
Info: rsp_xbar_demux_002: "nios_system" instantiated altera_merlin_demultiplexer "rsp_xbar_demux_002"
Info: rsp_xbar_demux_003: "nios_system" instantiated altera_merlin_demultiplexer "rsp_xbar_demux_003"
Info: rsp_xbar_mux: "nios_system" instantiated altera_merlin_multiplexer "rsp_xbar_mux"
Info: Reusing file /home/student/Desktop/IL2202_Project/quartus/H4_/nios_system/synthesis/submodules/altera_merlin_arbitrator.sv
Info: rsp_xbar_mux_001: "nios_system" instantiated altera_merlin_multiplexer "rsp_xbar_mux_001"
Info: Reusing file /home/student/Desktop/IL2202_Project/quartus/H4_/nios_system/synthesis/submodules/altera_merlin_arbitrator.sv
Info: rsp_xbar_mux_002: "nios_system" instantiated altera_merlin_multiplexer "rsp_xbar_mux_002"
Info: Reusing file /home/student/Desktop/IL2202_Project/quartus/H4_/nios_system/synthesis/submodules/altera_merlin_arbitrator.sv
Info: width_adapter: "nios_system" instantiated altera_merlin_width_adapter "width_adapter"
Info: Reusing file /home/student/Desktop/IL2202_Project/quartus/H4_/nios_system/synthesis/submodules/altera_merlin_address_alignment.sv
Info: Reusing file /home/student/Desktop/IL2202_Project/quartus/H4_/nios_system/synthesis/submodules/altera_merlin_burst_uncompressor.sv
Info: irq_mapper: "nios_system" instantiated altera_irq_mapper "irq_mapper"
Info: irq_mapper_003: "nios_system" instantiated altera_irq_mapper "irq_mapper_003"
Info: nios_system: Done nios_system" with 64 modules, 398 files, 10194426 bytes
Info: ip-generate succeeded.
Info: Finished: Create HDL design files for synthesis
