Archive member included because of file (symbol)

/opt/altera/13.0sp1/nios2eds/bin/gnu/H-i686-pc-linux-gnu/bin/../lib/gcc/nios2-elf/4.1.2/mno-hw-mul/libgcc.a(lib2-mul.o)
                              obj/default/src_1/cpu_1.o (__mulsi3)
/opt/altera/13.0sp1/nios2eds/bin/gnu/H-i686-pc-linux-gnu/bin/../lib/gcc/nios2-elf/4.1.2/../../../../nios2-elf/lib/mno-hw-mul/libsmallc.a(lib_a-printf.o)
                              obj/default/src_1/cpu_1.o (printf)
/opt/altera/13.0sp1/nios2eds/bin/gnu/H-i686-pc-linux-gnu/bin/../lib/gcc/nios2-elf/4.1.2/../../../../nios2-elf/lib/mno-hw-mul/libsmallc.a(lib_a-puts.o)
                              obj/default/src_1/cpu_1.o (puts)
/opt/altera/13.0sp1/nios2eds/bin/gnu/H-i686-pc-linux-gnu/bin/../lib/gcc/nios2-elf/4.1.2/../../../../nios2-elf/lib/mno-hw-mul/libsmallc.a(lib_a-strlen.o)
                              /opt/altera/13.0sp1/nios2eds/bin/gnu/H-i686-pc-linux-gnu/bin/../lib/gcc/nios2-elf/4.1.2/../../../../nios2-elf/lib/mno-hw-mul/libsmallc.a(lib_a-puts.o) (strlen)
/opt/altera/13.0sp1/nios2eds/bin/gnu/H-i686-pc-linux-gnu/bin/../lib/gcc/nios2-elf/4.1.2/../../../../nios2-elf/lib/mno-hw-mul/libsmallc.a(lib_a-vfprintf.o)
                              /opt/altera/13.0sp1/nios2eds/bin/gnu/H-i686-pc-linux-gnu/bin/../lib/gcc/nios2-elf/4.1.2/../../../../nios2-elf/lib/mno-hw-mul/libsmallc.a(lib_a-printf.o) (___vfprintf_internal_r)
/opt/altera/13.0sp1/nios2eds/bin/gnu/H-i686-pc-linux-gnu/bin/../lib/gcc/nios2-elf/4.1.2/../../../../nios2-elf/lib/mno-hw-mul/libsmallc.a(lib_a-fvwrite_small_dev.o)
                              /opt/altera/13.0sp1/nios2eds/bin/gnu/H-i686-pc-linux-gnu/bin/../lib/gcc/nios2-elf/4.1.2/../../../../nios2-elf/lib/mno-hw-mul/libsmallc.a(lib_a-printf.o) (__sfvwrite_small_dev)
/opt/altera/13.0sp1/nios2eds/bin/gnu/H-i686-pc-linux-gnu/bin/../lib/gcc/nios2-elf/4.1.2/../../../../nios2-elf/lib/mno-hw-mul/libsmallc.a(lib_a-impure.o)
                              /opt/altera/13.0sp1/nios2eds/bin/gnu/H-i686-pc-linux-gnu/bin/../lib/gcc/nios2-elf/4.1.2/../../../../nios2-elf/lib/mno-hw-mul/libsmallc.a(lib_a-printf.o) (_impure_ptr)
/opt/altera/13.0sp1/nios2eds/bin/gnu/H-i686-pc-linux-gnu/bin/../lib/gcc/nios2-elf/4.1.2/../../../../nios2-elf/lib/mno-hw-mul/libsmallc.a(lib_a-writer.o)
                              /opt/altera/13.0sp1/nios2eds/bin/gnu/H-i686-pc-linux-gnu/bin/../lib/gcc/nios2-elf/4.1.2/../../../../nios2-elf/lib/mno-hw-mul/libsmallc.a(lib_a-fvwrite_small_dev.o) (_write_r)
/opt/altera/13.0sp1/nios2eds/bin/gnu/H-i686-pc-linux-gnu/bin/../lib/gcc/nios2-elf/4.1.2/../../../../nios2-elf/lib/mno-hw-mul/libsmallc.a(lib_a-int_errno.o)
                              /opt/altera/13.0sp1/nios2eds/bin/gnu/H-i686-pc-linux-gnu/bin/../lib/gcc/nios2-elf/4.1.2/../../../../nios2-elf/lib/mno-hw-mul/libsmallc.a(lib_a-writer.o) (errno)
/opt/altera/13.0sp1/nios2eds/bin/gnu/H-i686-pc-linux-gnu/bin/../lib/gcc/nios2-elf/4.1.2/mno-hw-mul/libgcc.a(lib2-divmod.o)
                              /opt/altera/13.0sp1/nios2eds/bin/gnu/H-i686-pc-linux-gnu/bin/../lib/gcc/nios2-elf/4.1.2/../../../../nios2-elf/lib/mno-hw-mul/libsmallc.a(lib_a-vfprintf.o) (__udivsi3)
../../bsp/mpsoc_hello_mpsoc_1//libhal_bsp.a(alt_load.o)
                              ../../bsp/mpsoc_hello_mpsoc_1//obj/HAL/src/crt0.o (alt_load)
../../bsp/mpsoc_hello_mpsoc_1//libhal_bsp.a(alt_main.o)
                              ../../bsp/mpsoc_hello_mpsoc_1//obj/HAL/src/crt0.o (alt_main)
../../bsp/mpsoc_hello_mpsoc_1//libhal_bsp.a(alt_write.o)
                              /opt/altera/13.0sp1/nios2eds/bin/gnu/H-i686-pc-linux-gnu/bin/../lib/gcc/nios2-elf/4.1.2/../../../../nios2-elf/lib/mno-hw-mul/libsmallc.a(lib_a-writer.o) (write)
../../bsp/mpsoc_hello_mpsoc_1//libhal_bsp.a(alt_sys_init.o)
                              ../../bsp/mpsoc_hello_mpsoc_1//libhal_bsp.a(alt_main.o) (alt_sys_init)
../../bsp/mpsoc_hello_mpsoc_1//libhal_bsp.a(altera_avalon_jtag_uart_write.o)
                              ../../bsp/mpsoc_hello_mpsoc_1//libhal_bsp.a(alt_write.o) (altera_avalon_jtag_uart_write)
../../bsp/mpsoc_hello_mpsoc_1//libhal_bsp.a(altera_avalon_timer_vars.o)
                              ../../bsp/mpsoc_hello_mpsoc_1//libhal_bsp.a(alt_sys_init.o) (altera_avalon_timer_ts_base)
../../bsp/mpsoc_hello_mpsoc_1//libhal_bsp.a(alt_dcache_flush_all.o)
                              ../../bsp/mpsoc_hello_mpsoc_1//libhal_bsp.a(alt_load.o) (alt_dcache_flush_all)
../../bsp/mpsoc_hello_mpsoc_1//libhal_bsp.a(alt_errno.o)
                              ../../bsp/mpsoc_hello_mpsoc_1//libhal_bsp.a(alt_write.o) (alt_errno)
../../bsp/mpsoc_hello_mpsoc_1//libhal_bsp.a(alt_icache_flush_all.o)
                              ../../bsp/mpsoc_hello_mpsoc_1//libhal_bsp.a(alt_load.o) (alt_icache_flush_all)
../../bsp/mpsoc_hello_mpsoc_1//libhal_bsp.a(altera_nios2_qsys_irq.o)
                              ../../bsp/mpsoc_hello_mpsoc_1//libhal_bsp.a(alt_sys_init.o) (altera_nios2_qsys_irq_init)

Allocating common symbols
Common symbol       size              file

fac10               0x4               obj/default/src_1/cpu_1.o
errno               0x4               /opt/altera/13.0sp1/nios2eds/bin/gnu/H-i686-pc-linux-gnu/bin/../lib/gcc/nios2-elf/4.1.2/../../../../nios2-elf/lib/mno-hw-mul/libsmallc.a(lib_a-int_errno.o)
fac15               0x4               obj/default/src_1/cpu_1.o
fac5                0x4               obj/default/src_1/cpu_1.o

Memory Configuration

Name             Origin             Length             Attributes
sdram            0x00800000         0x00800000
sram             0x01080000         0x00080000
reset            0x01110000         0x00000020
onchip_1         0x01110020         0x0000ffe0
*default*        0x00000000         0xffffffff

Linker script and memory map

LOAD ../../bsp/mpsoc_hello_mpsoc_1//obj/HAL/src/crt0.o
                0x0111000c                exit = _exit
LOAD obj/default/src_1/cpu_1.o
LOAD obj/default/src_1/delay_asm.o
LOAD /opt/altera/13.0sp1/nios2eds/bin/gnu/H-i686-pc-linux-gnu/bin/../lib/gcc/nios2-elf/4.1.2/../../../../nios2-elf/lib/mno-hw-mul/libstdc++.a
LOAD /opt/altera/13.0sp1/nios2eds/bin/gnu/H-i686-pc-linux-gnu/bin/../lib/gcc/nios2-elf/4.1.2/../../../../nios2-elf/lib/mno-hw-mul/libm.a
LOAD /opt/altera/13.0sp1/nios2eds/bin/gnu/H-i686-pc-linux-gnu/bin/../lib/gcc/nios2-elf/4.1.2/mno-hw-mul/libgcc.a
START GROUP
LOAD /opt/altera/13.0sp1/nios2eds/bin/gnu/H-i686-pc-linux-gnu/bin/../lib/gcc/nios2-elf/4.1.2/../../../../nios2-elf/lib/mno-hw-mul/libsmallc.a
LOAD /opt/altera/13.0sp1/nios2eds/bin/gnu/H-i686-pc-linux-gnu/bin/../lib/gcc/nios2-elf/4.1.2/mno-hw-mul/libgcc.a
LOAD ../../bsp/mpsoc_hello_mpsoc_1//libhal_bsp.a
END GROUP
LOAD /opt/altera/13.0sp1/nios2eds/bin/gnu/H-i686-pc-linux-gnu/bin/../lib/gcc/nios2-elf/4.1.2/mno-hw-mul/libgcc.a
                0x00800000                __alt_mem_sdram = 0x800000
                0x01080000                __alt_mem_sram = 0x1080000
                0x01110000                __alt_mem_onchip_1 = 0x1110000

.entry          0x01110000       0x20
 *(.entry)
 .entry         0x01110000       0x20 ../../bsp/mpsoc_hello_mpsoc_1//obj/HAL/src/crt0.o
                0x01110000                __reset
                0x0111000c                _exit

.exceptions     0x01110020        0x0
                0x01110020                PROVIDE (__ram_exceptions_start, ABSOLUTE (.))
                0x01110020                . = ALIGN (0x20)
 *(.irq)
 *(.exceptions.entry.label)
 *(.exceptions.entry.user)
 *(.exceptions.entry)
 *(.exceptions.irqtest.user)
 *(.exceptions.irqtest)
 *(.exceptions.irqhandler.user)
 *(.exceptions.irqhandler)
 *(.exceptions.irqreturn.user)
 *(.exceptions.irqreturn)
 *(.exceptions.notirq.label)
 *(.exceptions.notirq.user)
 *(.exceptions.notirq)
 *(.exceptions.soft.user)
 *(.exceptions.soft)
 *(.exceptions.unknown.user)
 *(.exceptions.unknown)
 *(.exceptions.exit.label)
 *(.exceptions.exit.user)
 *(.exceptions.exit)
 *(.exceptions)
                0x01110020                PROVIDE (__ram_exceptions_end, ABSOLUTE (.))
                0x01110020                PROVIDE (__flash_exceptions_start, LOADADDR (.exceptions))

.text           0x01110020      0xe58
                0x01110020                PROVIDE (stext, ABSOLUTE (.))
 *(.interp)
 *(.hash)
 *(.dynsym)
 *(.dynstr)
 *(.gnu.version)
 *(.gnu.version_d)
 *(.gnu.version_r)
 *(.rel.init)
 *(.rela.init)
 *(.rel.text .rel.text.* .rel.gnu.linkonce.t.*)
 *(.rela.text .rela.text.* .rela.gnu.linkonce.t.*)
 *(.rel.fini)
 *(.rela.fini)
 *(.rel.rodata .rel.rodata.* .rel.gnu.linkonce.r.*)
 *(.rela.rodata .rela.rodata.* .rela.gnu.linkonce.r.*)
 *(.rel.data .rel.data.* .rel.gnu.linkonce.d.*)
 *(.rela.data .rela.data.* .rela.gnu.linkonce.d.*)
 *(.rel.tdata .rel.tdata.* .rel.gnu.linkonce.td.*)
 *(.rela.tdata .rela.tdata.* .rela.gnu.linkonce.td.*)
 *(.rel.tbss .rel.tbss.* .rel.gnu.linkonce.tb.*)
 *(.rela.tbss .rela.tbss.* .rela.gnu.linkonce.tb.*)
 *(.rel.ctors)
 *(.rela.ctors)
 *(.rel.dtors)
 *(.rela.dtors)
 *(.rel.got)
 *(.rela.got)
 *(.rel.sdata .rel.sdata.* .rel.gnu.linkonce.s.*)
 *(.rela.sdata .rela.sdata.* .rela.gnu.linkonce.s.*)
 *(.rel.sbss .rel.sbss.* .rel.gnu.linkonce.sb.*)
 *(.rela.sbss .rela.sbss.* .rela.gnu.linkonce.sb.*)
 *(.rel.sdata2 .rel.sdata2.* .rel.gnu.linkonce.s2.*)
 *(.rela.sdata2 .rela.sdata2.* .rela.gnu.linkonce.s2.*)
 *(.rel.sbss2 .rel.sbss2.* .rel.gnu.linkonce.sb2.*)
 *(.rela.sbss2 .rela.sbss2.* .rela.gnu.linkonce.sb2.*)
 *(.rel.bss .rel.bss.* .rel.gnu.linkonce.b.*)
 *(.rela.bss .rela.bss.* .rela.gnu.linkonce.b.*)
 *(.rel.plt)
 *(.rela.plt)
 *(.rel.dyn)
 *(.init)
 *(.plt)
 *(.text .stub .text.* .gnu.linkonce.t.*)
 .text          0x01110020       0x3c ../../bsp/mpsoc_hello_mpsoc_1//obj/HAL/src/crt0.o
                0x01110020                _start
 .text          0x0111005c       0xe8 obj/default/src_1/cpu_1.o
                0x0111005c                factorial
                0x011100a4                main
 .text          0x01110144       0x20 obj/default/src_1/delay_asm.o
                0x01110144                delay
 .text          0x01110164       0x38 /opt/altera/13.0sp1/nios2eds/bin/gnu/H-i686-pc-linux-gnu/bin/../lib/gcc/nios2-elf/4.1.2/mno-hw-mul/libgcc.a(lib2-mul.o)
                0x01110164                __mulsi3
 .text          0x0111019c       0x98 /opt/altera/13.0sp1/nios2eds/bin/gnu/H-i686-pc-linux-gnu/bin/../lib/gcc/nios2-elf/4.1.2/../../../../nios2-elf/lib/mno-hw-mul/libsmallc.a(lib_a-printf.o)
                0x0111019c                printf
                0x011101f0                _printf_r
 .text          0x01110234       0xa4 /opt/altera/13.0sp1/nios2eds/bin/gnu/H-i686-pc-linux-gnu/bin/../lib/gcc/nios2-elf/4.1.2/../../../../nios2-elf/lib/mno-hw-mul/libsmallc.a(lib_a-puts.o)
                0x01110234                _puts_r
                0x011102c4                puts
 .text          0x011102d8       0x20 /opt/altera/13.0sp1/nios2eds/bin/gnu/H-i686-pc-linux-gnu/bin/../lib/gcc/nios2-elf/4.1.2/../../../../nios2-elf/lib/mno-hw-mul/libsmallc.a(lib_a-strlen.o)
                0x011102d8                strlen
 .text          0x011102f8      0x740 /opt/altera/13.0sp1/nios2eds/bin/gnu/H-i686-pc-linux-gnu/bin/../lib/gcc/nios2-elf/4.1.2/../../../../nios2-elf/lib/mno-hw-mul/libsmallc.a(lib_a-vfprintf.o)
                0x01110378                ___vfprintf_internal_r
                0x01110a14                __vfprintf_internal
 .text          0x01110a38       0xbc /opt/altera/13.0sp1/nios2eds/bin/gnu/H-i686-pc-linux-gnu/bin/../lib/gcc/nios2-elf/4.1.2/../../../../nios2-elf/lib/mno-hw-mul/libsmallc.a(lib_a-fvwrite_small_dev.o)
                0x01110a38                __sfvwrite_small_dev
 .text          0x01110af4        0x0 /opt/altera/13.0sp1/nios2eds/bin/gnu/H-i686-pc-linux-gnu/bin/../lib/gcc/nios2-elf/4.1.2/../../../../nios2-elf/lib/mno-hw-mul/libsmallc.a(lib_a-impure.o)
 .text          0x01110af4       0x78 /opt/altera/13.0sp1/nios2eds/bin/gnu/H-i686-pc-linux-gnu/bin/../lib/gcc/nios2-elf/4.1.2/../../../../nios2-elf/lib/mno-hw-mul/libsmallc.a(lib_a-writer.o)
                0x01110af4                _write_r
 .text          0x01110b6c        0x0 /opt/altera/13.0sp1/nios2eds/bin/gnu/H-i686-pc-linux-gnu/bin/../lib/gcc/nios2-elf/4.1.2/../../../../nios2-elf/lib/mno-hw-mul/libsmallc.a(lib_a-int_errno.o)
 .text          0x01110b6c      0x14c /opt/altera/13.0sp1/nios2eds/bin/gnu/H-i686-pc-linux-gnu/bin/../lib/gcc/nios2-elf/4.1.2/mno-hw-mul/libgcc.a(lib2-divmod.o)
                0x01110be8                __divsi3
                0x01110c48                __modsi3
                0x01110ca8                __udivsi3
                0x01110cb0                __umodsi3
 .text          0x01110cb8       0x8c ../../bsp/mpsoc_hello_mpsoc_1//libhal_bsp.a(alt_load.o)
                0x01110cd8                alt_load
 .text          0x01110d44       0x2c ../../bsp/mpsoc_hello_mpsoc_1//libhal_bsp.a(alt_main.o)
                0x01110d44                alt_main
 .text          0x01110d70       0x78 ../../bsp/mpsoc_hello_mpsoc_1//libhal_bsp.a(alt_write.o)
                0x01110d70                write
 .text          0x01110de8       0x4c ../../bsp/mpsoc_hello_mpsoc_1//libhal_bsp.a(alt_sys_init.o)
                0x01110de8                alt_sys_init
                0x01110e14                alt_irq_init
 .text          0x01110e34       0x34 ../../bsp/mpsoc_hello_mpsoc_1//libhal_bsp.a(altera_avalon_jtag_uart_write.o)
                0x01110e34                altera_avalon_jtag_uart_write
 .text          0x01110e68        0x0 ../../bsp/mpsoc_hello_mpsoc_1//libhal_bsp.a(altera_avalon_timer_vars.o)
 .text          0x01110e68        0x4 ../../bsp/mpsoc_hello_mpsoc_1//libhal_bsp.a(alt_dcache_flush_all.o)
                0x01110e68                alt_dcache_flush_all
 .text          0x01110e6c        0x0 ../../bsp/mpsoc_hello_mpsoc_1//libhal_bsp.a(alt_errno.o)
 .text          0x01110e6c        0x4 ../../bsp/mpsoc_hello_mpsoc_1//libhal_bsp.a(alt_icache_flush_all.o)
                0x01110e6c                alt_icache_flush_all
 .text          0x01110e70        0x8 ../../bsp/mpsoc_hello_mpsoc_1//libhal_bsp.a(altera_nios2_qsys_irq.o)
                0x01110e70                altera_nios2_qsys_irq_init
 *(.gnu.warning.*)
 *(.fini)
                0x01110e78                PROVIDE (__etext, ABSOLUTE (.))
                0x01110e78                PROVIDE (_etext, ABSOLUTE (.))
                0x01110e78                PROVIDE (etext, ABSOLUTE (.))
 *(.eh_frame_hdr)
                0x01110e78                . = ALIGN (0x4)
                0x01110e78                PROVIDE (__preinit_array_start, ABSOLUTE (.))
 *(.preinit_array)
                0x01110e78                PROVIDE (__preinit_array_end, ABSOLUTE (.))
                0x01110e78                PROVIDE (__init_array_start, ABSOLUTE (.))
 *(.init_array)
                0x01110e78                PROVIDE (__init_array_end, ABSOLUTE (.))
                0x01110e78                PROVIDE (__fini_array_start, ABSOLUTE (.))
 *(.fini_array)
                0x01110e78                PROVIDE (__fini_array_end, ABSOLUTE (.))
 *(.eh_frame)
 *(.gcc_except_table)
 *(.dynamic)
                0x01110e78                PROVIDE (__CTOR_LIST__, ABSOLUTE (.))
 *(.ctors)
 *(SORT(.ctors.*))
                0x01110e78                PROVIDE (__CTOR_END__, ABSOLUTE (.))
                0x01110e78                PROVIDE (__DTOR_LIST__, ABSOLUTE (.))
 *(.dtors)
 *(SORT(.dtors.*))
                0x01110e78                PROVIDE (__DTOR_END__, ABSOLUTE (.))
 *(.jcr)
                0x01110e78                . = ALIGN (0x4)

.rodata         0x01110e78       0x80
                0x01110e78                PROVIDE (__ram_rodata_start, ABSOLUTE (.))
                0x01110e78                . = ALIGN (0x4)
 *(.rodata .rodata.* .gnu.linkonce.r.*)
 .rodata.str1.4
                0x01110e78       0x7e obj/default/src_1/cpu_1.o
                                 0x80 (size before relaxing)
 .rodata.str1.4
                0x00000000       0x80 /opt/altera/13.0sp1/nios2eds/bin/gnu/H-i686-pc-linux-gnu/bin/../lib/gcc/nios2-elf/4.1.2/../../../../nios2-elf/lib/mno-hw-mul/libsmallc.a(lib_a-puts.o)
                                  0x4 (size before relaxing)
 *(.rodata1)
                0x01110ef8                . = ALIGN (0x4)
 *fill*         0x01110ef6        0x2 00
                0x01110ef8                PROVIDE (__ram_rodata_end, ABSOLUTE (.))
                0x01110e78                PROVIDE (__flash_rodata_start, LOADADDR (.rodata))

.rwdata         0x01110ef8       0xf0 load address 0x01110fe8
                0x01110ef8                PROVIDE (__ram_rwdata_start, ABSOLUTE (.))
                0x01110ef8                . = ALIGN (0x4)
 *(.got.plt)
 *(.got)
 *(.data1)
 *(.data .data.* .gnu.linkonce.d.*)
 .data          0x01110ef8        0x0 ../../bsp/mpsoc_hello_mpsoc_1//obj/HAL/src/crt0.o
 .data          0x01110ef8        0x0 obj/default/src_1/cpu_1.o
 .data          0x01110ef8        0x0 obj/default/src_1/delay_asm.o
 .data          0x01110ef8        0x0 /opt/altera/13.0sp1/nios2eds/bin/gnu/H-i686-pc-linux-gnu/bin/../lib/gcc/nios2-elf/4.1.2/mno-hw-mul/libgcc.a(lib2-mul.o)
 .data          0x01110ef8        0x0 /opt/altera/13.0sp1/nios2eds/bin/gnu/H-i686-pc-linux-gnu/bin/../lib/gcc/nios2-elf/4.1.2/../../../../nios2-elf/lib/mno-hw-mul/libsmallc.a(lib_a-printf.o)
 .data          0x01110ef8        0x0 /opt/altera/13.0sp1/nios2eds/bin/gnu/H-i686-pc-linux-gnu/bin/../lib/gcc/nios2-elf/4.1.2/../../../../nios2-elf/lib/mno-hw-mul/libsmallc.a(lib_a-puts.o)
 .data          0x01110ef8        0x0 /opt/altera/13.0sp1/nios2eds/bin/gnu/H-i686-pc-linux-gnu/bin/../lib/gcc/nios2-elf/4.1.2/../../../../nios2-elf/lib/mno-hw-mul/libsmallc.a(lib_a-strlen.o)
 .data          0x01110ef8        0x0 /opt/altera/13.0sp1/nios2eds/bin/gnu/H-i686-pc-linux-gnu/bin/../lib/gcc/nios2-elf/4.1.2/../../../../nios2-elf/lib/mno-hw-mul/libsmallc.a(lib_a-vfprintf.o)
 .data          0x01110ef8        0x0 /opt/altera/13.0sp1/nios2eds/bin/gnu/H-i686-pc-linux-gnu/bin/../lib/gcc/nios2-elf/4.1.2/../../../../nios2-elf/lib/mno-hw-mul/libsmallc.a(lib_a-fvwrite_small_dev.o)
 .data          0x01110ef8       0xe0 /opt/altera/13.0sp1/nios2eds/bin/gnu/H-i686-pc-linux-gnu/bin/../lib/gcc/nios2-elf/4.1.2/../../../../nios2-elf/lib/mno-hw-mul/libsmallc.a(lib_a-impure.o)
 .data          0x01110fd8        0x0 /opt/altera/13.0sp1/nios2eds/bin/gnu/H-i686-pc-linux-gnu/bin/../lib/gcc/nios2-elf/4.1.2/../../../../nios2-elf/lib/mno-hw-mul/libsmallc.a(lib_a-writer.o)
 .data          0x01110fd8        0x0 /opt/altera/13.0sp1/nios2eds/bin/gnu/H-i686-pc-linux-gnu/bin/../lib/gcc/nios2-elf/4.1.2/../../../../nios2-elf/lib/mno-hw-mul/libsmallc.a(lib_a-int_errno.o)
 .data          0x01110fd8        0x0 /opt/altera/13.0sp1/nios2eds/bin/gnu/H-i686-pc-linux-gnu/bin/../lib/gcc/nios2-elf/4.1.2/mno-hw-mul/libgcc.a(lib2-divmod.o)
 .data          0x01110fd8        0x0 ../../bsp/mpsoc_hello_mpsoc_1//libhal_bsp.a(alt_load.o)
 .data          0x01110fd8        0x0 ../../bsp/mpsoc_hello_mpsoc_1//libhal_bsp.a(alt_main.o)
 .data          0x01110fd8        0x0 ../../bsp/mpsoc_hello_mpsoc_1//libhal_bsp.a(alt_write.o)
 .data          0x01110fd8        0x0 ../../bsp/mpsoc_hello_mpsoc_1//libhal_bsp.a(alt_sys_init.o)
 .data          0x01110fd8        0x0 ../../bsp/mpsoc_hello_mpsoc_1//libhal_bsp.a(altera_avalon_jtag_uart_write.o)
 .data          0x01110fd8        0x0 ../../bsp/mpsoc_hello_mpsoc_1//libhal_bsp.a(altera_avalon_timer_vars.o)
 .data          0x01110fd8        0x0 ../../bsp/mpsoc_hello_mpsoc_1//libhal_bsp.a(alt_dcache_flush_all.o)
 .data          0x01110fd8        0x0 ../../bsp/mpsoc_hello_mpsoc_1//libhal_bsp.a(alt_errno.o)
 .data          0x01110fd8        0x0 ../../bsp/mpsoc_hello_mpsoc_1//libhal_bsp.a(alt_icache_flush_all.o)
 .data          0x01110fd8        0x0 ../../bsp/mpsoc_hello_mpsoc_1//libhal_bsp.a(altera_nios2_qsys_irq.o)
                0x01118fd8                _gp = ABSOLUTE ((. + 0x8000))
                0x01118fd8                PROVIDE (gp, _gp)
 *(.rwdata .rwdata.*)
 *(.sdata .sdata.* .gnu.linkonce.s.*)
 .sdata         0x01110fd8        0x8 /opt/altera/13.0sp1/nios2eds/bin/gnu/H-i686-pc-linux-gnu/bin/../lib/gcc/nios2-elf/4.1.2/../../../../nios2-elf/lib/mno-hw-mul/libsmallc.a(lib_a-impure.o)
                0x01110fd8                _impure_ptr
                0x01110fdc                _global_impure_ptr
 .sdata         0x01110fe0        0x4 ../../bsp/mpsoc_hello_mpsoc_1//libhal_bsp.a(alt_sys_init.o)
                0x01110fe0                jtag_uart_1
 .sdata         0x01110fe4        0x4 ../../bsp/mpsoc_hello_mpsoc_1//libhal_bsp.a(alt_errno.o)
                0x01110fe4                alt_errno
 *(.sdata2 .sdata2.* .gnu.linkonce.s2.*)
                0x01110fe8                . = ALIGN (0x4)
                0x01110fe8                _edata = ABSOLUTE (.)
                0x01110fe8                PROVIDE (edata, ABSOLUTE (.))
                0x01110fe8                PROVIDE (__ram_rwdata_end, ABSOLUTE (.))
                0x01110fe8                PROVIDE (__flash_rwdata_start, LOADADDR (.rwdata))

.bss            0x011110d8       0x24
                0x011110d8                __bss_start = ABSOLUTE (.)
                0x011110d8                PROVIDE (__sbss_start, ABSOLUTE (.))
                0x011110d8                PROVIDE (___sbss_start, ABSOLUTE (.))
 *(.dynsbss)
 *(.sbss .sbss.* .gnu.linkonce.sb.*)
 .sbss          0x011110d8        0xc obj/default/src_1/cpu_1.o
                0x011110d8                fac10
                0x011110dc                fac15
                0x011110e0                fac5
 .sbss          0x011110e4        0x4 /opt/altera/13.0sp1/nios2eds/bin/gnu/H-i686-pc-linux-gnu/bin/../lib/gcc/nios2-elf/4.1.2/../../../../nios2-elf/lib/mno-hw-mul/libsmallc.a(lib_a-int_errno.o)
                0x011110e4                errno
 .sbss          0x011110e8        0xc ../../bsp/mpsoc_hello_mpsoc_1//libhal_bsp.a(alt_main.o)
                0x011110e8                alt_argc
                0x011110ec                alt_argv
                0x011110f0                alt_envp
 .sbss          0x011110f4        0x8 ../../bsp/mpsoc_hello_mpsoc_1//libhal_bsp.a(altera_avalon_timer_vars.o)
                0x011110f4                altera_avalon_timer_ts_base
                0x011110f8                altera_avalon_timer_ts_freq
 *(.sbss2 .sbss2.* .gnu.linkonce.sb2.*)
 *(.scommon)
                0x011110fc                PROVIDE (__sbss_end, ABSOLUTE (.))
                0x011110fc                PROVIDE (___sbss_end, ABSOLUTE (.))
 *(.dynbss)
 *(.bss .bss.* .gnu.linkonce.b.*)
 .bss           0x011110fc        0x0 ../../bsp/mpsoc_hello_mpsoc_1//obj/HAL/src/crt0.o
 .bss           0x011110fc        0x0 obj/default/src_1/cpu_1.o
 .bss           0x011110fc        0x0 obj/default/src_1/delay_asm.o
 .bss           0x011110fc        0x0 /opt/altera/13.0sp1/nios2eds/bin/gnu/H-i686-pc-linux-gnu/bin/../lib/gcc/nios2-elf/4.1.2/mno-hw-mul/libgcc.a(lib2-mul.o)
 .bss           0x011110fc        0x0 /opt/altera/13.0sp1/nios2eds/bin/gnu/H-i686-pc-linux-gnu/bin/../lib/gcc/nios2-elf/4.1.2/../../../../nios2-elf/lib/mno-hw-mul/libsmallc.a(lib_a-printf.o)
 .bss           0x011110fc        0x0 /opt/altera/13.0sp1/nios2eds/bin/gnu/H-i686-pc-linux-gnu/bin/../lib/gcc/nios2-elf/4.1.2/../../../../nios2-elf/lib/mno-hw-mul/libsmallc.a(lib_a-puts.o)
 .bss           0x011110fc        0x0 /opt/altera/13.0sp1/nios2eds/bin/gnu/H-i686-pc-linux-gnu/bin/../lib/gcc/nios2-elf/4.1.2/../../../../nios2-elf/lib/mno-hw-mul/libsmallc.a(lib_a-strlen.o)
 .bss           0x011110fc        0x0 /opt/altera/13.0sp1/nios2eds/bin/gnu/H-i686-pc-linux-gnu/bin/../lib/gcc/nios2-elf/4.1.2/../../../../nios2-elf/lib/mno-hw-mul/libsmallc.a(lib_a-vfprintf.o)
 .bss           0x011110fc        0x0 /opt/altera/13.0sp1/nios2eds/bin/gnu/H-i686-pc-linux-gnu/bin/../lib/gcc/nios2-elf/4.1.2/../../../../nios2-elf/lib/mno-hw-mul/libsmallc.a(lib_a-fvwrite_small_dev.o)
 .bss           0x011110fc        0x0 /opt/altera/13.0sp1/nios2eds/bin/gnu/H-i686-pc-linux-gnu/bin/../lib/gcc/nios2-elf/4.1.2/../../../../nios2-elf/lib/mno-hw-mul/libsmallc.a(lib_a-impure.o)
 .bss           0x011110fc        0x0 /opt/altera/13.0sp1/nios2eds/bin/gnu/H-i686-pc-linux-gnu/bin/../lib/gcc/nios2-elf/4.1.2/../../../../nios2-elf/lib/mno-hw-mul/libsmallc.a(lib_a-writer.o)
 .bss           0x011110fc        0x0 /opt/altera/13.0sp1/nios2eds/bin/gnu/H-i686-pc-linux-gnu/bin/../lib/gcc/nios2-elf/4.1.2/../../../../nios2-elf/lib/mno-hw-mul/libsmallc.a(lib_a-int_errno.o)
 .bss           0x011110fc        0x0 /opt/altera/13.0sp1/nios2eds/bin/gnu/H-i686-pc-linux-gnu/bin/../lib/gcc/nios2-elf/4.1.2/mno-hw-mul/libgcc.a(lib2-divmod.o)
 .bss           0x011110fc        0x0 ../../bsp/mpsoc_hello_mpsoc_1//libhal_bsp.a(alt_load.o)
 .bss           0x011110fc        0x0 ../../bsp/mpsoc_hello_mpsoc_1//libhal_bsp.a(alt_main.o)
 .bss           0x011110fc        0x0 ../../bsp/mpsoc_hello_mpsoc_1//libhal_bsp.a(alt_write.o)
 .bss           0x011110fc        0x0 ../../bsp/mpsoc_hello_mpsoc_1//libhal_bsp.a(alt_sys_init.o)
 .bss           0x011110fc        0x0 ../../bsp/mpsoc_hello_mpsoc_1//libhal_bsp.a(altera_avalon_jtag_uart_write.o)
 .bss           0x011110fc        0x0 ../../bsp/mpsoc_hello_mpsoc_1//libhal_bsp.a(altera_avalon_timer_vars.o)
 .bss           0x011110fc        0x0 ../../bsp/mpsoc_hello_mpsoc_1//libhal_bsp.a(alt_dcache_flush_all.o)
 .bss           0x011110fc        0x0 ../../bsp/mpsoc_hello_mpsoc_1//libhal_bsp.a(alt_errno.o)
 .bss           0x011110fc        0x0 ../../bsp/mpsoc_hello_mpsoc_1//libhal_bsp.a(alt_icache_flush_all.o)
 .bss           0x011110fc        0x0 ../../bsp/mpsoc_hello_mpsoc_1//libhal_bsp.a(altera_nios2_qsys_irq.o)
 *(COMMON)
                0x011110fc                . = ALIGN (0x4)
                0x011110fc                __bss_end = ABSOLUTE (.)

.sdram          0x00800000        0x0 load address 0x011110fc
                0x00800000                PROVIDE (_alt_partition_sdram_start, ABSOLUTE (.))
 *(.sdram. sdram.*)
                0x00800000                . = ALIGN (0x4)
                0x00800000                PROVIDE (_alt_partition_sdram_end, ABSOLUTE (.))
                0x011110fc                PROVIDE (_alt_partition_sdram_load_addr, LOADADDR (.sdram))

.sram           0x01080000        0x0 load address 0x011110fc
                0x01080000                PROVIDE (_alt_partition_sram_start, ABSOLUTE (.))
 *(.sram. sram.*)
                0x01080000                . = ALIGN (0x4)
                0x01080000                PROVIDE (_alt_partition_sram_end, ABSOLUTE (.))
                0x011110fc                PROVIDE (_alt_partition_sram_load_addr, LOADADDR (.sram))

.onchip_1       0x011110fc        0x0
                0x011110fc                PROVIDE (_alt_partition_onchip_1_start, ABSOLUTE (.))
 *(.onchip_1. onchip_1.*)
                0x011110fc                . = ALIGN (0x4)
                0x011110fc                PROVIDE (_alt_partition_onchip_1_end, ABSOLUTE (.))
                0x011110fc                _end = ABSOLUTE (.)
                0x011110fc                end = ABSOLUTE (.)
                0x011110fc                __alt_stack_base = ABSOLUTE (.)
                0x011110fc                PROVIDE (_alt_partition_onchip_1_load_addr, LOADADDR (.onchip_1))

.stab
 *(.stab)

.stabstr
 *(.stabstr)

.stab.excl
 *(.stab.excl)

.stab.exclstr
 *(.stab.exclstr)

.stab.index
 *(.stab.index)

.stab.indexstr
 *(.stab.indexstr)

.comment        0x00000000       0x26
 *(.comment)
 .comment       0x00000000       0x26 obj/default/src_1/cpu_1.o
                                 0x27 (size before relaxing)
 .comment       0x00000000       0x27 /opt/altera/13.0sp1/nios2eds/bin/gnu/H-i686-pc-linux-gnu/bin/../lib/gcc/nios2-elf/4.1.2/mno-hw-mul/libgcc.a(lib2-mul.o)
 .comment       0x00000000       0x27 /opt/altera/13.0sp1/nios2eds/bin/gnu/H-i686-pc-linux-gnu/bin/../lib/gcc/nios2-elf/4.1.2/../../../../nios2-elf/lib/mno-hw-mul/libsmallc.a(lib_a-printf.o)
 .comment       0x00000000       0x27 /opt/altera/13.0sp1/nios2eds/bin/gnu/H-i686-pc-linux-gnu/bin/../lib/gcc/nios2-elf/4.1.2/../../../../nios2-elf/lib/mno-hw-mul/libsmallc.a(lib_a-puts.o)
 .comment       0x00000000       0x27 /opt/altera/13.0sp1/nios2eds/bin/gnu/H-i686-pc-linux-gnu/bin/../lib/gcc/nios2-elf/4.1.2/../../../../nios2-elf/lib/mno-hw-mul/libsmallc.a(lib_a-strlen.o)
 .comment       0x00000000       0x27 /opt/altera/13.0sp1/nios2eds/bin/gnu/H-i686-pc-linux-gnu/bin/../lib/gcc/nios2-elf/4.1.2/../../../../nios2-elf/lib/mno-hw-mul/libsmallc.a(lib_a-vfprintf.o)
 .comment       0x00000000       0x27 /opt/altera/13.0sp1/nios2eds/bin/gnu/H-i686-pc-linux-gnu/bin/../lib/gcc/nios2-elf/4.1.2/../../../../nios2-elf/lib/mno-hw-mul/libsmallc.a(lib_a-fvwrite_small_dev.o)
 .comment       0x00000000       0x27 /opt/altera/13.0sp1/nios2eds/bin/gnu/H-i686-pc-linux-gnu/bin/../lib/gcc/nios2-elf/4.1.2/../../../../nios2-elf/lib/mno-hw-mul/libsmallc.a(lib_a-impure.o)
 .comment       0x00000000       0x27 /opt/altera/13.0sp1/nios2eds/bin/gnu/H-i686-pc-linux-gnu/bin/../lib/gcc/nios2-elf/4.1.2/../../../../nios2-elf/lib/mno-hw-mul/libsmallc.a(lib_a-writer.o)
 .comment       0x00000000       0x27 /opt/altera/13.0sp1/nios2eds/bin/gnu/H-i686-pc-linux-gnu/bin/../lib/gcc/nios2-elf/4.1.2/../../../../nios2-elf/lib/mno-hw-mul/libsmallc.a(lib_a-int_errno.o)
 .comment       0x00000000       0x27 /opt/altera/13.0sp1/nios2eds/bin/gnu/H-i686-pc-linux-gnu/bin/../lib/gcc/nios2-elf/4.1.2/mno-hw-mul/libgcc.a(lib2-divmod.o)
 .comment       0x00000000       0x27 ../../bsp/mpsoc_hello_mpsoc_1//libhal_bsp.a(alt_load.o)
 .comment       0x00000000       0x27 ../../bsp/mpsoc_hello_mpsoc_1//libhal_bsp.a(alt_main.o)
 .comment       0x00000000       0x27 ../../bsp/mpsoc_hello_mpsoc_1//libhal_bsp.a(alt_write.o)
 .comment       0x00000000       0x27 ../../bsp/mpsoc_hello_mpsoc_1//libhal_bsp.a(alt_sys_init.o)
 .comment       0x00000000       0x27 ../../bsp/mpsoc_hello_mpsoc_1//libhal_bsp.a(altera_avalon_jtag_uart_write.o)
 .comment       0x00000000       0x27 ../../bsp/mpsoc_hello_mpsoc_1//libhal_bsp.a(altera_avalon_timer_vars.o)
 .comment       0x00000000       0x27 ../../bsp/mpsoc_hello_mpsoc_1//libhal_bsp.a(alt_dcache_flush_all.o)
 .comment       0x00000000       0x27 ../../bsp/mpsoc_hello_mpsoc_1//libhal_bsp.a(alt_errno.o)
 .comment       0x00000000       0x27 ../../bsp/mpsoc_hello_mpsoc_1//libhal_bsp.a(alt_icache_flush_all.o)
 .comment       0x00000000       0x27 ../../bsp/mpsoc_hello_mpsoc_1//libhal_bsp.a(altera_nios2_qsys_irq.o)

.debug
 *(.debug)

.line
 *(.line)

.debug_srcinfo
 *(.debug_srcinfo)

.debug_sfnames
 *(.debug_sfnames)

.debug_aranges  0x00000000      0x268
 *(.debug_aranges)
 .debug_aranges
                0x00000000       0x28 ../../bsp/mpsoc_hello_mpsoc_1//obj/HAL/src/crt0.o
 .debug_aranges
                0x00000028       0x20 obj/default/src_1/cpu_1.o
 .debug_aranges
                0x00000048       0x20 obj/default/src_1/delay_asm.o
 .debug_aranges
                0x00000068       0x20 /opt/altera/13.0sp1/nios2eds/bin/gnu/H-i686-pc-linux-gnu/bin/../lib/gcc/nios2-elf/4.1.2/mno-hw-mul/libgcc.a(lib2-mul.o)
 .debug_aranges
                0x00000088       0x20 /opt/altera/13.0sp1/nios2eds/bin/gnu/H-i686-pc-linux-gnu/bin/../lib/gcc/nios2-elf/4.1.2/../../../../nios2-elf/lib/mno-hw-mul/libsmallc.a(lib_a-printf.o)
 .debug_aranges
                0x000000a8       0x20 /opt/altera/13.0sp1/nios2eds/bin/gnu/H-i686-pc-linux-gnu/bin/../lib/gcc/nios2-elf/4.1.2/../../../../nios2-elf/lib/mno-hw-mul/libsmallc.a(lib_a-puts.o)
 .debug_aranges
                0x000000c8       0x20 /opt/altera/13.0sp1/nios2eds/bin/gnu/H-i686-pc-linux-gnu/bin/../lib/gcc/nios2-elf/4.1.2/../../../../nios2-elf/lib/mno-hw-mul/libsmallc.a(lib_a-strlen.o)
 .debug_aranges
                0x000000e8       0x20 /opt/altera/13.0sp1/nios2eds/bin/gnu/H-i686-pc-linux-gnu/bin/../lib/gcc/nios2-elf/4.1.2/../../../../nios2-elf/lib/mno-hw-mul/libsmallc.a(lib_a-vfprintf.o)
 .debug_aranges
                0x00000108       0x20 /opt/altera/13.0sp1/nios2eds/bin/gnu/H-i686-pc-linux-gnu/bin/../lib/gcc/nios2-elf/4.1.2/../../../../nios2-elf/lib/mno-hw-mul/libsmallc.a(lib_a-fvwrite_small_dev.o)
 .debug_aranges
                0x00000128       0x20 /opt/altera/13.0sp1/nios2eds/bin/gnu/H-i686-pc-linux-gnu/bin/../lib/gcc/nios2-elf/4.1.2/../../../../nios2-elf/lib/mno-hw-mul/libsmallc.a(lib_a-writer.o)
 .debug_aranges
                0x00000148       0x20 /opt/altera/13.0sp1/nios2eds/bin/gnu/H-i686-pc-linux-gnu/bin/../lib/gcc/nios2-elf/4.1.2/mno-hw-mul/libgcc.a(lib2-divmod.o)
 .debug_aranges
                0x00000168       0x20 ../../bsp/mpsoc_hello_mpsoc_1//libhal_bsp.a(alt_load.o)
 .debug_aranges
                0x00000188       0x20 ../../bsp/mpsoc_hello_mpsoc_1//libhal_bsp.a(alt_main.o)
 .debug_aranges
                0x000001a8       0x20 ../../bsp/mpsoc_hello_mpsoc_1//libhal_bsp.a(alt_write.o)
 .debug_aranges
                0x000001c8       0x20 ../../bsp/mpsoc_hello_mpsoc_1//libhal_bsp.a(alt_sys_init.o)
 .debug_aranges
                0x000001e8       0x20 ../../bsp/mpsoc_hello_mpsoc_1//libhal_bsp.a(altera_avalon_jtag_uart_write.o)
 .debug_aranges
                0x00000208       0x20 ../../bsp/mpsoc_hello_mpsoc_1//libhal_bsp.a(alt_dcache_flush_all.o)
 .debug_aranges
                0x00000228       0x20 ../../bsp/mpsoc_hello_mpsoc_1//libhal_bsp.a(alt_icache_flush_all.o)
 .debug_aranges
                0x00000248       0x20 ../../bsp/mpsoc_hello_mpsoc_1//libhal_bsp.a(altera_nios2_qsys_irq.o)

.debug_pubnames
                0x00000000      0x3f2
 *(.debug_pubnames)
 .debug_pubnames
                0x00000000       0x46 obj/default/src_1/cpu_1.o
 .debug_pubnames
                0x00000046       0x1f /opt/altera/13.0sp1/nios2eds/bin/gnu/H-i686-pc-linux-gnu/bin/../lib/gcc/nios2-elf/4.1.2/mno-hw-mul/libgcc.a(lib2-mul.o)
 .debug_pubnames
                0x00000065       0x2b /opt/altera/13.0sp1/nios2eds/bin/gnu/H-i686-pc-linux-gnu/bin/../lib/gcc/nios2-elf/4.1.2/../../../../nios2-elf/lib/mno-hw-mul/libsmallc.a(lib_a-printf.o)
 .debug_pubnames
                0x00000090       0x27 /opt/altera/13.0sp1/nios2eds/bin/gnu/H-i686-pc-linux-gnu/bin/../lib/gcc/nios2-elf/4.1.2/../../../../nios2-elf/lib/mno-hw-mul/libsmallc.a(lib_a-puts.o)
 .debug_pubnames
                0x000000b7       0x1d /opt/altera/13.0sp1/nios2eds/bin/gnu/H-i686-pc-linux-gnu/bin/../lib/gcc/nios2-elf/4.1.2/../../../../nios2-elf/lib/mno-hw-mul/libsmallc.a(lib_a-strlen.o)
 .debug_pubnames
                0x000000d4       0x45 /opt/altera/13.0sp1/nios2eds/bin/gnu/H-i686-pc-linux-gnu/bin/../lib/gcc/nios2-elf/4.1.2/../../../../nios2-elf/lib/mno-hw-mul/libsmallc.a(lib_a-vfprintf.o)
 .debug_pubnames
                0x00000119       0x2b /opt/altera/13.0sp1/nios2eds/bin/gnu/H-i686-pc-linux-gnu/bin/../lib/gcc/nios2-elf/4.1.2/../../../../nios2-elf/lib/mno-hw-mul/libsmallc.a(lib_a-fvwrite_small_dev.o)
 .debug_pubnames
                0x00000144       0x39 /opt/altera/13.0sp1/nios2eds/bin/gnu/H-i686-pc-linux-gnu/bin/../lib/gcc/nios2-elf/4.1.2/../../../../nios2-elf/lib/mno-hw-mul/libsmallc.a(lib_a-impure.o)
 .debug_pubnames
                0x0000017d       0x1f /opt/altera/13.0sp1/nios2eds/bin/gnu/H-i686-pc-linux-gnu/bin/../lib/gcc/nios2-elf/4.1.2/../../../../nios2-elf/lib/mno-hw-mul/libsmallc.a(lib_a-writer.o)
 .debug_pubnames
                0x0000019c       0x1c /opt/altera/13.0sp1/nios2eds/bin/gnu/H-i686-pc-linux-gnu/bin/../lib/gcc/nios2-elf/4.1.2/../../../../nios2-elf/lib/mno-hw-mul/libsmallc.a(lib_a-int_errno.o)
 .debug_pubnames
                0x000001b8       0x48 /opt/altera/13.0sp1/nios2eds/bin/gnu/H-i686-pc-linux-gnu/bin/../lib/gcc/nios2-elf/4.1.2/mno-hw-mul/libgcc.a(lib2-divmod.o)
 .debug_pubnames
                0x00000200       0x1f ../../bsp/mpsoc_hello_mpsoc_1//libhal_bsp.a(alt_load.o)
 .debug_pubnames
                0x0000021f       0x46 ../../bsp/mpsoc_hello_mpsoc_1//libhal_bsp.a(alt_main.o)
 .debug_pubnames
                0x00000265       0x1c ../../bsp/mpsoc_hello_mpsoc_1//libhal_bsp.a(alt_write.o)
 .debug_pubnames
                0x00000281       0x44 ../../bsp/mpsoc_hello_mpsoc_1//libhal_bsp.a(alt_sys_init.o)
 .debug_pubnames
                0x000002c5       0x34 ../../bsp/mpsoc_hello_mpsoc_1//libhal_bsp.a(altera_avalon_jtag_uart_write.o)
 .debug_pubnames
                0x000002f9       0x52 ../../bsp/mpsoc_hello_mpsoc_1//libhal_bsp.a(altera_avalon_timer_vars.o)
 .debug_pubnames
                0x0000034b       0x2b ../../bsp/mpsoc_hello_mpsoc_1//libhal_bsp.a(alt_dcache_flush_all.o)
 .debug_pubnames
                0x00000376       0x20 ../../bsp/mpsoc_hello_mpsoc_1//libhal_bsp.a(alt_errno.o)
 .debug_pubnames
                0x00000396       0x2b ../../bsp/mpsoc_hello_mpsoc_1//libhal_bsp.a(alt_icache_flush_all.o)
 .debug_pubnames
                0x000003c1       0x31 ../../bsp/mpsoc_hello_mpsoc_1//libhal_bsp.a(altera_nios2_qsys_irq.o)

.debug_info     0x00000000     0x3b32
 *(.debug_info .gnu.linkonce.wi.*)
 .debug_info    0x00000000       0x5e ../../bsp/mpsoc_hello_mpsoc_1//obj/HAL/src/crt0.o
 .debug_info    0x0000005e      0x192 obj/default/src_1/cpu_1.o
 .debug_info    0x000001f0       0x5a obj/default/src_1/delay_asm.o
 .debug_info    0x0000024a       0xf3 /opt/altera/13.0sp1/nios2eds/bin/gnu/H-i686-pc-linux-gnu/bin/../lib/gcc/nios2-elf/4.1.2/mno-hw-mul/libgcc.a(lib2-mul.o)
 .debug_info    0x0000033d      0x6c8 /opt/altera/13.0sp1/nios2eds/bin/gnu/H-i686-pc-linux-gnu/bin/../lib/gcc/nios2-elf/4.1.2/../../../../nios2-elf/lib/mno-hw-mul/libsmallc.a(lib_a-printf.o)
 .debug_info    0x00000a05      0x685 /opt/altera/13.0sp1/nios2eds/bin/gnu/H-i686-pc-linux-gnu/bin/../lib/gcc/nios2-elf/4.1.2/../../../../nios2-elf/lib/mno-hw-mul/libsmallc.a(lib_a-puts.o)
 .debug_info    0x0000108a       0xc2 /opt/altera/13.0sp1/nios2eds/bin/gnu/H-i686-pc-linux-gnu/bin/../lib/gcc/nios2-elf/4.1.2/../../../../nios2-elf/lib/mno-hw-mul/libsmallc.a(lib_a-strlen.o)
 .debug_info    0x0000114c      0x9b6 /opt/altera/13.0sp1/nios2eds/bin/gnu/H-i686-pc-linux-gnu/bin/../lib/gcc/nios2-elf/4.1.2/../../../../nios2-elf/lib/mno-hw-mul/libsmallc.a(lib_a-vfprintf.o)
 .debug_info    0x00001b02      0x68e /opt/altera/13.0sp1/nios2eds/bin/gnu/H-i686-pc-linux-gnu/bin/../lib/gcc/nios2-elf/4.1.2/../../../../nios2-elf/lib/mno-hw-mul/libsmallc.a(lib_a-fvwrite_small_dev.o)
 .debug_info    0x00002190      0x636 /opt/altera/13.0sp1/nios2eds/bin/gnu/H-i686-pc-linux-gnu/bin/../lib/gcc/nios2-elf/4.1.2/../../../../nios2-elf/lib/mno-hw-mul/libsmallc.a(lib_a-impure.o)
 .debug_info    0x000027c6      0x68c /opt/altera/13.0sp1/nios2eds/bin/gnu/H-i686-pc-linux-gnu/bin/../lib/gcc/nios2-elf/4.1.2/../../../../nios2-elf/lib/mno-hw-mul/libsmallc.a(lib_a-writer.o)
 .debug_info    0x00002e52       0x8c /opt/altera/13.0sp1/nios2eds/bin/gnu/H-i686-pc-linux-gnu/bin/../lib/gcc/nios2-elf/4.1.2/../../../../nios2-elf/lib/mno-hw-mul/libsmallc.a(lib_a-int_errno.o)
 .debug_info    0x00002ede      0x21c /opt/altera/13.0sp1/nios2eds/bin/gnu/H-i686-pc-linux-gnu/bin/../lib/gcc/nios2-elf/4.1.2/mno-hw-mul/libgcc.a(lib2-divmod.o)
 .debug_info    0x000030fa      0x12e ../../bsp/mpsoc_hello_mpsoc_1//libhal_bsp.a(alt_load.o)
 .debug_info    0x00003228      0x125 ../../bsp/mpsoc_hello_mpsoc_1//libhal_bsp.a(alt_main.o)
 .debug_info    0x0000334d      0x179 ../../bsp/mpsoc_hello_mpsoc_1//libhal_bsp.a(alt_write.o)
 .debug_info    0x000034c6      0x199 ../../bsp/mpsoc_hello_mpsoc_1//libhal_bsp.a(alt_sys_init.o)
 .debug_info    0x0000365f      0x18f ../../bsp/mpsoc_hello_mpsoc_1//libhal_bsp.a(altera_avalon_jtag_uart_write.o)
 .debug_info    0x000037ee       0xf2 ../../bsp/mpsoc_hello_mpsoc_1//libhal_bsp.a(altera_avalon_timer_vars.o)
 .debug_info    0x000038e0       0x8d ../../bsp/mpsoc_hello_mpsoc_1//libhal_bsp.a(alt_dcache_flush_all.o)
 .debug_info    0x0000396d       0xab ../../bsp/mpsoc_hello_mpsoc_1//libhal_bsp.a(alt_errno.o)
 .debug_info    0x00003a18       0x8d ../../bsp/mpsoc_hello_mpsoc_1//libhal_bsp.a(alt_icache_flush_all.o)
 .debug_info    0x00003aa5       0x8d ../../bsp/mpsoc_hello_mpsoc_1//libhal_bsp.a(altera_nios2_qsys_irq.o)

.debug_abbrev   0x00000000     0x1234
 *(.debug_abbrev)
 .debug_abbrev  0x00000000       0x12 ../../bsp/mpsoc_hello_mpsoc_1//obj/HAL/src/crt0.o
 .debug_abbrev  0x00000012       0xe8 obj/default/src_1/cpu_1.o
 .debug_abbrev  0x000000fa       0x14 obj/default/src_1/delay_asm.o
 .debug_abbrev  0x0000010e       0x7b /opt/altera/13.0sp1/nios2eds/bin/gnu/H-i686-pc-linux-gnu/bin/../lib/gcc/nios2-elf/4.1.2/mno-hw-mul/libgcc.a(lib2-mul.o)
 .debug_abbrev  0x00000189      0x179 /opt/altera/13.0sp1/nios2eds/bin/gnu/H-i686-pc-linux-gnu/bin/../lib/gcc/nios2-elf/4.1.2/../../../../nios2-elf/lib/mno-hw-mul/libsmallc.a(lib_a-printf.o)
 .debug_abbrev  0x00000302      0x180 /opt/altera/13.0sp1/nios2eds/bin/gnu/H-i686-pc-linux-gnu/bin/../lib/gcc/nios2-elf/4.1.2/../../../../nios2-elf/lib/mno-hw-mul/libsmallc.a(lib_a-puts.o)
 .debug_abbrev  0x00000482       0x7a /opt/altera/13.0sp1/nios2eds/bin/gnu/H-i686-pc-linux-gnu/bin/../lib/gcc/nios2-elf/4.1.2/../../../../nios2-elf/lib/mno-hw-mul/libsmallc.a(lib_a-strlen.o)
 .debug_abbrev  0x000004fc      0x263 /opt/altera/13.0sp1/nios2eds/bin/gnu/H-i686-pc-linux-gnu/bin/../lib/gcc/nios2-elf/4.1.2/../../../../nios2-elf/lib/mno-hw-mul/libsmallc.a(lib_a-vfprintf.o)
 .debug_abbrev  0x0000075f      0x179 /opt/altera/13.0sp1/nios2eds/bin/gnu/H-i686-pc-linux-gnu/bin/../lib/gcc/nios2-elf/4.1.2/../../../../nios2-elf/lib/mno-hw-mul/libsmallc.a(lib_a-fvwrite_small_dev.o)
 .debug_abbrev  0x000008d8      0x13f /opt/altera/13.0sp1/nios2eds/bin/gnu/H-i686-pc-linux-gnu/bin/../lib/gcc/nios2-elf/4.1.2/../../../../nios2-elf/lib/mno-hw-mul/libsmallc.a(lib_a-impure.o)
 .debug_abbrev  0x00000a17      0x16c /opt/altera/13.0sp1/nios2eds/bin/gnu/H-i686-pc-linux-gnu/bin/../lib/gcc/nios2-elf/4.1.2/../../../../nios2-elf/lib/mno-hw-mul/libsmallc.a(lib_a-writer.o)
 .debug_abbrev  0x00000b83       0x3b /opt/altera/13.0sp1/nios2eds/bin/gnu/H-i686-pc-linux-gnu/bin/../lib/gcc/nios2-elf/4.1.2/../../../../nios2-elf/lib/mno-hw-mul/libsmallc.a(lib_a-int_errno.o)
 .debug_abbrev  0x00000bbe       0xe0 /opt/altera/13.0sp1/nios2eds/bin/gnu/H-i686-pc-linux-gnu/bin/../lib/gcc/nios2-elf/4.1.2/mno-hw-mul/libgcc.a(lib2-divmod.o)
 .debug_abbrev  0x00000c9e       0x97 ../../bsp/mpsoc_hello_mpsoc_1//libhal_bsp.a(alt_load.o)
 .debug_abbrev  0x00000d35       0xa6 ../../bsp/mpsoc_hello_mpsoc_1//libhal_bsp.a(alt_main.o)
 .debug_abbrev  0x00000ddb       0xdd ../../bsp/mpsoc_hello_mpsoc_1//libhal_bsp.a(alt_write.o)
 .debug_abbrev  0x00000eb8       0xea ../../bsp/mpsoc_hello_mpsoc_1//libhal_bsp.a(alt_sys_init.o)
 .debug_abbrev  0x00000fa2       0xf0 ../../bsp/mpsoc_hello_mpsoc_1//libhal_bsp.a(altera_avalon_jtag_uart_write.o)
 .debug_abbrev  0x00001092       0x87 ../../bsp/mpsoc_hello_mpsoc_1//libhal_bsp.a(altera_avalon_timer_vars.o)
 .debug_abbrev  0x00001119       0x3f ../../bsp/mpsoc_hello_mpsoc_1//libhal_bsp.a(alt_dcache_flush_all.o)
 .debug_abbrev  0x00001158       0x5e ../../bsp/mpsoc_hello_mpsoc_1//libhal_bsp.a(alt_errno.o)
 .debug_abbrev  0x000011b6       0x3f ../../bsp/mpsoc_hello_mpsoc_1//libhal_bsp.a(alt_icache_flush_all.o)
 .debug_abbrev  0x000011f5       0x3f ../../bsp/mpsoc_hello_mpsoc_1//libhal_bsp.a(altera_nios2_qsys_irq.o)

.debug_line     0x00000000     0x35b7
 *(.debug_line)
 .debug_line    0x00000000       0x66 ../../bsp/mpsoc_hello_mpsoc_1//obj/HAL/src/crt0.o
 .debug_line    0x00000066      0x260 obj/default/src_1/cpu_1.o
 .debug_line    0x000002c6       0x46 obj/default/src_1/delay_asm.o
 .debug_line    0x0000030c      0x191 /opt/altera/13.0sp1/nios2eds/bin/gnu/H-i686-pc-linux-gnu/bin/../lib/gcc/nios2-elf/4.1.2/mno-hw-mul/libgcc.a(lib2-mul.o)
 .debug_line    0x0000049d      0x2be /opt/altera/13.0sp1/nios2eds/bin/gnu/H-i686-pc-linux-gnu/bin/../lib/gcc/nios2-elf/4.1.2/../../../../nios2-elf/lib/mno-hw-mul/libsmallc.a(lib_a-printf.o)
 .debug_line    0x0000075b      0x2b2 /opt/altera/13.0sp1/nios2eds/bin/gnu/H-i686-pc-linux-gnu/bin/../lib/gcc/nios2-elf/4.1.2/../../../../nios2-elf/lib/mno-hw-mul/libsmallc.a(lib_a-puts.o)
 .debug_line    0x00000a0d      0x250 /opt/altera/13.0sp1/nios2eds/bin/gnu/H-i686-pc-linux-gnu/bin/../lib/gcc/nios2-elf/4.1.2/../../../../nios2-elf/lib/mno-hw-mul/libsmallc.a(lib_a-strlen.o)
 .debug_line    0x00000c5d      0x666 /opt/altera/13.0sp1/nios2eds/bin/gnu/H-i686-pc-linux-gnu/bin/../lib/gcc/nios2-elf/4.1.2/../../../../nios2-elf/lib/mno-hw-mul/libsmallc.a(lib_a-vfprintf.o)
 .debug_line    0x000012c3      0x2a9 /opt/altera/13.0sp1/nios2eds/bin/gnu/H-i686-pc-linux-gnu/bin/../lib/gcc/nios2-elf/4.1.2/../../../../nios2-elf/lib/mno-hw-mul/libsmallc.a(lib_a-fvwrite_small_dev.o)
 .debug_line    0x0000156c      0x230 /opt/altera/13.0sp1/nios2eds/bin/gnu/H-i686-pc-linux-gnu/bin/../lib/gcc/nios2-elf/4.1.2/../../../../nios2-elf/lib/mno-hw-mul/libsmallc.a(lib_a-impure.o)
 .debug_line    0x0000179c      0x29d /opt/altera/13.0sp1/nios2eds/bin/gnu/H-i686-pc-linux-gnu/bin/../lib/gcc/nios2-elf/4.1.2/../../../../nios2-elf/lib/mno-hw-mul/libsmallc.a(lib_a-writer.o)
 .debug_line    0x00001a39      0x1e2 /opt/altera/13.0sp1/nios2eds/bin/gnu/H-i686-pc-linux-gnu/bin/../lib/gcc/nios2-elf/4.1.2/../../../../nios2-elf/lib/mno-hw-mul/libsmallc.a(lib_a-int_errno.o)
 .debug_line    0x00001c1b      0x2c6 /opt/altera/13.0sp1/nios2eds/bin/gnu/H-i686-pc-linux-gnu/bin/../lib/gcc/nios2-elf/4.1.2/mno-hw-mul/libgcc.a(lib2-divmod.o)
 .debug_line    0x00001ee1      0x225 ../../bsp/mpsoc_hello_mpsoc_1//libhal_bsp.a(alt_load.o)
 .debug_line    0x00002106      0x2d0 ../../bsp/mpsoc_hello_mpsoc_1//libhal_bsp.a(alt_main.o)
 .debug_line    0x000023d6      0x2b9 ../../bsp/mpsoc_hello_mpsoc_1//libhal_bsp.a(alt_write.o)
 .debug_line    0x0000268f      0x2b5 ../../bsp/mpsoc_hello_mpsoc_1//libhal_bsp.a(alt_sys_init.o)
 .debug_line    0x00002944      0x302 ../../bsp/mpsoc_hello_mpsoc_1//libhal_bsp.a(altera_avalon_jtag_uart_write.o)
 .debug_line    0x00002c46      0x257 ../../bsp/mpsoc_hello_mpsoc_1//libhal_bsp.a(altera_avalon_timer_vars.o)
 .debug_line    0x00002e9d      0x1c3 ../../bsp/mpsoc_hello_mpsoc_1//libhal_bsp.a(alt_dcache_flush_all.o)
 .debug_line    0x00003060      0x1b8 ../../bsp/mpsoc_hello_mpsoc_1//libhal_bsp.a(alt_errno.o)
 .debug_line    0x00003218      0x1c3 ../../bsp/mpsoc_hello_mpsoc_1//libhal_bsp.a(alt_icache_flush_all.o)
 .debug_line    0x000033db      0x1dc ../../bsp/mpsoc_hello_mpsoc_1//libhal_bsp.a(altera_nios2_qsys_irq.o)

.debug_frame    0x00000000      0x370
 *(.debug_frame)
 .debug_frame   0x00000000       0x44 obj/default/src_1/cpu_1.o
 .debug_frame   0x00000044       0x20 /opt/altera/13.0sp1/nios2eds/bin/gnu/H-i686-pc-linux-gnu/bin/../lib/gcc/nios2-elf/4.1.2/mno-hw-mul/libgcc.a(lib2-mul.o)
 .debug_frame   0x00000064       0x40 /opt/altera/13.0sp1/nios2eds/bin/gnu/H-i686-pc-linux-gnu/bin/../lib/gcc/nios2-elf/4.1.2/../../../../nios2-elf/lib/mno-hw-mul/libsmallc.a(lib_a-printf.o)
 .debug_frame   0x000000a4       0x3c /opt/altera/13.0sp1/nios2eds/bin/gnu/H-i686-pc-linux-gnu/bin/../lib/gcc/nios2-elf/4.1.2/../../../../nios2-elf/lib/mno-hw-mul/libsmallc.a(lib_a-puts.o)
 .debug_frame   0x000000e0       0x20 /opt/altera/13.0sp1/nios2eds/bin/gnu/H-i686-pc-linux-gnu/bin/../lib/gcc/nios2-elf/4.1.2/../../../../nios2-elf/lib/mno-hw-mul/libsmallc.a(lib_a-strlen.o)
 .debug_frame   0x00000100       0x64 /opt/altera/13.0sp1/nios2eds/bin/gnu/H-i686-pc-linux-gnu/bin/../lib/gcc/nios2-elf/4.1.2/../../../../nios2-elf/lib/mno-hw-mul/libsmallc.a(lib_a-vfprintf.o)
 .debug_frame   0x00000164       0x30 /opt/altera/13.0sp1/nios2eds/bin/gnu/H-i686-pc-linux-gnu/bin/../lib/gcc/nios2-elf/4.1.2/../../../../nios2-elf/lib/mno-hw-mul/libsmallc.a(lib_a-fvwrite_small_dev.o)
 .debug_frame   0x00000194       0x2c /opt/altera/13.0sp1/nios2eds/bin/gnu/H-i686-pc-linux-gnu/bin/../lib/gcc/nios2-elf/4.1.2/../../../../nios2-elf/lib/mno-hw-mul/libsmallc.a(lib_a-writer.o)
 .debug_frame   0x000001c0       0x70 /opt/altera/13.0sp1/nios2eds/bin/gnu/H-i686-pc-linux-gnu/bin/../lib/gcc/nios2-elf/4.1.2/mno-hw-mul/libgcc.a(lib2-divmod.o)
 .debug_frame   0x00000230       0x38 ../../bsp/mpsoc_hello_mpsoc_1//libhal_bsp.a(alt_load.o)
 .debug_frame   0x00000268       0x28 ../../bsp/mpsoc_hello_mpsoc_1//libhal_bsp.a(alt_main.o)
 .debug_frame   0x00000290       0x28 ../../bsp/mpsoc_hello_mpsoc_1//libhal_bsp.a(alt_write.o)
 .debug_frame   0x000002b8       0x38 ../../bsp/mpsoc_hello_mpsoc_1//libhal_bsp.a(alt_sys_init.o)
 .debug_frame   0x000002f0       0x20 ../../bsp/mpsoc_hello_mpsoc_1//libhal_bsp.a(altera_avalon_jtag_uart_write.o)
 .debug_frame   0x00000310       0x20 ../../bsp/mpsoc_hello_mpsoc_1//libhal_bsp.a(alt_dcache_flush_all.o)
 .debug_frame   0x00000330       0x20 ../../bsp/mpsoc_hello_mpsoc_1//libhal_bsp.a(alt_icache_flush_all.o)
 .debug_frame   0x00000350       0x20 ../../bsp/mpsoc_hello_mpsoc_1//libhal_bsp.a(altera_nios2_qsys_irq.o)

.debug_str      0x00000000      0xde9
 *(.debug_str)
 .debug_str     0x00000000       0xa7 obj/default/src_1/cpu_1.o
                                 0xec (size before relaxing)
 .debug_str     0x000000a7       0xd1 /opt/altera/13.0sp1/nios2eds/bin/gnu/H-i686-pc-linux-gnu/bin/../lib/gcc/nios2-elf/4.1.2/mno-hw-mul/libgcc.a(lib2-mul.o)
                                0x17a (size before relaxing)
 .debug_str     0x00000178      0x3a8 /opt/altera/13.0sp1/nios2eds/bin/gnu/H-i686-pc-linux-gnu/bin/../lib/gcc/nios2-elf/4.1.2/../../../../nios2-elf/lib/mno-hw-mul/libsmallc.a(lib_a-printf.o)
                                0x46b (size before relaxing)
 .debug_str     0x00000520       0x48 /opt/altera/13.0sp1/nios2eds/bin/gnu/H-i686-pc-linux-gnu/bin/../lib/gcc/nios2-elf/4.1.2/../../../../nios2-elf/lib/mno-hw-mul/libsmallc.a(lib_a-puts.o)
                                0x455 (size before relaxing)
 .debug_str     0x00000568       0xe7 /opt/altera/13.0sp1/nios2eds/bin/gnu/H-i686-pc-linux-gnu/bin/../lib/gcc/nios2-elf/4.1.2/../../../../nios2-elf/lib/mno-hw-mul/libsmallc.a(lib_a-strlen.o)
                                0x189 (size before relaxing)
 .debug_str     0x0000064f      0x162 /opt/altera/13.0sp1/nios2eds/bin/gnu/H-i686-pc-linux-gnu/bin/../lib/gcc/nios2-elf/4.1.2/../../../../nios2-elf/lib/mno-hw-mul/libsmallc.a(lib_a-vfprintf.o)
                                0x5b4 (size before relaxing)
 .debug_str     0x000007b1       0x70 /opt/altera/13.0sp1/nios2eds/bin/gnu/H-i686-pc-linux-gnu/bin/../lib/gcc/nios2-elf/4.1.2/../../../../nios2-elf/lib/mno-hw-mul/libsmallc.a(lib_a-fvwrite_small_dev.o)
                                0x46f (size before relaxing)
 .debug_str     0x00000821       0xfd /opt/altera/13.0sp1/nios2eds/bin/gnu/H-i686-pc-linux-gnu/bin/../lib/gcc/nios2-elf/4.1.2/../../../../nios2-elf/lib/mno-hw-mul/libsmallc.a(lib_a-impure.o)
                                0x462 (size before relaxing)
 .debug_str     0x0000091e       0x4f /opt/altera/13.0sp1/nios2eds/bin/gnu/H-i686-pc-linux-gnu/bin/../lib/gcc/nios2-elf/4.1.2/../../../../nios2-elf/lib/mno-hw-mul/libsmallc.a(lib_a-writer.o)
                                0x456 (size before relaxing)
 .debug_str     0x0000096d       0x40 /opt/altera/13.0sp1/nios2eds/bin/gnu/H-i686-pc-linux-gnu/bin/../lib/gcc/nios2-elf/4.1.2/../../../../nios2-elf/lib/mno-hw-mul/libsmallc.a(lib_a-int_errno.o)
                                0x17c (size before relaxing)
 .debug_str     0x000009ad       0x76 /opt/altera/13.0sp1/nios2eds/bin/gnu/H-i686-pc-linux-gnu/bin/../lib/gcc/nios2-elf/4.1.2/mno-hw-mul/libgcc.a(lib2-divmod.o)
                                0x1b9 (size before relaxing)
 .debug_str     0x00000a23      0x11e ../../bsp/mpsoc_hello_mpsoc_1//libhal_bsp.a(alt_load.o)
                                0x1b3 (size before relaxing)
 .debug_str     0x00000b41       0x70 ../../bsp/mpsoc_hello_mpsoc_1//libhal_bsp.a(alt_main.o)
                                0x137 (size before relaxing)
 .debug_str     0x00000bb1       0x58 ../../bsp/mpsoc_hello_mpsoc_1//libhal_bsp.a(alt_write.o)
                                0x163 (size before relaxing)
 .debug_str     0x00000c09       0xb8 ../../bsp/mpsoc_hello_mpsoc_1//libhal_bsp.a(alt_sys_init.o)
                                0x1e4 (size before relaxing)
 .debug_str     0x00000cc1       0x4a ../../bsp/mpsoc_hello_mpsoc_1//libhal_bsp.a(altera_avalon_jtag_uart_write.o)
                                0x1af (size before relaxing)
 .debug_str     0x00000d0b       0x27 ../../bsp/mpsoc_hello_mpsoc_1//libhal_bsp.a(altera_avalon_timer_vars.o)
                                0x15a (size before relaxing)
 .debug_str     0x00000d32       0x34 ../../bsp/mpsoc_hello_mpsoc_1//libhal_bsp.a(alt_dcache_flush_all.o)
                                 0xf6 (size before relaxing)
 .debug_str     0x00000d66       0x14 ../../bsp/mpsoc_hello_mpsoc_1//libhal_bsp.a(alt_errno.o)
                                 0xe6 (size before relaxing)
 .debug_str     0x00000d7a       0x34 ../../bsp/mpsoc_hello_mpsoc_1//libhal_bsp.a(alt_icache_flush_all.o)
                                 0xf6 (size before relaxing)
 .debug_str     0x00000dae       0x3b ../../bsp/mpsoc_hello_mpsoc_1//libhal_bsp.a(altera_nios2_qsys_irq.o)
                                 0xfd (size before relaxing)

.debug_loc      0x00000000     0x100c
 *(.debug_loc)
 .debug_loc     0x00000000       0xfd obj/default/src_1/cpu_1.o
 .debug_loc     0x000000fd       0x4f /opt/altera/13.0sp1/nios2eds/bin/gnu/H-i686-pc-linux-gnu/bin/../lib/gcc/nios2-elf/4.1.2/mno-hw-mul/libgcc.a(lib2-mul.o)
 .debug_loc     0x0000014c       0x8d /opt/altera/13.0sp1/nios2eds/bin/gnu/H-i686-pc-linux-gnu/bin/../lib/gcc/nios2-elf/4.1.2/../../../../nios2-elf/lib/mno-hw-mul/libsmallc.a(lib_a-printf.o)
 .debug_loc     0x000001d9       0xa2 /opt/altera/13.0sp1/nios2eds/bin/gnu/H-i686-pc-linux-gnu/bin/../lib/gcc/nios2-elf/4.1.2/../../../../nios2-elf/lib/mno-hw-mul/libsmallc.a(lib_a-puts.o)
 .debug_loc     0x0000027b       0x1e /opt/altera/13.0sp1/nios2eds/bin/gnu/H-i686-pc-linux-gnu/bin/../lib/gcc/nios2-elf/4.1.2/../../../../nios2-elf/lib/mno-hw-mul/libsmallc.a(lib_a-strlen.o)
 .debug_loc     0x00000299      0x878 /opt/altera/13.0sp1/nios2eds/bin/gnu/H-i686-pc-linux-gnu/bin/../lib/gcc/nios2-elf/4.1.2/../../../../nios2-elf/lib/mno-hw-mul/libsmallc.a(lib_a-vfprintf.o)
 .debug_loc     0x00000b11      0x162 /opt/altera/13.0sp1/nios2eds/bin/gnu/H-i686-pc-linux-gnu/bin/../lib/gcc/nios2-elf/4.1.2/../../../../nios2-elf/lib/mno-hw-mul/libsmallc.a(lib_a-fvwrite_small_dev.o)
 .debug_loc     0x00000c73       0x97 /opt/altera/13.0sp1/nios2eds/bin/gnu/H-i686-pc-linux-gnu/bin/../lib/gcc/nios2-elf/4.1.2/../../../../nios2-elf/lib/mno-hw-mul/libsmallc.a(lib_a-writer.o)
 .debug_loc     0x00000d0a      0x1d2 /opt/altera/13.0sp1/nios2eds/bin/gnu/H-i686-pc-linux-gnu/bin/../lib/gcc/nios2-elf/4.1.2/mno-hw-mul/libgcc.a(lib2-divmod.o)
 .debug_loc     0x00000edc       0x1f ../../bsp/mpsoc_hello_mpsoc_1//libhal_bsp.a(alt_load.o)
 .debug_loc     0x00000efb       0x1f ../../bsp/mpsoc_hello_mpsoc_1//libhal_bsp.a(alt_main.o)
 .debug_loc     0x00000f1a       0x9a ../../bsp/mpsoc_hello_mpsoc_1//libhal_bsp.a(alt_write.o)
 .debug_loc     0x00000fb4       0x32 ../../bsp/mpsoc_hello_mpsoc_1//libhal_bsp.a(alt_sys_init.o)
 .debug_loc     0x00000fe6       0x26 ../../bsp/mpsoc_hello_mpsoc_1//libhal_bsp.a(altera_avalon_jtag_uart_write.o)

.debug_macinfo
 *(.debug_macinfo)

.debug_weaknames
 *(.debug_weaknames)

.debug_funcnames
 *(.debug_funcnames)

.debug_typenames
 *(.debug_typenames)

.debug_varnames
 *(.debug_varnames)

.debug_alt_sim_info
                0x00000000       0x10
 *(.debug_alt_sim_info)
 .debug_alt_sim_info
                0x00000000       0x10 ../../bsp/mpsoc_hello_mpsoc_1//obj/HAL/src/crt0.o
                0x01120000                __alt_data_end = 0x1120000
                0x01120000                PROVIDE (__alt_stack_pointer, __alt_data_end)
                0x011110fc                PROVIDE (__alt_stack_limit, __alt_stack_base)
                0x011110fc                PROVIDE (__alt_heap_start, end)
                0x01120000                PROVIDE (__alt_heap_limit, 0x1120000)
OUTPUT(research_1.elf elf32-littlenios2)

.debug_ranges   0x00000000      0x160
 .debug_ranges  0x00000000       0x20 ../../bsp/mpsoc_hello_mpsoc_1//obj/HAL/src/crt0.o
 .debug_ranges  0x00000020      0x140 /opt/altera/13.0sp1/nios2eds/bin/gnu/H-i686-pc-linux-gnu/bin/../lib/gcc/nios2-elf/4.1.2/../../../../nios2-elf/lib/mno-hw-mul/libsmallc.a(lib_a-vfprintf.o)
