Archive member included because of file (symbol)

/opt/altera/13.0sp1/nios2eds/bin/gnu/H-i686-pc-linux-gnu/bin/../lib/gcc/nios2-elf/4.1.2/mno-hw-mul/libgcc.a(_floatundisf.o)
                              obj/default/src_0/cpu_0.o (__floatundisf)
/opt/altera/13.0sp1/nios2eds/bin/gnu/H-i686-pc-linux-gnu/bin/../lib/gcc/nios2-elf/4.1.2/mno-hw-mul/libgcc.a(_div_sf.o)
                              obj/default/src_0/cpu_0.o (__divsf3)
/opt/altera/13.0sp1/nios2eds/bin/gnu/H-i686-pc-linux-gnu/bin/../lib/gcc/nios2-elf/4.1.2/mno-hw-mul/libgcc.a(_sf_to_df.o)
                              obj/default/src_0/cpu_0.o (__extendsfdf2)
/opt/altera/13.0sp1/nios2eds/bin/gnu/H-i686-pc-linux-gnu/bin/../lib/gcc/nios2-elf/4.1.2/mno-hw-mul/libgcc.a(_thenan_sf.o)
                              /opt/altera/13.0sp1/nios2eds/bin/gnu/H-i686-pc-linux-gnu/bin/../lib/gcc/nios2-elf/4.1.2/mno-hw-mul/libgcc.a(_div_sf.o) (__thenan_sf)
/opt/altera/13.0sp1/nios2eds/bin/gnu/H-i686-pc-linux-gnu/bin/../lib/gcc/nios2-elf/4.1.2/mno-hw-mul/libgcc.a(_usi_to_sf.o)
                              obj/default/src_0/cpu_0.o (__floatunsisf)
/opt/altera/13.0sp1/nios2eds/bin/gnu/H-i686-pc-linux-gnu/bin/../lib/gcc/nios2-elf/4.1.2/mno-hw-mul/libgcc.a(_addsub_df.o)
                              obj/default/src_0/cpu_0.o (__adddf3)
/opt/altera/13.0sp1/nios2eds/bin/gnu/H-i686-pc-linux-gnu/bin/../lib/gcc/nios2-elf/4.1.2/mno-hw-mul/libgcc.a(_mul_df.o)
                              obj/default/src_0/cpu_0.o (__muldf3)
/opt/altera/13.0sp1/nios2eds/bin/gnu/H-i686-pc-linux-gnu/bin/../lib/gcc/nios2-elf/4.1.2/mno-hw-mul/libgcc.a(_si_to_df.o)
                              obj/default/src_0/cpu_0.o (__floatsidf)
/opt/altera/13.0sp1/nios2eds/bin/gnu/H-i686-pc-linux-gnu/bin/../lib/gcc/nios2-elf/4.1.2/mno-hw-mul/libgcc.a(_df_to_si.o)
                              obj/default/src_0/cpu_0.o (__fixdfsi)
/opt/altera/13.0sp1/nios2eds/bin/gnu/H-i686-pc-linux-gnu/bin/../lib/gcc/nios2-elf/4.1.2/mno-hw-mul/libgcc.a(_make_df.o)
                              /opt/altera/13.0sp1/nios2eds/bin/gnu/H-i686-pc-linux-gnu/bin/../lib/gcc/nios2-elf/4.1.2/mno-hw-mul/libgcc.a(_sf_to_df.o) (__make_dp)
/opt/altera/13.0sp1/nios2eds/bin/gnu/H-i686-pc-linux-gnu/bin/../lib/gcc/nios2-elf/4.1.2/mno-hw-mul/libgcc.a(_df_to_sf.o)
                              /opt/altera/13.0sp1/nios2eds/bin/gnu/H-i686-pc-linux-gnu/bin/../lib/gcc/nios2-elf/4.1.2/mno-hw-mul/libgcc.a(_floatundisf.o) (__truncdfsf2)
/opt/altera/13.0sp1/nios2eds/bin/gnu/H-i686-pc-linux-gnu/bin/../lib/gcc/nios2-elf/4.1.2/mno-hw-mul/libgcc.a(_thenan_df.o)
                              /opt/altera/13.0sp1/nios2eds/bin/gnu/H-i686-pc-linux-gnu/bin/../lib/gcc/nios2-elf/4.1.2/mno-hw-mul/libgcc.a(_addsub_df.o) (__thenan_df)
/opt/altera/13.0sp1/nios2eds/bin/gnu/H-i686-pc-linux-gnu/bin/../lib/gcc/nios2-elf/4.1.2/mno-hw-mul/libgcc.a(_usi_to_df.o)
                              /opt/altera/13.0sp1/nios2eds/bin/gnu/H-i686-pc-linux-gnu/bin/../lib/gcc/nios2-elf/4.1.2/mno-hw-mul/libgcc.a(_floatundisf.o) (__floatunsidf)
/opt/altera/13.0sp1/nios2eds/bin/gnu/H-i686-pc-linux-gnu/bin/../lib/gcc/nios2-elf/4.1.2/mno-hw-mul/libgcc.a(lib2-divmod.o)
                              obj/default/src_0/cpu_0.o (__divsi3)
/opt/altera/13.0sp1/nios2eds/bin/gnu/H-i686-pc-linux-gnu/bin/../lib/gcc/nios2-elf/4.1.2/mno-hw-mul/libgcc.a(lib2-mul.o)
                              obj/default/src_0/cpu_0.o (__mulsi3)
/opt/altera/13.0sp1/nios2eds/bin/gnu/H-i686-pc-linux-gnu/bin/../lib/gcc/nios2-elf/4.1.2/mno-hw-mul/libgcc.a(_muldi3.o)
                              /opt/altera/13.0sp1/nios2eds/bin/gnu/H-i686-pc-linux-gnu/bin/../lib/gcc/nios2-elf/4.1.2/mno-hw-mul/libgcc.a(_mul_df.o) (__muldi3)
/opt/altera/13.0sp1/nios2eds/bin/gnu/H-i686-pc-linux-gnu/bin/../lib/gcc/nios2-elf/4.1.2/mno-hw-mul/libgcc.a(_clzsi2.o)
                              /opt/altera/13.0sp1/nios2eds/bin/gnu/H-i686-pc-linux-gnu/bin/../lib/gcc/nios2-elf/4.1.2/mno-hw-mul/libgcc.a(_usi_to_sf.o) (__clzsi2)
/opt/altera/13.0sp1/nios2eds/bin/gnu/H-i686-pc-linux-gnu/bin/../lib/gcc/nios2-elf/4.1.2/mno-hw-mul/libgcc.a(_pack_sf.o)
                              /opt/altera/13.0sp1/nios2eds/bin/gnu/H-i686-pc-linux-gnu/bin/../lib/gcc/nios2-elf/4.1.2/mno-hw-mul/libgcc.a(_div_sf.o) (__pack_f)
/opt/altera/13.0sp1/nios2eds/bin/gnu/H-i686-pc-linux-gnu/bin/../lib/gcc/nios2-elf/4.1.2/mno-hw-mul/libgcc.a(_unpack_sf.o)
                              /opt/altera/13.0sp1/nios2eds/bin/gnu/H-i686-pc-linux-gnu/bin/../lib/gcc/nios2-elf/4.1.2/mno-hw-mul/libgcc.a(_div_sf.o) (__unpack_f)
/opt/altera/13.0sp1/nios2eds/bin/gnu/H-i686-pc-linux-gnu/bin/../lib/gcc/nios2-elf/4.1.2/mno-hw-mul/libgcc.a(_make_sf.o)
                              /opt/altera/13.0sp1/nios2eds/bin/gnu/H-i686-pc-linux-gnu/bin/../lib/gcc/nios2-elf/4.1.2/mno-hw-mul/libgcc.a(_df_to_sf.o) (__make_fp)
/opt/altera/13.0sp1/nios2eds/bin/gnu/H-i686-pc-linux-gnu/bin/../lib/gcc/nios2-elf/4.1.2/mno-hw-mul/libgcc.a(_pack_df.o)
[...]
Memory Configuration

Name             Origin             Length             Attributes
reset            0x00010000         0x00000020
onchip_0         0x00010020         0x0000ffe0
sdram            0x00800000         0x00800000
sram             0x01080000         0x00080000
*default*        0x00000000         0xffffffff

Linker script and memory map

LOAD ../../bsp/mpsoc_hello_mpsoc_0//obj/HAL/src/crt0.o
                0x0001000c                exit = _exit
LOAD obj/default/src_0/cpu_0.o
LOAD obj/default/src_0/delay_asm.o
LOAD /opt/altera/13.0sp1/nios2eds/bin/gnu/H-i686-pc-linux-gnu/bin/../lib/gcc/nios2-elf/4.1.2/../../../../nios2-elf/lib/mno-hw-mul/libstdc++.a
LOAD /opt/altera/13.0sp1/nios2eds/bin/gnu/H-i686-pc-linux-gnu/bin/../lib/gcc/nios2-elf/4.1.2/../../../../nios2-elf/lib/mno-hw-mul/libm.a
LOAD /opt/altera/13.0sp1/nios2eds/bin/gnu/H-i686-pc-linux-gnu/bin/../lib/gcc/nios2-elf/4.1.2/mno-hw-mul/libgcc.a
START GROUP
LOAD /opt/altera/13.0sp1/nios2eds/bin/gnu/H-i686-pc-linux-gnu/bin/../lib/gcc/nios2-elf/4.1.2/../../../../nios2-elf/lib/mno-hw-mul/libsmallc.a
LOAD /opt/altera/13.0sp1/nios2eds/bin/gnu/H-i686-pc-linux-gnu/bin/../lib/gcc/nios2-elf/4.1.2/mno-hw-mul/libgcc.a
LOAD ../../bsp/mpsoc_hello_mpsoc_0//libhal_bsp.a
END GROUP
LOAD /opt/altera/13.0sp1/nios2eds/bin/gnu/H-i686-pc-linux-gnu/bin/../lib/gcc/nios2-elf/4.1.2/mno-hw-mul/libgcc.a
                0x00010000                __alt_mem_onchip_0 = 0x10000
                0x00800000                __alt_mem_sdram = 0x800000
                0x01080000                __alt_mem_sram = 0x1080000

.entry          0x00010000       0x20
 *(.entry)
 .entry         0x00010000       0x20 ../../bsp/mpsoc_hello_mpsoc_0//obj/HAL/src/crt0.o
                0x00010000                __reset
                0x0001000c                _exit

.exceptions     0x00010020      0x120
                0x00010020                PROVIDE (__ram_exceptions_start, ABSOLUTE (.))
                0x00010020                . = ALIGN (0x20)
 *(.irq)
 *(.exceptions.entry.label)
 .exceptions.entry.label
                0x00010020        0x0 ../../bsp/mpsoc_hello_mpsoc_0//libhal_bsp.a(alt_irq_entry.o)
                0x00010020                alt_irq_entry
 .exceptions.entry.label
                0x00010020        0x0 ../../bsp/mpsoc_hello_mpsoc_0//libhal_bsp.a(alt_exception_entry.o)
                0x00010020                alt_exception
 *(.exceptions.entry.user)
 *(.exceptions.entry)
 .exceptions.entry
                0x00010020       0x54 ../../bsp/mpsoc_hello_mpsoc_0//libhal_bsp.a(alt_exception_entry.o)
 *(.exceptions.irqtest.user)
 *(.exceptions.irqtest)
 .exceptions.irqtest
                0x00010074       0x10 ../../bsp/mpsoc_hello_mpsoc_0//libhal_bsp.a(alt_irq_entry.o)
 *(.exceptions.irqhandler.user)
 *(.exceptions.irqhandler)
 .exceptions.irqhandler
                0x00010084        0x4 ../../bsp/mpsoc_hello_mpsoc_0//libhal_bsp.a(alt_irq_entry.o)
 *(.exceptions.irqreturn.user)
 *(.exceptions.irqreturn)
 .exceptions.irqreturn
                0x00010088        0x4 ../../bsp/mpsoc_hello_mpsoc_0//libhal_bsp.a(alt_irq_entry.o)
 *(.exceptions.notirq.label)
 .exceptions.notirq.label
                0x0001008c        0x0 ../../bsp/mpsoc_hello_mpsoc_0//libhal_bsp.a(alt_irq_entry.o)
 *(.exceptions.notirq.user)
 *(.exceptions.notirq)
 .exceptions.notirq
                0x0001008c        0x8 ../../bsp/mpsoc_hello_mpsoc_0//libhal_bsp.a(alt_exception_entry.o)
 *(.exceptions.soft.user)
 *(.exceptions.soft)
 *(.exceptions.unknown.user)
 *(.exceptions.unknown)
 .exceptions.unknown
                0x00010094        0x4 ../../bsp/mpsoc_hello_mpsoc_0//libhal_bsp.a(alt_exception_entry.o)
 *(.exceptions.exit.label)
 .exceptions.exit.label
                0x00010098        0x0 ../../bsp/mpsoc_hello_mpsoc_0//libhal_bsp.a(alt_irq_entry.o)
 .exceptions.exit.label
                0x00010098        0x0 ../../bsp/mpsoc_hello_mpsoc_0//libhal_bsp.a(alt_exception_entry.o)
 *(.exceptions.exit.user)
 *(.exceptions.exit)
 .exceptions.exit
                0x00010098       0x54 ../../bsp/mpsoc_hello_mpsoc_0//libhal_bsp.a(alt_exception_entry.o)
 *(.exceptions)
 .exceptions    0x000100ec       0x54 ../../bsp/mpsoc_hello_mpsoc_0//libhal_bsp.a(alt_irq_handler.o)
                0x000100ec                alt_irq_handler
                0x00010140                PROVIDE (__ram_exceptions_end, ABSOLUTE (.))
                0x00010020                PROVIDE (__flash_exceptions_start, LOADADDR (.exceptions))

.text           0x00010140     0x3690
                0x00010140                PROVIDE (stext, ABSOLUTE (.))
 *(.interp)
 *(.hash)
 *(.dynsym)
 *(.dynstr)
 *(.gnu.version)
 *(.gnu.version_d)
 *(.gnu.version_r)
 *(.rel.init)
 *(.rela.init)
 *(.rel.text .rel.text.* .rel.gnu.linkonce.t.*)
 *(.rela.text .rela.text.* .rela.gnu.linkonce.t.*)
 *(.rel.fini)
 *(.rela.fini)
 *(.rel.rodata .rel.rodata.* .rel.gnu.linkonce.r.*)
 *(.rela.rodata .rela.rodata.* .rela.gnu.linkonce.r.*)
 *(.rel.data .rel.data.* .rel.gnu.linkonce.d.*)
 *(.rela.data .rela.data.* .rela.gnu.linkonce.d.*)
 *(.rel.tdata .rel.tdata.* .rel.gnu.linkonce.td.*)
 *(.rela.tdata .rela.tdata.* .rela.gnu.linkonce.td.*)
 *(.rel.tbss .rel.tbss.* .rel.gnu.linkonce.tb.*)
 *(.rela.tbss .rela.tbss.* .rela.gnu.linkonce.tb.*)
 *(.rel.ctors)
 *(.rela.ctors)
 *(.rel.dtors)
 *(.rela.dtors)
 *(.rel.got)
 *(.rela.got)
 *(.rel.sdata .rel.sdata.* .rel.gnu.linkonce.s.*)
 *(.rela.sdata .rela.sdata.* .rela.gnu.linkonce.s.*)
 *(.rel.sbss .rel.sbss.* .rel.gnu.linkonce.sb.*)
 *(.rela.sbss .rela.sbss.* .rela.gnu.linkonce.sb.*)
 *(.rel.sdata2 .rel.sdata2.* .rel.gnu.linkonce.s2.*)
 *(.rela.sdata2 .rela.sdata2.* .rela.gnu.linkonce.s2.*)
 *(.rel.sbss2 .rel.sbss2.* .rel.gnu.linkonce.sb2.*)
 *(.rela.sbss2 .rela.sbss2.* .rela.gnu.linkonce.sb2.*)
 *(.rel.bss .rel.bss.* .rel.gnu.linkonce.b.*)
 *(.rela.bss .rela.bss.* .rela.gnu.linkonce.b.*)
 *(.rel.plt)
 *(.rela.plt)
 *(.rel.dyn)
 *(.init)
 *(.plt)
 *(.text .stub .text.* .gnu.linkonce.t.*)
 .text          0x00010140       0x3c ../../bsp/mpsoc_hello_mpsoc_0//obj/HAL/src/crt0.o
                0x00010140                _start
 .text          0x0001017c      0x550 obj/default/src_0/cpu_0.o
                0x0001017c                grayscale
                0x00010598                main
 .text          0x000106cc       0x20 obj/default/src_0/delay_asm.o
                0x000106cc                delay
 .text          0x000106ec       0xb8 /opt/altera/13.0sp1/nios2eds/bin/gnu/H-i686-pc-linux-gnu/bin/../lib/gcc/nios2-elf/4.1.2/mno-hw-mul/libgcc.a(_floatundisf.o)
                0x000106ec                __floatundisf
 .text          0x000107a4      0x174 /opt/altera/13.0sp1/nios2eds/bin/gnu/H-i686-pc-linux-gnu/bin/../lib/gcc/nios2-elf/4.1.2/mno-hw-mul/libgcc.a(_div_sf.o)
                0x000107a4                __divsf3
 .text          0x00010918       0x54 /opt/altera/13.0sp1/nios2eds/bin/gnu/H-i686-pc-linux-gnu/bin/../lib/gcc/nios2-elf/4.1.2/mno-hw-mul/libgcc.a(_sf_to_df.o)
                0x00010918                __extendsfdf2
 .text          0x0001096c        0x0 /opt/altera/13.0sp1/nios2eds/bin/gnu/H-i686-pc-linux-gnu/bin/../lib/gcc/nios2-elf/4.1.2/mno-hw-mul/libgcc.a(_thenan_sf.o)
 .text          0x0001096c       0xc0 /opt/altera/13.0sp1/nios2eds/bin/gnu/H-i686-pc-linux-gnu/bin/../lib/gcc/nios2-elf/4.1.2/mno-hw-mul/libgcc.a(_usi_to_sf.o)
                0x0001096c                __floatunsisf
 .text          0x00010a2c      0x504 /opt/altera/13.0sp1/nios2eds/bin/gnu/H-i686-pc-linux-gnu/bin/../lib/gcc/nios2-elf/4.1.2/mno-hw-mul/libgcc.a(_addsub_df.o)
                0x00010e3c                __subdf3
                0x00010ebc                __adddf3
 .text          0x00010f30      0x3c4 /opt/altera/13.0sp1/nios2eds/bin/gnu/H-i686-pc-linux-gnu/bin/../lib/gcc/nios2-elf/4.1.2/mno-hw-mul/libgcc.a(_mul_df.o)
                0x00010f30                __muldf3
 .text          0x000112f4       0xf8 /opt/altera/13.0sp1/nios2eds/bin/gnu/H-i686-pc-linux-gnu/bin/../lib/gcc/nios2-elf/4.1.2/mno-hw-mul/libgcc.a(_si_to_df.o)
                0x000112f4                __floatsidf
 .text          0x000113ec       0xd8 /opt/altera/13.0sp1/nios2eds/bin/gnu/H-i686-pc-linux-gnu/bin/../lib/gcc/nios2-elf/4.1.2/mno-hw-mul/libgcc.a(_df_to_si.o)
                0x000113ec                __fixdfsi
 .text          0x000114c4       0x38 /opt/altera/13.0sp1/nios2eds/bin/gnu/H-i686-pc-linux-gnu/bin/../lib/gcc/nios2-elf/4.1.2/mno-hw-mul/libgcc.a(_make_df.o)
                0x000114c4                __make_dp
 .text          0x000114fc       0x74 /opt/altera/13.0sp1/nios2eds/bin/gnu/H-i686-pc-linux-gnu/bin/../lib/gcc/nios2-elf/4.1.2/mno-hw-mul/libgcc.a(_df_to_sf.o)
                0x000114fc                __truncdfsf2
 .text          0x00011570        0x0 /opt/altera/13.0sp1/nios2eds/bin/gnu/H-i686-pc-linux-gnu/bin/../lib/gcc/nios2-elf/4.1.2/mno-hw-mul/libgcc.a(_thenan_df.o)
 .text          0x00011570      0x194 /opt/altera/13.0sp1/nios2eds/bin/gnu/H-i686-pc-linux-gnu/bin/../lib/gcc/nios2-elf/4.1.2/mno-hw-mul/libgcc.a(_usi_to_df.o)
                0x00011570                __floatunsidf
 .text          0x00011704      0x14c /opt/altera/13.0sp1/nios2eds/bin/gnu/H-i686-pc-linux-gnu/bin/../lib/gcc/nios2-elf/4.1.2/mno-hw-mul/libgcc.a(lib2-divmod.o)
                0x00011780                __divsi3
                0x000117e0                __modsi3
                0x00011840                __udivsi3
                0x00011848                __umodsi3
 .text          0x00011850       0x38 /opt/altera/13.0sp1/nios2eds/bin/gnu/H-i686-pc-linux-gnu/bin/../lib/gcc/nios2-elf/4.1.2/mno-hw-mul/libgcc.a(lib2-mul.o)
                0x00011850                __mulsi3
 .text          0x00011888      0x124 /opt/altera/13.0sp1/nios2eds/bin/gnu/H-i686-pc-linux-gnu/bin/../lib/gcc/nios2-elf/4.1.2/mno-hw-mul/libgcc.a(_muldi3.o)
                0x00011888                __muldi3
 .text          0x000119ac       0x80 /opt/altera/13.0sp1/nios2eds/bin/gnu/H-i686-pc-linux-gnu/bin/../lib/gcc/nios2-elf/4.1.2/mno-hw-mul/libgcc.a(_clzsi2.o)
                0x000119ac                __clzsi2
 .text          0x00011a2c      0x160 /opt/altera/13.0sp1/nios2eds/bin/gnu/H-i686-pc-linux-gnu/bin/../lib/gcc/nios2-elf/4.1.2/mno-hw-mul/libgcc.a(_pack_sf.o)
                0x00011a2c                __pack_f
 .text          0x00011b8c       0xc8 /opt/altera/13.0sp1/nios2eds/bin/gnu/H-i686-pc-linux-gnu/bin/../lib/gcc/nios2-elf/4.1.2/mno-hw-mul/libgcc.a(_unpack_sf.o)
                0x00011b8c                __unpack_f
 .text          0x00011c54       0x2c /opt/altera/13.0sp1/nios2eds/bin/gnu/H-i686-pc-linux-gnu/bin/../lib/gcc/nios2-elf/4.1.2/mno-hw-mul/libgcc.a(_make_sf.o)
                0x00011c54                __make_fp
 .text          0x00011c80      0x314 /opt/altera/13.0sp1/nios2eds/bin/gnu/H-i686-pc-linux-gnu/bin/../lib/gcc/nios2-elf/4.1.2/mno-hw-mul/libgcc.a(_pack_df.o)
                0x00011c80                __pack_d
 .text          0x00011f94      0x138 /opt/altera/13.0sp1/nios2eds/bin/gnu/H-i686-pc-linux-gnu/bin/../lib/gcc/nios2-elf/4.1.2/mno-hw-mul/libgcc.a(_unpack_df.o)
                0x00011f94                __unpack_d
 .text          0x000120cc        0x0 /opt/altera/13.0sp1/nios2eds/bin/gnu/H-i686-pc-linux-gnu/bin/../lib/gcc/nios2-elf/4.1.2/mno-hw-mul/libgcc.a(_clz.o)
 .text          0x000120cc       0x98 /opt/altera/13.0sp1/nios2eds/bin/gnu/H-i686-pc-linux-gnu/bin/../lib/gcc/nios2-elf/4.1.2/../../../../nios2-elf/lib/mno-hw-mul/libsmallc.a(lib_a-printf.o)
                0x000120cc                printf
                0x00012120                _printf_r
 .text          0x00012164      0x740 /opt/altera/13.0sp1/nios2eds/bin/gnu/H-i686-pc-linux-gnu/bin/../lib/gcc/nios2-elf/4.1.2/../../../../nios2-elf/lib/mno-hw-mul/libsmallc.a(lib_a-vfprintf.o)
                0x000121e4                ___vfprintf_internal_r
                0x00012880                __vfprintf_internal
 .text          0x000128a4       0xbc /opt/altera/13.0sp1/nios2eds/bin/gnu/H-i686-pc-linux-gnu/bin/../lib/gcc/nios2-elf/4.1.2/../../../../nios2-elf/lib/mno-hw-mul/libsmallc.a(lib_a-fvwrite_small_dev.o)
                0x000128a4                __sfvwrite_small_dev
 .text          0x00012960        0x0 /opt/altera/13.0sp1/nios2eds/bin/gnu/H-i686-pc-linux-gnu/bin/../lib/gcc/nios2-elf/4.1.2/../../../../nios2-elf/lib/mno-hw-mul/libsmallc.a(lib_a-impure.o)
 .text          0x00012960       0x20 /opt/altera/13.0sp1/nios2eds/bin/gnu/H-i686-pc-linux-gnu/bin/../lib/gcc/nios2-elf/4.1.2/../../../../nios2-elf/lib/mno-hw-mul/libsmallc.a(lib_a-strlen.o)
                0x00012960                strlen
 .text          0x00012980       0x78 /opt/altera/13.0sp1/nios2eds/bin/gnu/H-i686-pc-linux-gnu/bin/../lib/gcc/nios2-elf/4.1.2/../../../../nios2-elf/lib/mno-hw-mul/libsmallc.a(lib_a-writer.o)
                0x00012980                _write_r
 .text          0x000129f8        0x0 /opt/altera/13.0sp1/nios2eds/bin/gnu/H-i686-pc-linux-gnu/bin/../lib/gcc/nios2-elf/4.1.2/../../../../nios2-elf/lib/mno-hw-mul/libsmallc.a(lib_a-int_errno.o)
 .text          0x000129f8       0x8c ../../bsp/mpsoc_hello_mpsoc_0//libhal_bsp.a(alt_load.o)
                0x00012a18                alt_load
 .text          0x00012a84       0x2c ../../bsp/mpsoc_hello_mpsoc_0//libhal_bsp.a(alt_main.o)
                0x00012a84                alt_main
 .text          0x00012ab0       0x78 ../../bsp/mpsoc_hello_mpsoc_0//libhal_bsp.a(alt_write.o)
                0x00012ab0                write
 .text          0x00012b28       0x5c ../../bsp/mpsoc_hello_mpsoc_0//libhal_bsp.a(alt_sys_init.o)
                0x00012b28                alt_sys_init
                0x00012b64                alt_irq_init
 .text          0x00012b84       0x34 ../../bsp/mpsoc_hello_mpsoc_0//libhal_bsp.a(altera_avalon_jtag_uart_write.o)
                0x00012b84                altera_avalon_jtag_uart_write
 .text          0x00012bb8       0x5c ../../bsp/mpsoc_hello_mpsoc_0//libhal_bsp.a(altera_avalon_performance_counter.o)
                0x00012bb8                alt_get_performance_counter_base
                0x00012bc0                alt_get_cpu_freq
                0x00012bcc                perf_get_num_starts
                0x00012bdc                perf_get_section_time
                0x00012c0c                perf_get_total_time
 .text          0x00012c14       0x8c ../../bsp/mpsoc_hello_mpsoc_0//libhal_bsp.a(altera_avalon_timer_sc.o)
                0x00012c14                alt_avalon_timer_sc_init
 .text          0x00012ca0      0x228 ../../bsp/mpsoc_hello_mpsoc_0//libhal_bsp.a(perf_print_formatted_report.o)
                0x00012ca0                perf_print_formatted_report
 .text          0x00012ec8        0x4 ../../bsp/mpsoc_hello_mpsoc_0//libhal_bsp.a(alt_dcache_flush_all.o)
                0x00012ec8                alt_dcache_flush_all
 .text          0x00012ecc        0x0 ../../bsp/mpsoc_hello_mpsoc_0//libhal_bsp.a(alt_errno.o)
 .text          0x00012ecc        0x4 ../../bsp/mpsoc_hello_mpsoc_0//libhal_bsp.a(alt_icache_flush_all.o)
                0x00012ecc                alt_icache_flush_all
 .text          0x00012ed0       0x9c ../../bsp/mpsoc_hello_mpsoc_0//libhal_bsp.a(alt_iic.o)
                0x00012ed0                alt_ic_irq_enabled
                0x00012ee8                alt_ic_irq_enable
                0x00012f28                alt_ic_irq_disable
                0x00012f68                alt_ic_isr_register
 .text          0x00012f6c       0x6c ../../bsp/mpsoc_hello_mpsoc_0//libhal_bsp.a(alt_iic_isr_register.o)
                0x00012f6c                alt_iic_isr_register
 .text          0x00012fd8        0x0 ../../bsp/mpsoc_hello_mpsoc_0//libhal_bsp.a(alt_irq_entry.o)
 .text          0x00012fd8        0x0 ../../bsp/mpsoc_hello_mpsoc_0//libhal_bsp.a(alt_irq_handler.o)
 .text          0x00012fd8        0x0 ../../bsp/mpsoc_hello_mpsoc_0//libhal_bsp.a(alt_irq_vars.o)
 .text          0x00012fd8       0xe0 ../../bsp/mpsoc_hello_mpsoc_0//libhal_bsp.a(alt_tick.o)
                0x00012fd8                alt_alarm_stop
                0x0001300c                alt_tick
 .text          0x000130b8        0x8 ../../bsp/mpsoc_hello_mpsoc_0//libhal_bsp.a(altera_nios2_qsys_irq.o)
                0x000130b8                altera_nios2_qsys_irq_init
 .text          0x000130c0        0x0 ../../bsp/mpsoc_hello_mpsoc_0//libhal_bsp.a(alt_exception_entry.o)
 .text          0x000130c0       0xa4 /opt/altera/13.0sp1/nios2eds/bin/gnu/H-i686-pc-linux-gnu/bin/../lib/gcc/nios2-elf/4.1.2/../../../../nios2-elf/lib/mno-hw-mul/libsmallc.a(lib_a-puts.o)
                0x000130c0                _puts_r
                0x00013150                puts
 .text          0x00013164      0x66c /opt/altera/13.0sp1/nios2eds/bin/gnu/H-i686-pc-linux-gnu/bin/../lib/gcc/nios2-elf/4.1.2/mno-hw-mul/libgcc.a(_udivdi3.o)
                0x00013164                __udivdi3
 *(.gnu.warning.*)
 *(.fini)
                0x000137d0                PROVIDE (__etext, ABSOLUTE (.))
                0x000137d0                PROVIDE (_etext, ABSOLUTE (.))
                0x000137d0                PROVIDE (etext, ABSOLUTE (.))
 *(.eh_frame_hdr)
                0x000137d0                . = ALIGN (0x4)
                0x000137d0                PROVIDE (__preinit_array_start, ABSOLUTE (.))
 *(.preinit_array)
                0x000137d0                PROVIDE (__preinit_array_end, ABSOLUTE (.))
                0x000137d0                PROVIDE (__init_array_start, ABSOLUTE (.))
 *(.init_array)
                0x000137d0                PROVIDE (__init_array_end, ABSOLUTE (.))
                0x000137d0                PROVIDE (__fini_array_start, ABSOLUTE (.))
 *(.fini_array)
                0x000137d0                PROVIDE (__fini_array_end, ABSOLUTE (.))
 *(.eh_frame)
 *(.gcc_except_table)
 *(.dynamic)
                0x000137d0                PROVIDE (__CTOR_LIST__, ABSOLUTE (.))
 *(.ctors)
 *(SORT(.ctors.*))
                0x000137d0                PROVIDE (__CTOR_END__, ABSOLUTE (.))
                0x000137d0                PROVIDE (__DTOR_LIST__, ABSOLUTE (.))
 *(.dtors)
 *(SORT(.dtors.*))
                0x000137d0                PROVIDE (__DTOR_END__, ABSOLUTE (.))
 *(.jcr)
                0x000137d0                . = ALIGN (0x4)

.rodata         0x000137d0      0x270
                0x000137d0                PROVIDE (__ram_rodata_start, ABSOLUTE (.))
                0x000137d0                . = ALIGN (0x4)
 *(.rodata .rodata.* .gnu.linkonce.r.*)
 .rodata.str1.4
                0x000137d0       0x43 obj/default/src_0/cpu_0.o
                                 0x44 (size before relaxing)
 *fill*         0x00013813        0x1 00
 .rodata        0x00013814       0x10 /opt/altera/13.0sp1/nios2eds/bin/gnu/H-i686-pc-linux-gnu/bin/../lib/gcc/nios2-elf/4.1.2/mno-hw-mul/libgcc.a(_thenan_sf.o)
                0x00013814                __thenan_sf
 .rodata        0x00013824       0x14 /opt/altera/13.0sp1/nios2eds/bin/gnu/H-i686-pc-linux-gnu/bin/../lib/gcc/nios2-elf/4.1.2/mno-hw-mul/libgcc.a(_thenan_df.o)
                0x00013824                __thenan_df
 .rodata        0x00013838      0x100 /opt/altera/13.0sp1/nios2eds/bin/gnu/H-i686-pc-linux-gnu/bin/../lib/gcc/nios2-elf/4.1.2/mno-hw-mul/libgcc.a(_clz.o)
                0x00013838                __clz_tab
 .rodata.str1.4
                0x00013938      0x106 ../../bsp/mpsoc_hello_mpsoc_0//libhal_bsp.a(perf_print_formatted_report.o)
                                0x108 (size before relaxing)
 .rodata.str1.4
                0x00000000      0x108 /opt/altera/13.0sp1/nios2eds/bin/gnu/H-i686-pc-linux-gnu/bin/../lib/gcc/nios2-elf/4.1.2/../../../../nios2-elf/lib/mno-hw-mul/libsmallc.a(lib_a-puts.o)
                                  0x4 (size before relaxing)
 *(.rodata1)
                0x00013a40                . = ALIGN (0x4)
 *fill*         0x00013a3e        0x2 00
                0x00013a40                PROVIDE (__ram_rodata_end, ABSOLUTE (.))
                0x000137d0                PROVIDE (__flash_rodata_start, LOADADDR (.rodata))

.rwdata         0x00013a40     0x3100 load address 0x00016b40
                0x00013a40                PROVIDE (__ram_rwdata_start, ABSOLUTE (.))
                0x00013a40                . = ALIGN (0x4)
 *(.got.plt)
 *(.got)
 *(.data1)
 *(.data .data.* .gnu.linkonce.d.*)
 .data          0x00013a40        0x0 ../../bsp/mpsoc_hello_mpsoc_0//obj/HAL/src/crt0.o
 .data          0x00013a40     0x3004 obj/default/src_0/cpu_0.o
                0x00013a40                image
 .data          0x00016a44        0x0 obj/default/src_0/delay_asm.o
 .data          0x00016a44        0x0 /opt/altera/13.0sp1/nios2eds/bin/gnu/H-i686-pc-linux-gnu/bin/../lib/gcc/nios2-elf/4.1.2/mno-hw-mul/libgcc.a(_floatundisf.o)
 .data          0x00016a44        0x0 /opt/altera/13.0sp1/nios2eds/bin/gnu/H-i686-pc-linux-gnu/bin/../lib/gcc/nios2-elf/4.1.2/mno-hw-mul/libgcc.a(_div_sf.o)
 .data          0x00016a44        0x0 /opt/altera/13.0sp1/nios2eds/bin/gnu/H-i686-pc-linux-gnu/bin/../lib/gcc/nios2-elf/4.1.2/mno-hw-mul/libgcc.a(_sf_to_df.o)
 .data          0x00016a44        0x0 /opt/altera/13.0sp1/nios2eds/bin/gnu/H-i686-pc-linux-gnu/bin/../lib/gcc/nios2-elf/4.1.2/mno-hw-mul/libgcc.a(_thenan_sf.o)
 .data          0x00016a44        0x0 /opt/altera/13.0sp1/nios2eds/bin/gnu/H-i686-pc-linux-gnu/bin/../lib/gcc/nios2-elf/4.1.2/mno-hw-mul/libgcc.a(_usi_to_sf.o)
 .data          0x00016a44        0x0 /opt/altera/13.0sp1/nios2eds/bin/gnu/H-i686-pc-linux-gnu/bin/../lib/gcc/nios2-elf/4.1.2/mno-hw-mul/libgcc.a(_addsub_df.o)
 .data          0x00016a44        0x0 /opt/altera/13.0sp1/nios2eds/bin/gnu/H-i686-pc-linux-gnu/bin/../lib/gcc/nios2-elf/4.1.2/mno-hw-mul/libgcc.a(_mul_df.o)
 .data          0x00016a44        0x0 /opt/altera/13.0sp1/nios2eds/bin/gnu/H-i686-pc-linux-gnu/bin/../lib/gcc/nios2-elf/4.1.2/mno-hw-mul/libgcc.a(_si_to_df.o)
 .data          0x00016a44        0x0 /opt/altera/13.0sp1/nios2eds/bin/gnu/H-i686-pc-linux-gnu/bin/../lib/gcc/nios2-elf/4.1.2/mno-hw-mul/libgcc.a(_df_to_si.o)
 .data          0x00016a44        0x0 /opt/altera/13.0sp1/nios2eds/bin/gnu/H-i686-pc-linux-gnu/bin/../lib/gcc/nios2-elf/4.1.2/mno-hw-mul/libgcc.a(_make_df.o)
 .data          0x00016a44        0x0 /opt/altera/13.0sp1/nios2eds/bin/gnu/H-i686-pc-linux-gnu/bin/../lib/gcc/nios2-elf/4.1.2/mno-hw-mul/libgcc.a(_df_to_sf.o)
 .data          0x00016a44        0x0 /opt/altera/13.0sp1/nios2eds/bin/gnu/H-i686-pc-linux-gnu/bin/../lib/gcc/nios2-elf/4.1.2/mno-hw-mul/libgcc.a(_thenan_df.o)
 .data          0x00016a44        0x0 /opt/altera/13.0sp1/nios2eds/bin/gnu/H-i686-pc-linux-gnu/bin/../lib/gcc/nios2-elf/4.1.2/mno-hw-mul/libgcc.a(_usi_to_df.o)
 .data          0x00016a44        0x0 /opt/altera/13.0sp1/nios2eds/bin/gnu/H-i686-pc-linux-gnu/bin/../lib/gcc/nios2-elf/4.1.2/mno-hw-mul/libgcc.a(lib2-divmod.o)
 .data          0x00016a44        0x0 /opt/altera/13.0sp1/nios2eds/bin/gnu/H-i686-pc-linux-gnu/bin/../lib/gcc/nios2-elf/4.1.2/mno-hw-mul/libgcc.a(lib2-mul.o)
 .data          0x00016a44        0x0 /opt/altera/13.0sp1/nios2eds/bin/gnu/H-i686-pc-linux-gnu/bin/../lib/gcc/nios2-elf/4.1.2/mno-hw-mul/libgcc.a(_muldi3.o)
 .data          0x00016a44        0x0 /opt/altera/13.0sp1/nios2eds/bin/gnu/H-i686-pc-linux-gnu/bin/../lib/gcc/nios2-elf/4.1.2/mno-hw-mul/libgcc.a(_clzsi2.o)
 .data          0x00016a44        0x0 /opt/altera/13.0sp1/nios2eds/bin/gnu/H-i686-pc-linux-gnu/bin/../lib/gcc/nios2-elf/4.1.2/mno-hw-mul/libgcc.a(_pack_sf.o)
 .data          0x00016a44        0x0 /opt/altera/13.0sp1/nios2eds/bin/gnu/H-i686-pc-linux-gnu/bin/../lib/gcc/nios2-elf/4.1.2/mno-hw-mul/libgcc.a(_unpack_sf.o)
 .data          0x00016a44        0x0 /opt/altera/13.0sp1/nios2eds/bin/gnu/H-i686-pc-linux-gnu/bin/../lib/gcc/nios2-elf/4.1.2/mno-hw-mul/libgcc.a(_make_sf.o)
 .data          0x00016a44        0x0 /opt/altera/13.0sp1/nios2eds/bin/gnu/H-i686-pc-linux-gnu/bin/../lib/gcc/nios2-elf/4.1.2/mno-hw-mul/libgcc.a(_pack_df.o)
 .data          0x00016a44        0x0 /opt/altera/13.0sp1/nios2eds/bin/gnu/H-i686-pc-linux-gnu/bin/../lib/gcc/nios2-elf/4.1.2/mno-hw-mul/libgcc.a(_unpack_df.o)
 .data          0x00016a44        0x0 /opt/altera/13.0sp1/nios2eds/bin/gnu/H-i686-pc-linux-gnu/bin/../lib/gcc/nios2-elf/4.1.2/mno-hw-mul/libgcc.a(_clz.o)
 .data          0x00016a44        0x0 /opt/altera/13.0sp1/nios2eds/bin/gnu/H-i686-pc-linux-gnu/bin/../lib/gcc/nios2-elf/4.1.2/../../../../nios2-elf/lib/mno-hw-mul/libsmallc.a(lib_a-printf.o)
 .data          0x00016a44        0x0 /opt/altera/13.0sp1/nios2eds/bin/gnu/H-i686-pc-linux-gnu/bin/../lib/gcc/nios2-elf/4.1.2/../../../../nios2-elf/lib/mno-hw-mul/libsmallc.a(lib_a-vfprintf.o)
 .data          0x00016a44        0x0 /opt/altera/13.0sp1/nios2eds/bin/gnu/H-i686-pc-linux-gnu/bin/../lib/gcc/nios2-elf/4.1.2/../../../../nios2-elf/lib/mno-hw-mul/libsmallc.a(lib_a-fvwrite_small_dev.o)
 .data          0x00016a44       0xe0 /opt/altera/13.0sp1/nios2eds/bin/gnu/H-i686-pc-linux-gnu/bin/../lib/gcc/nios2-elf/4.1.2/../../../../nios2-elf/lib/mno-hw-mul/libsmallc.a(lib_a-impure.o)
 .data          0x00016b24        0x0 /opt/altera/13.0sp1/nios2eds/bin/gnu/H-i686-pc-linux-gnu/bin/../lib/gcc/nios2-elf/4.1.2/../../../../nios2-elf/lib/mno-hw-mul/libsmallc.a(lib_a-strlen.o)
 .data          0x00016b24        0x0 /opt/altera/13.0sp1/nios2eds/bin/gnu/H-i686-pc-linux-gnu/bin/../lib/gcc/nios2-elf/4.1.2/../../../../nios2-elf/lib/mno-hw-mul/libsmallc.a(lib_a-writer.o)
 .data          0x00016b24        0x0 /opt/altera/13.0sp1/nios2eds/bin/gnu/H-i686-pc-linux-gnu/bin/../lib/gcc/nios2-elf/4.1.2/../../../../nios2-elf/lib/mno-hw-mul/libsmallc.a(lib_a-int_errno.o)
 .data          0x00016b24        0x0 ../../bsp/mpsoc_hello_mpsoc_0//libhal_bsp.a(alt_load.o)
 .data          0x00016b24        0x0 ../../bsp/mpsoc_hello_mpsoc_0//libhal_bsp.a(alt_main.o)
 .data          0x00016b24        0x0 ../../bsp/mpsoc_hello_mpsoc_0//libhal_bsp.a(alt_write.o)
 .data          0x00016b24        0x0 ../../bsp/mpsoc_hello_mpsoc_0//libhal_bsp.a(alt_sys_init.o)
 .data          0x00016b24        0x0 ../../bsp/mpsoc_hello_mpsoc_0//libhal_bsp.a(altera_avalon_jtag_uart_write.o)
 .data          0x00016b24        0x0 ../../bsp/mpsoc_hello_mpsoc_0//libhal_bsp.a(altera_avalon_performance_counter.o)
 .data          0x00016b24        0x0 ../../bsp/mpsoc_hello_mpsoc_0//libhal_bsp.a(altera_avalon_timer_sc.o)
 .data          0x00016b24        0x0 ../../bsp/mpsoc_hello_mpsoc_0//libhal_bsp.a(perf_print_formatted_report.o)
 .data          0x00016b24        0x0 ../../bsp/mpsoc_hello_mpsoc_0//libhal_bsp.a(alt_dcache_flush_all.o)
 .data          0x00016b24        0x0 ../../bsp/mpsoc_hello_mpsoc_0//libhal_bsp.a(alt_errno.o)
 .data          0x00016b24        0x0 ../../bsp/mpsoc_hello_mpsoc_0//libhal_bsp.a(alt_icache_flush_all.o)
 .data          0x00016b24        0x0 ../../bsp/mpsoc_hello_mpsoc_0//libhal_bsp.a(alt_iic.o)
 .data          0x00016b24        0x0 ../../bsp/mpsoc_hello_mpsoc_0//libhal_bsp.a(alt_iic_isr_register.o)
 .data          0x00016b24        0x0 ../../bsp/mpsoc_hello_mpsoc_0//libhal_bsp.a(alt_irq_entry.o)
 .data          0x00016b24        0x0 ../../bsp/mpsoc_hello_mpsoc_0//libhal_bsp.a(alt_irq_handler.o)
 .data          0x00016b24        0x0 ../../bsp/mpsoc_hello_mpsoc_0//libhal_bsp.a(alt_irq_vars.o)
 .data          0x00016b24        0x0 ../../bsp/mpsoc_hello_mpsoc_0//libhal_bsp.a(alt_tick.o)
 .data          0x00016b24        0x0 ../../bsp/mpsoc_hello_mpsoc_0//libhal_bsp.a(altera_nios2_qsys_irq.o)
 .data          0x00016b24        0x0 ../../bsp/mpsoc_hello_mpsoc_0//libhal_bsp.a(alt_exception_entry.o)
 .data          0x00016b24        0x0 /opt/altera/13.0sp1/nios2eds/bin/gnu/H-i686-pc-linux-gnu/bin/../lib/gcc/nios2-elf/4.1.2/../../../../nios2-elf/lib/mno-hw-mul/libsmallc.a(lib_a-puts.o)
 .data          0x00016b24        0x0 /opt/altera/13.0sp1/nios2eds/bin/gnu/H-i686-pc-linux-gnu/bin/../lib/gcc/nios2-elf/4.1.2/mno-hw-mul/libgcc.a(_udivdi3.o)
                0x0001eb24                _gp = ABSOLUTE ((. + 0x8000))
                0x0001eb24                PROVIDE (gp, _gp)
 *(.rwdata .rwdata.*)
 *(.sdata .sdata.* .gnu.linkonce.s.*)
 .sdata         0x00016b24        0x8 /opt/altera/13.0sp1/nios2eds/bin/gnu/H-i686-pc-linux-gnu/bin/../lib/gcc/nios2-elf/4.1.2/../../../../nios2-elf/lib/mno-hw-mul/libsmallc.a(lib_a-impure.o)
                0x00016b24                _impure_ptr
                0x00016b28                _global_impure_ptr
 .sdata         0x00016b2c        0x4 ../../bsp/mpsoc_hello_mpsoc_0//libhal_bsp.a(alt_sys_init.o)
                0x00016b2c                jtag_uart_0
 .sdata         0x00016b30        0x4 ../../bsp/mpsoc_hello_mpsoc_0//libhal_bsp.a(alt_errno.o)
                0x00016b30                alt_errno
 .sdata         0x00016b34        0x4 ../../bsp/mpsoc_hello_mpsoc_0//libhal_bsp.a(alt_irq_vars.o)
                0x00016b34                alt_priority_mask
 .sdata         0x00016b38        0x8 ../../bsp/mpsoc_hello_mpsoc_0//libhal_bsp.a(alt_tick.o)
                0x00016b38                alt_alarm_list
 *(.sdata2 .sdata2.* .gnu.linkonce.s2.*)
                0x00016b40                . = ALIGN (0x4)
                0x00016b40                _edata = ABSOLUTE (.)
                0x00016b40                PROVIDE (edata, ABSOLUTE (.))
                0x00016b40                PROVIDE (__ram_rwdata_end, ABSOLUTE (.))
                0x00016b40                PROVIDE (__flash_rwdata_start, LOADADDR (.rwdata))

.bss            0x00019c40      0x120
                0x00019c40                __bss_start = ABSOLUTE (.)
                0x00019c40                PROVIDE (__sbss_start, ABSOLUTE (.))
                0x00019c40                PROVIDE (___sbss_start, ABSOLUTE (.))
 *(.dynsbss)
 *(.sbss .sbss.* .gnu.linkonce.sb.*)
 .sbss          0x00019c40        0x4 obj/default/src_0/cpu_0.o
                0x00019c40                grayed
 .sbss          0x00019c44        0x4 /opt/altera/13.0sp1/nios2eds/bin/gnu/H-i686-pc-linux-gnu/bin/../lib/gcc/nios2-elf/4.1.2/../../../../nios2-elf/lib/mno-hw-mul/libsmallc.a(lib_a-int_errno.o)
                0x00019c44                errno
 .sbss          0x00019c48        0xc ../../bsp/mpsoc_hello_mpsoc_0//libhal_bsp.a(alt_main.o)
                0x00019c48                alt_argc
                0x00019c4c                alt_argv
                0x00019c50                alt_envp
 .sbss          0x00019c54        0x4 ../../bsp/mpsoc_hello_mpsoc_0//libhal_bsp.a(alt_irq_vars.o)
                0x00019c54                alt_irq_active
 .sbss          0x00019c58        0x8 ../../bsp/mpsoc_hello_mpsoc_0//libhal_bsp.a(alt_tick.o)
                0x00019c58                _alt_tick_rate
                0x00019c5c                _alt_nticks
 *(.sbss2 .sbss2.* .gnu.linkonce.sb2.*)
 *(.scommon)
                0x00019c60                PROVIDE (__sbss_end, ABSOLUTE (.))
                0x00019c60                PROVIDE (___sbss_end, ABSOLUTE (.))
 *(.dynbss)
 *(.bss .bss.* .gnu.linkonce.b.*)
 .bss           0x00019c60        0x0 ../../bsp/mpsoc_hello_mpsoc_0//obj/HAL/src/crt0.o
 .bss           0x00019c60        0x0 obj/default/src_0/cpu_0.o
 .bss           0x00019c60        0x0 obj/default/src_0/delay_asm.o
 .bss           0x00019c60        0x0 /opt/altera/13.0sp1/nios2eds/bin/gnu/H-i686-pc-linux-gnu/bin/../lib/gcc/nios2-elf/4.1.2/mno-hw-mul/libgcc.a(_floatundisf.o)
 .bss           0x00019c60        0x0 /opt/altera/13.0sp1/nios2eds/bin/gnu/H-i686-pc-linux-gnu/bin/../lib/gcc/nios2-elf/4.1.2/mno-hw-mul/libgcc.a(_div_sf.o)
 .bss           0x00019c60        0x0 /opt/altera/13.0sp1/nios2eds/bin/gnu/H-i686-pc-linux-gnu/bin/../lib/gcc/nios2-elf/4.1.2/mno-hw-mul/libgcc.a(_sf_to_df.o)
 .bss           0x00019c60        0x0 /opt/altera/13.0sp1/nios2eds/bin/gnu/H-i686-pc-linux-gnu/bin/../lib/gcc/nios2-elf/4.1.2/mno-hw-mul/libgcc.a(_thenan_sf.o)
 .bss           0x00019c60        0x0 /opt/altera/13.0sp1/nios2eds/bin/gnu/H-i686-pc-linux-gnu/bin/../lib/gcc/nios2-elf/4.1.2/mno-hw-mul/libgcc.a(_usi_to_sf.o)
 .bss           0x00019c60        0x0 /opt/altera/13.0sp1/nios2eds/bin/gnu/H-i686-pc-linux-gnu/bin/../lib/gcc/nios2-elf/4.1.2/mno-hw-mul/libgcc.a(_addsub_df.o)
 .bss           0x00019c60        0x0 /opt/altera/13.0sp1/nios2eds/bin/gnu/H-i686-pc-linux-gnu/bin/../lib/gcc/nios2-elf/4.1.2/mno-hw-mul/libgcc.a(_mul_df.o)
 .bss           0x00019c60        0x0 /opt/altera/13.0sp1/nios2eds/bin/gnu/H-i686-pc-linux-gnu/bin/../lib/gcc/nios2-elf/4.1.2/mno-hw-mul/libgcc.a(_si_to_df.o)
 .bss           0x00019c60        0x0 /opt/altera/13.0sp1/nios2eds/bin/gnu/H-i686-pc-linux-gnu/bin/../lib/gcc/nios2-elf/4.1.2/mno-hw-mul/libgcc.a(_df_to_si.o)
 .bss           0x00019c60        0x0 /opt/altera/13.0sp1/nios2eds/bin/gnu/H-i686-pc-linux-gnu/bin/../lib/gcc/nios2-elf/4.1.2/mno-hw-mul/libgcc.a(_make_df.o)
 .bss           0x00019c60        0x0 /opt/altera/13.0sp1/nios2eds/bin/gnu/H-i686-pc-linux-gnu/bin/../lib/gcc/nios2-elf/4.1.2/mno-hw-mul/libgcc.a(_df_to_sf.o)
 .bss           0x00019c60        0x0 /opt/altera/13.0sp1/nios2eds/bin/gnu/H-i686-pc-linux-gnu/bin/../lib/gcc/nios2-elf/4.1.2/mno-hw-mul/libgcc.a(_thenan_df.o)
 .bss           0x00019c60        0x0 /opt/altera/13.0sp1/nios2eds/bin/gnu/H-i686-pc-linux-gnu/bin/../lib/gcc/nios2-elf/4.1.2/mno-hw-mul/libgcc.a(_usi_to_df.o)
 .bss           0x00019c60        0x0 /opt/altera/13.0sp1/nios2eds/bin/gnu/H-i686-pc-linux-gnu/bin/../lib/gcc/nios2-elf/4.1.2/mno-hw-mul/libgcc.a(lib2-divmod.o)
 .bss           0x00019c60        0x0 /opt/altera/13.0sp1/nios2eds/bin/gnu/H-i686-pc-linux-gnu/bin/../lib/gcc/nios2-elf/4.1.2/mno-hw-mul/libgcc.a(lib2-mul.o)
 .bss           0x00019c60        0x0 /opt/altera/13.0sp1/nios2eds/bin/gnu/H-i686-pc-linux-gnu/bin/../lib/gcc/nios2-elf/4.1.2/mno-hw-mul/libgcc.a(_muldi3.o)
 .bss           0x00019c60        0x0 /opt/altera/13.0sp1/nios2eds/bin/gnu/H-i686-pc-linux-gnu/bin/../lib/gcc/nios2-elf/4.1.2/mno-hw-mul/libgcc.a(_clzsi2.o)
 .bss           0x00019c60        0x0 /opt/altera/13.0sp1/nios2eds/bin/gnu/H-i686-pc-linux-gnu/bin/../lib/gcc/nios2-elf/4.1.2/mno-hw-mul/libgcc.a(_pack_sf.o)
 .bss           0x00019c60        0x0 /opt/altera/13.0sp1/nios2eds/bin/gnu/H-i686-pc-linux-gnu/bin/../lib/gcc/nios2-elf/4.1.2/mno-hw-mul/libgcc.a(_unpack_sf.o)
 .bss           0x00019c60        0x0 /opt/altera/13.0sp1/nios2eds/bin/gnu/H-i686-pc-linux-gnu/bin/../lib/gcc/nios2-elf/4.1.2/mno-hw-mul/libgcc.a(_make_sf.o)
 .bss           0x00019c60        0x0 /opt/altera/13.0sp1/nios2eds/bin/gnu/H-i686-pc-linux-gnu/bin/../lib/gcc/nios2-elf/4.1.2/mno-hw-mul/libgcc.a(_pack_df.o)
 .bss           0x00019c60        0x0 /opt/altera/13.0sp1/nios2eds/bin/gnu/H-i686-pc-linux-gnu/bin/../lib/gcc/nios2-elf/4.1.2/mno-hw-mul/libgcc.a(_unpack_df.o)
 .bss           0x00019c60        0x0 /opt/altera/13.0sp1/nios2eds/bin/gnu/H-i686-pc-linux-gnu/bin/../lib/gcc/nios2-elf/4.1.2/mno-hw-mul/libgcc.a(_clz.o)
 .bss           0x00019c60        0x0 /opt/altera/13.0sp1/nios2eds/bin/gnu/H-i686-pc-linux-gnu/bin/../lib/gcc/nios2-elf/4.1.2/../../../../nios2-elf/lib/mno-hw-mul/libsmallc.a(lib_a-printf.o)
 .bss           0x00019c60        0x0 /opt/altera/13.0sp1/nios2eds/bin/gnu/H-i686-pc-linux-gnu/bin/../lib/gcc/nios2-elf/4.1.2/../../../../nios2-elf/lib/mno-hw-mul/libsmallc.a(lib_a-vfprintf.o)
 .bss           0x00019c60        0x0 /opt/altera/13.0sp1/nios2eds/bin/gnu/H-i686-pc-linux-gnu/bin/../lib/gcc/nios2-elf/4.1.2/../../../../nios2-elf/lib/mno-hw-mul/libsmallc.a(lib_a-fvwrite_small_dev.o)
 .bss           0x00019c60        0x0 /opt/altera/13.0sp1/nios2eds/bin/gnu/H-i686-pc-linux-gnu/bin/../lib/gcc/nios2-elf/4.1.2/../../../../nios2-elf/lib/mno-hw-mul/libsmallc.a(lib_a-impure.o)
 .bss           0x00019c60        0x0 /opt/altera/13.0sp1/nios2eds/bin/gnu/H-i686-pc-linux-gnu/bin/../lib/gcc/nios2-elf/4.1.2/../../../../nios2-elf/lib/mno-hw-mul/libsmallc.a(lib_a-strlen.o)
 .bss           0x00019c60        0x0 /opt/altera/13.0sp1/nios2eds/bin/gnu/H-i686-pc-linux-gnu/bin/../lib/gcc/nios2-elf/4.1.2/../../../../nios2-elf/lib/mno-hw-mul/libsmallc.a(lib_a-writer.o)
 .bss           0x00019c60        0x0 /opt/altera/13.0sp1/nios2eds/bin/gnu/H-i686-pc-linux-gnu/bin/../lib/gcc/nios2-elf/4.1.2/../../../../nios2-elf/lib/mno-hw-mul/libsmallc.a(lib_a-int_errno.o)
 .bss           0x00019c60        0x0 ../../bsp/mpsoc_hello_mpsoc_0//libhal_bsp.a(alt_load.o)
 .bss           0x00019c60        0x0 ../../bsp/mpsoc_hello_mpsoc_0//libhal_bsp.a(alt_main.o)
 .bss           0x00019c60        0x0 ../../bsp/mpsoc_hello_mpsoc_0//libhal_bsp.a(alt_write.o)
 .bss           0x00019c60        0x0 ../../bsp/mpsoc_hello_mpsoc_0//libhal_bsp.a(alt_sys_init.o)
 .bss           0x00019c60        0x0 ../../bsp/mpsoc_hello_mpsoc_0//libhal_bsp.a(altera_avalon_jtag_uart_write.o)
 .bss           0x00019c60        0x0 ../../bsp/mpsoc_hello_mpsoc_0//libhal_bsp.a(altera_avalon_performance_counter.o)
 .bss           0x00019c60        0x0 ../../bsp/mpsoc_hello_mpsoc_0//libhal_bsp.a(altera_avalon_timer_sc.o)
 .bss           0x00019c60        0x0 ../../bsp/mpsoc_hello_mpsoc_0//libhal_bsp.a(perf_print_formatted_report.o)
 .bss           0x00019c60        0x0 ../../bsp/mpsoc_hello_mpsoc_0//libhal_bsp.a(alt_dcache_flush_all.o)
 .bss           0x00019c60        0x0 ../../bsp/mpsoc_hello_mpsoc_0//libhal_bsp.a(alt_errno.o)
 .bss           0x00019c60        0x0 ../../bsp/mpsoc_hello_mpsoc_0//libhal_bsp.a(alt_icache_flush_all.o)
 .bss           0x00019c60        0x0 ../../bsp/mpsoc_hello_mpsoc_0//libhal_bsp.a(alt_iic.o)
 .bss           0x00019c60        0x0 ../../bsp/mpsoc_hello_mpsoc_0//libhal_bsp.a(alt_iic_isr_register.o)
 .bss           0x00019c60        0x0 ../../bsp/mpsoc_hello_mpsoc_0//libhal_bsp.a(alt_irq_entry.o)
 .bss           0x00019c60        0x0 ../../bsp/mpsoc_hello_mpsoc_0//libhal_bsp.a(alt_irq_handler.o)
 .bss           0x00019c60        0x0 ../../bsp/mpsoc_hello_mpsoc_0//libhal_bsp.a(alt_irq_vars.o)
 .bss           0x00019c60        0x0 ../../bsp/mpsoc_hello_mpsoc_0//libhal_bsp.a(alt_tick.o)
 .bss           0x00019c60        0x0 ../../bsp/mpsoc_hello_mpsoc_0//libhal_bsp.a(altera_nios2_qsys_irq.o)
 .bss           0x00019c60        0x0 ../../bsp/mpsoc_hello_mpsoc_0//libhal_bsp.a(alt_exception_entry.o)
 .bss           0x00019c60        0x0 /opt/altera/13.0sp1/nios2eds/bin/gnu/H-i686-pc-linux-gnu/bin/../lib/gcc/nios2-elf/4.1.2/../../../../nios2-elf/lib/mno-hw-mul/libsmallc.a(lib_a-puts.o)
 .bss           0x00019c60        0x0 /opt/altera/13.0sp1/nios2eds/bin/gnu/H-i686-pc-linux-gnu/bin/../lib/gcc/nios2-elf/4.1.2/mno-hw-mul/libgcc.a(_udivdi3.o)
 *(COMMON)
 COMMON         0x00019c60      0x100 ../../bsp/mpsoc_hello_mpsoc_0//libhal_bsp.a(alt_irq_handler.o)
                0x00019c60                alt_irq
                0x00019d60                . = ALIGN (0x4)
                0x00019d60                __bss_end = ABSOLUTE (.)

.onchip_0       0x00019d60        0x0
                0x00019d60                PROVIDE (_alt_partition_onchip_0_start, ABSOLUTE (.))
 *(.onchip_0. onchip_0.*)
                0x00019d60                . = ALIGN (0x4)
                0x00019d60                PROVIDE (_alt_partition_onchip_0_end, ABSOLUTE (.))
                0x00019d60                _end = ABSOLUTE (.)
                0x00019d60                end = ABSOLUTE (.)
                0x00019d60                __alt_stack_base = ABSOLUTE (.)
                0x00019d60                PROVIDE (_alt_partition_onchip_0_load_addr, LOADADDR (.onchip_0))

.sdram          0x00800000        0x0 load address 0x00019d60
                0x00800000                PROVIDE (_alt_partition_sdram_start, ABSOLUTE (.))
 *(.sdram. sdram.*)
                0x00800000                . = ALIGN (0x4)
                0x00800000                PROVIDE (_alt_partition_sdram_end, ABSOLUTE (.))
                0x00019d60                PROVIDE (_alt_partition_sdram_load_addr, LOADADDR (.sdram))

.sram           0x01080000        0x0 load address 0x00019d60
                0x01080000                PROVIDE (_alt_partition_sram_start, ABSOLUTE (.))
 *(.sram. sram.*)
                0x01080000                . = ALIGN (0x4)
                0x01080000                PROVIDE (_alt_partition_sram_end, ABSOLUTE (.))
                0x00019d60                PROVIDE (_alt_partition_sram_load_addr, LOADADDR (.sram))

.stab
 *(.stab)

.stabstr
 *(.stabstr)

.stab.excl
 *(.stab.excl)

.stab.exclstr
 *(.stab.exclstr)

.stab.index
 *(.stab.index)

.stab.indexstr
 *(.stab.indexstr)

.comment        0x00000000       0x26
 *(.comment)
 .comment       0x00000000       0x26 obj/default/src_0/cpu_0.o
                                 0x27 (size before relaxing)
 .comment       0x00000000       0x27 /opt/altera/13.0sp1/nios2eds/bin/gnu/H-i686-pc-linux-gnu/bin/../lib/gcc/nios2-elf/4.1.2/mno-hw-mul/libgcc.a(_floatundisf.o)
 .comment       0x00000000       0x27 /opt/altera/13.0sp1/nios2eds/bin/gnu/H-i686-pc-linux-gnu/bin/../lib/gcc/nios2-elf/4.1.2/mno-hw-mul/libgcc.a(_div_sf.o)
 .comment       0x00000000       0x27 /opt/altera/13.0sp1/nios2eds/bin/gnu/H-i686-pc-linux-gnu/bin/../lib/gcc/nios2-elf/4.1.2/mno-hw-mul/libgcc.a(_sf_to_df.o)
 .comment       0x00000000       0x27 /opt/altera/13.0sp1/nios2eds/bin/gnu/H-i686-pc-linux-gnu/bin/../lib/gcc/nios2-elf/4.1.2/mno-hw-mul/libgcc.a(_thenan_sf.o)
 .comment       0x00000000       0x27 /opt/altera/13.0sp1/nios2eds/bin/gnu/H-i686-pc-linux-gnu/bin/../lib/gcc/nios2-elf/4.1.2/mno-hw-mul/libgcc.a(_usi_to_sf.o)
 .comment       0x00000000       0x27 /opt/altera/13.0sp1/nios2eds/bin/gnu/H-i686-pc-linux-gnu/bin/../lib/gcc/nios2-elf/4.1.2/mno-hw-mul/libgcc.a(_addsub_df.o)
 .comment       0x00000000       0x27 /opt/altera/13.0sp1/nios2eds/bin/gnu/H-i686-pc-linux-gnu/bin/../lib/gcc/nios2-elf/4.1.2/mno-hw-mul/libgcc.a(_mul_df.o)
 .comment       0x00000000       0x27 /opt/altera/13.0sp1/nios2eds/bin/gnu/H-i686-pc-linux-gnu/bin/../lib/gcc/nios2-elf/4.1.2/mno-hw-mul/libgcc.a(_si_to_df.o)
 .comment       0x00000000       0x27 /opt/altera/13.0sp1/nios2eds/bin/gnu/H-i686-pc-linux-gnu/bin/../lib/gcc/nios2-elf/4.1.2/mno-hw-mul/libgcc.a(_df_to_si.o)
 .comment       0x00000000       0x27 /opt/altera/13.0sp1/nios2eds/bin/gnu/H-i686-pc-linux-gnu/bin/../lib/gcc/nios2-elf/4.1.2/mno-hw-mul/libgcc.a(_make_df.o)
 .comment       0x00000000       0x27 /opt/altera/13.0sp1/nios2eds/bin/gnu/H-i686-pc-linux-gnu/bin/../lib/gcc/nios2-elf/4.1.2/mno-hw-mul/libgcc.a(_df_to_sf.o)
 .comment       0x00000000       0x27 /opt/altera/13.0sp1/nios2eds/bin/gnu/H-i686-pc-linux-gnu/bin/../lib/gcc/nios2-elf/4.1.2/mno-hw-mul/libgcc.a(_thenan_df.o)
 .comment       0x00000000       0x27 /opt/altera/13.0sp1/nios2eds/bin/gnu/H-i686-pc-linux-gnu/bin/../lib/gcc/nios2-elf/4.1.2/mno-hw-mul/libgcc.a(_usi_to_df.o)
 .comment       0x00000000       0x27 /opt/altera/13.0sp1/nios2eds/bin/gnu/H-i686-pc-linux-gnu/bin/../lib/gcc/nios2-elf/4.1.2/mno-hw-mul/libgcc.a(lib2-divmod.o)
 .comment       0x00000000       0x27 /opt/altera/13.0sp1/nios2eds/bin/gnu/H-i686-pc-linux-gnu/bin/../lib/gcc/nios2-elf/4.1.2/mno-hw-mul/libgcc.a(lib2-mul.o)
 .comment       0x00000000       0x27 /opt/altera/13.0sp1/nios2eds/bin/gnu/H-i686-pc-linux-gnu/bin/../lib/gcc/nios2-elf/4.1.2/mno-hw-mul/libgcc.a(_muldi3.o)
 .comment       0x00000000       0x27 /opt/altera/13.0sp1/nios2eds/bin/gnu/H-i686-pc-linux-gnu/bin/../lib/gcc/nios2-elf/4.1.2/mno-hw-mul/libgcc.a(_clzsi2.o)
 .comment       0x00000000       0x27 /opt/altera/13.0sp1/nios2eds/bin/gnu/H-i686-pc-linux-gnu/bin/../lib/gcc/nios2-elf/4.1.2/mno-hw-mul/libgcc.a(_pack_sf.o)
 .comment       0x00000000       0x27 /opt/altera/13.0sp1/nios2eds/bin/gnu/H-i686-pc-linux-gnu/bin/../lib/gcc/nios2-elf/4.1.2/mno-hw-mul/libgcc.a(_unpack_sf.o)
 .comment       0x00000000       0x27 /opt/altera/13.0sp1/nios2eds/bin/gnu/H-i686-pc-linux-gnu/bin/../lib/gcc/nios2-elf/4.1.2/mno-hw-mul/libgcc.a(_make_sf.o)
 .comment       0x00000000       0x27 /opt/altera/13.0sp1/nios2eds/bin/gnu/H-i686-pc-linux-gnu/bin/../lib/gcc/nios2-elf/4.1.2/mno-hw-mul/libgcc.a(_pack_df.o)
 .comment       0x00000000       0x27 /opt/altera/13.0sp1/nios2eds/bin/gnu/H-i686-pc-linux-gnu/bin/../lib/gcc/nios2-elf/4.1.2/mno-hw-mul/libgcc.a(_unpack_df.o)
 .comment       0x00000000       0x27 /opt/altera/13.0sp1/nios2eds/bin/gnu/H-i686-pc-linux-gnu/bin/../lib/gcc/nios2-elf/4.1.2/mno-hw-mul/libgcc.a(_clz.o)
 .comment       0x00000000       0x27 /opt/altera/13.0sp1/nios2eds/bin/gnu/H-i686-pc-linux-gnu/bin/../lib/gcc/nios2-elf/4.1.2/../../../../nios2-elf/lib/mno-hw-mul/libsmallc.a(lib_a-printf.o)
 .comment       0x00000000       0x27 /opt/altera/13.0sp1/nios2eds/bin/gnu/H-i686-pc-linux-gnu/bin/../lib/gcc/nios2-elf/4.1.2/../../../../nios2-elf/lib/mno-hw-mul/libsmallc.a(lib_a-vfprintf.o)
 .comment       0x00000000       0x27 /opt/altera/13.0sp1/nios2eds/bin/gnu/H-i686-pc-linux-gnu/bin/../lib/gcc/nios2-elf/4.1.2/../../../../nios2-elf/lib/mno-hw-mul/libsmallc.a(lib_a-fvwrite_small_dev.o)
 .comment       0x00000000       0x27 /opt/altera/13.0sp1/nios2eds/bin/gnu/H-i686-pc-linux-gnu/bin/../lib/gcc/nios2-elf/4.1.2/../../../../nios2-elf/lib/mno-hw-mul/libsmallc.a(lib_a-impure.o)
 .comment       0x00000000       0x27 /opt/altera/13.0sp1/nios2eds/bin/gnu/H-i686-pc-linux-gnu/bin/../lib/gcc/nios2-elf/4.1.2/../../../../nios2-elf/lib/mno-hw-mul/libsmallc.a(lib_a-strlen.o)
 .comment       0x00000000       0x27 /opt/altera/13.0sp1/nios2eds/bin/gnu/H-i686-pc-linux-gnu/bin/../lib/gcc/nios2-elf/4.1.2/../../../../nios2-elf/lib/mno-hw-mul/libsmallc.a(lib_a-writer.o)
 .comment       0x00000000       0x27 /opt/altera/13.0sp1/nios2eds/bin/gnu/H-i686-pc-linux-gnu/bin/../lib/gcc/nios2-elf/4.1.2/../../../../nios2-elf/lib/mno-hw-mul/libsmallc.a(lib_a-int_errno.o)
 .comment       0x00000000       0x27 ../../bsp/mpsoc_hello_mpsoc_0//libhal_bsp.a(alt_load.o)
 .comment       0x00000000       0x27 ../../bsp/mpsoc_hello_mpsoc_0//libhal_bsp.a(alt_main.o)
 .comment       0x00000000       0x27 ../../bsp/mpsoc_hello_mpsoc_0//libhal_bsp.a(alt_write.o)
 .comment       0x00000000       0x27 ../../bsp/mpsoc_hello_mpsoc_0//libhal_bsp.a(alt_sys_init.o)
 .comment       0x00000000       0x27 ../../bsp/mpsoc_hello_mpsoc_0//libhal_bsp.a(altera_avalon_jtag_uart_write.o)
 .comment       0x00000000       0x27 ../../bsp/mpsoc_hello_mpsoc_0//libhal_bsp.a(altera_avalon_performance_counter.o)
 .comment       0x00000000       0x27 ../../bsp/mpsoc_hello_mpsoc_0//libhal_bsp.a(altera_avalon_timer_sc.o)
 .comment       0x00000000       0x27 ../../bsp/mpsoc_hello_mpsoc_0//libhal_bsp.a(perf_print_formatted_report.o)
 .comment       0x00000000       0x27 ../../bsp/mpsoc_hello_mpsoc_0//libhal_bsp.a(alt_dcache_flush_all.o)
 .comment       0x00000000       0x27 ../../bsp/mpsoc_hello_mpsoc_0//libhal_bsp.a(alt_errno.o)
 .comment       0x00000000       0x27 ../../bsp/mpsoc_hello_mpsoc_0//libhal_bsp.a(alt_icache_flush_all.o)
 .comment       0x00000000       0x27 ../../bsp/mpsoc_hello_mpsoc_0//libhal_bsp.a(alt_iic.o)
 .comment       0x00000000       0x27 ../../bsp/mpsoc_hello_mpsoc_0//libhal_bsp.a(alt_iic_isr_register.o)
 .comment       0x00000000       0x27 ../../bsp/mpsoc_hello_mpsoc_0//libhal_bsp.a(alt_irq_handler.o)
 .comment       0x00000000       0x27 ../../bsp/mpsoc_hello_mpsoc_0//libhal_bsp.a(alt_irq_vars.o)
 .comment       0x00000000       0x27 ../../bsp/mpsoc_hello_mpsoc_0//libhal_bsp.a(alt_tick.o)
 .comment       0x00000000       0x27 ../../bsp/mpsoc_hello_mpsoc_0//libhal_bsp.a(altera_nios2_qsys_irq.o)
 .comment       0x00000000       0x27 /opt/altera/13.0sp1/nios2eds/bin/gnu/H-i686-pc-linux-gnu/bin/../lib/gcc/nios2-elf/4.1.2/../../../../nios2-elf/lib/mno-hw-mul/libsmallc.a(lib_a-puts.o)
 .comment       0x00000000       0x27 /opt/altera/13.0sp1/nios2eds/bin/gnu/H-i686-pc-linux-gnu/bin/../lib/gcc/nios2-elf/4.1.2/mno-hw-mul/libgcc.a(_udivdi3.o)

.debug
 *(.debug)

.line
 *(.line)

.debug_srcinfo
 *(.debug_srcinfo)

.debug_sfnames
 *(.debug_sfnames)

.debug_aranges  0x00000000      0x618
 *(.debug_aranges)
 .debug_aranges
                0x00000000       0x28 ../../bsp/mpsoc_hello_mpsoc_0//obj/HAL/src/crt0.o
 .debug_aranges
                0x00000028       0x20 obj/default/src_0/cpu_0.o
 .debug_aranges
                0x00000048       0x20 obj/default/src_0/delay_asm.o
 .debug_aranges
                0x00000068       0x20 /opt/altera/13.0sp1/nios2eds/bin/gnu/H-i686-pc-linux-gnu/bin/../lib/gcc/nios2-elf/4.1.2/mno-hw-mul/libgcc.a(_floatundisf.o)
 .debug_aranges
                0x00000088       0x20 /opt/altera/13.0sp1/nios2eds/bin/gnu/H-i686-pc-linux-gnu/bin/../lib/gcc/nios2-elf/4.1.2/mno-hw-mul/libgcc.a(_div_sf.o)
 .debug_aranges
                0x000000a8       0x20 /opt/altera/13.0sp1/nios2eds/bin/gnu/H-i686-pc-linux-gnu/bin/../lib/gcc/nios2-elf/4.1.2/mno-hw-mul/libgcc.a(_sf_to_df.o)
 .debug_aranges
                0x000000c8       0x20 /opt/altera/13.0sp1/nios2eds/bin/gnu/H-i686-pc-linux-gnu/bin/../lib/gcc/nios2-elf/4.1.2/mno-hw-mul/libgcc.a(_usi_to_sf.o)
 .debug_aranges
                0x000000e8       0x20 /opt/altera/13.0sp1/nios2eds/bin/gnu/H-i686-pc-linux-gnu/bin/../lib/gcc/nios2-elf/4.1.2/mno-hw-mul/libgcc.a(_addsub_df.o)
 .debug_aranges
                0x00000108       0x20 /opt/altera/13.0sp1/nios2eds/bin/gnu/H-i686-pc-linux-gnu/bin/../lib/gcc/nios2-elf/4.1.2/mno-hw-mul/libgcc.a(_mul_df.o)
 .debug_aranges
                0x00000128       0x20 /opt/altera/13.0sp1/nios2eds/bin/gnu/H-i686-pc-linux-gnu/bin/../lib/gcc/nios2-elf/4.1.2/mno-hw-mul/libgcc.a(_si_to_df.o)
 .debug_aranges
                0x00000148       0x20 /opt/altera/13.0sp1/nios2eds/bin/gnu/H-i686-pc-linux-gnu/bin/../lib/gcc/nios2-elf/4.1.2/mno-hw-mul/libgcc.a(_df_to_si.o)
 .debug_aranges
                0x00000168       0x20 /opt/altera/13.0sp1/nios2eds/bin/gnu/H-i686-pc-linux-gnu/bin/../lib/gcc/nios2-elf/4.1.2/mno-hw-mul/libgcc.a(_make_df.o)
 .debug_aranges
                0x00000188       0x20 /opt/altera/13.0sp1/nios2eds/bin/gnu/H-i686-pc-linux-gnu/bin/../lib/gcc/nios2-elf/4.1.2/mno-hw-mul/libgcc.a(_df_to_sf.o)
 .debug_aranges
                0x000001a8       0x20 /opt/altera/13.0sp1/nios2eds/bin/gnu/H-i686-pc-linux-gnu/bin/../lib/gcc/nios2-elf/4.1.2/mno-hw-mul/libgcc.a(_usi_to_df.o)
 .debug_aranges
                0x000001c8       0x20 /opt/altera/13.0sp1/nios2eds/bin/gnu/H-i686-pc-linux-gnu/bin/../lib/gcc/nios2-elf/4.1.2/mno-hw-mul/libgcc.a(lib2-divmod.o)
 .debug_aranges
                0x000001e8       0x20 /opt/altera/13.0sp1/nios2eds/bin/gnu/H-i686-pc-linux-gnu/bin/../lib/gcc/nios2-elf/4.1.2/mno-hw-mul/libgcc.a(lib2-mul.o)
 .debug_aranges
                0x00000208       0x20 /opt/altera/13.0sp1/nios2eds/bin/gnu/H-i686-pc-linux-gnu/bin/../lib/gcc/nios2-elf/4.1.2/mno-hw-mul/libgcc.a(_muldi3.o)
 .debug_aranges
                0x00000228       0x20 /opt/altera/13.0sp1/nios2eds/bin/gnu/H-i686-pc-linux-gnu/bin/../lib/gcc/nios2-elf/4.1.2/mno-hw-mul/libgcc.a(_clzsi2.o)
 .debug_aranges
                0x00000248       0x20 /opt/altera/13.0sp1/nios2eds/bin/gnu/H-i686-pc-linux-gnu/bin/../lib/gcc/nios2-elf/4.1.2/mno-hw-mul/libgcc.a(_pack_sf.o)
 .debug_aranges
                0x00000268       0x20 /opt/altera/13.0sp1/nios2eds/bin/gnu/H-i686-pc-linux-gnu/bin/../lib/gcc/nios2-elf/4.1.2/mno-hw-mul/libgcc.a(_unpack_sf.o)
 .debug_aranges
                0x00000288       0x20 /opt/altera/13.0sp1/nios2eds/bin/gnu/H-i686-pc-linux-gnu/bin/../lib/gcc/nios2-elf/4.1.2/mno-hw-mul/libgcc.a(_make_sf.o)
 .debug_aranges
                0x000002a8       0x20 /opt/altera/13.0sp1/nios2eds/bin/gnu/H-i686-pc-linux-gnu/bin/../lib/gcc/nios2-elf/4.1.2/mno-hw-mul/libgcc.a(_pack_df.o)
 .debug_aranges
                0x000002c8       0x20 /opt/altera/13.0sp1/nios2eds/bin/gnu/H-i686-pc-linux-gnu/bin/../lib/gcc/nios2-elf/4.1.2/mno-hw-mul/libgcc.a(_unpack_df.o)
 .debug_aranges
                0x000002e8       0x20 /opt/altera/13.0sp1/nios2eds/bin/gnu/H-i686-pc-linux-gnu/bin/../lib/gcc/nios2-elf/4.1.2/../../../../nios2-elf/lib/mno-hw-mul/libsmallc.a(lib_a-printf.o)
 .debug_aranges
                0x00000308       0x20 /opt/altera/13.0sp1/nios2eds/bin/gnu/H-i686-pc-linux-gnu/bin/../lib/gcc/nios2-elf/4.1.2/../../../../nios2-elf/lib/mno-hw-mul/libsmallc.a(lib_a-vfprintf.o)
 .debug_aranges
                0x00000328       0x20 /opt/altera/13.0sp1/nios2eds/bin/gnu/H-i686-pc-linux-gnu/bin/../lib/gcc/nios2-elf/4.1.2/../../../../nios2-elf/lib/mno-hw-mul/libsmallc.a(lib_a-fvwrite_small_dev.o)
 .debug_aranges
                0x00000348       0x20 /opt/altera/13.0sp1/nios2eds/bin/gnu/H-i686-pc-linux-gnu/bin/../lib/gcc/nios2-elf/4.1.2/../../../../nios2-elf/lib/mno-hw-mul/libsmallc.a(lib_a-strlen.o)
 .debug_aranges
                0x00000368       0x20 /opt/altera/13.0sp1/nios2eds/bin/gnu/H-i686-pc-linux-gnu/bin/../lib/gcc/nios2-elf/4.1.2/../../../../nios2-elf/lib/mno-hw-mul/libsmallc.a(lib_a-writer.o)
 .debug_aranges
                0x00000388       0x20 ../../bsp/mpsoc_hello_mpsoc_0//libhal_bsp.a(alt_load.o)
 .debug_aranges
                0x000003a8       0x20 ../../bsp/mpsoc_hello_mpsoc_0//libhal_bsp.a(alt_main.o)
 .debug_aranges
                0x000003c8       0x20 ../../bsp/mpsoc_hello_mpsoc_0//libhal_bsp.a(alt_write.o)
 .debug_aranges
                0x000003e8       0x20 ../../bsp/mpsoc_hello_mpsoc_0//libhal_bsp.a(alt_sys_init.o)
 .debug_aranges
                0x00000408       0x20 ../../bsp/mpsoc_hello_mpsoc_0//libhal_bsp.a(altera_avalon_jtag_uart_write.o)
 .debug_aranges
                0x00000428       0x20 ../../bsp/mpsoc_hello_mpsoc_0//libhal_bsp.a(altera_avalon_performance_counter.o)
 .debug_aranges
                0x00000448       0x20 ../../bsp/mpsoc_hello_mpsoc_0//libhal_bsp.a(altera_avalon_timer_sc.o)
 .debug_aranges
                0x00000468       0x20 ../../bsp/mpsoc_hello_mpsoc_0//libhal_bsp.a(perf_print_formatted_report.o)
 .debug_aranges
                0x00000488       0x20 ../../bsp/mpsoc_hello_mpsoc_0//libhal_bsp.a(alt_dcache_flush_all.o)
 .debug_aranges
                0x000004a8       0x20 ../../bsp/mpsoc_hello_mpsoc_0//libhal_bsp.a(alt_icache_flush_all.o)
 .debug_aranges
                0x000004c8       0x20 ../../bsp/mpsoc_hello_mpsoc_0//libhal_bsp.a(alt_iic.o)
 .debug_aranges
                0x000004e8       0x20 ../../bsp/mpsoc_hello_mpsoc_0//libhal_bsp.a(alt_iic_isr_register.o)
 .debug_aranges
                0x00000508       0x30 ../../bsp/mpsoc_hello_mpsoc_0//libhal_bsp.a(alt_irq_entry.o)
 .debug_aranges
                0x00000538       0x28 ../../bsp/mpsoc_hello_mpsoc_0//libhal_bsp.a(alt_irq_handler.o)
 .debug_aranges
                0x00000560       0x20 ../../bsp/mpsoc_hello_mpsoc_0//libhal_bsp.a(alt_tick.o)
 .debug_aranges
                0x00000580       0x20 ../../bsp/mpsoc_hello_mpsoc_0//libhal_bsp.a(altera_nios2_qsys_irq.o)
 .debug_aranges
                0x000005a0       0x38 ../../bsp/mpsoc_hello_mpsoc_0//libhal_bsp.a(alt_exception_entry.o)
 .debug_aranges
                0x000005d8       0x20 /opt/altera/13.0sp1/nios2eds/bin/gnu/H-i686-pc-linux-gnu/bin/../lib/gcc/nios2-elf/4.1.2/../../../../nios2-elf/lib/mno-hw-mul/libsmallc.a(lib_a-puts.o)
 .debug_aranges
                0x000005f8       0x20 /opt/altera/13.0sp1/nios2eds/bin/gnu/H-i686-pc-linux-gnu/bin/../lib/gcc/nios2-elf/4.1.2/mno-hw-mul/libgcc.a(_udivdi3.o)

.debug_pubnames
                0x00000000      0x8de
 *(.debug_pubnames)
 .debug_pubnames
                0x00000000       0x3e obj/default/src_0/cpu_0.o
 .debug_pubnames
                0x0000003e       0x24 /opt/altera/13.0sp1/nios2eds/bin/gnu/H-i686-pc-linux-gnu/bin/../lib/gcc/nios2-elf/4.1.2/mno-hw-mul/libgcc.a(_floatundisf.o)
 .debug_pubnames
                0x00000062       0x1f /opt/altera/13.0sp1/nios2eds/bin/gnu/H-i686-pc-linux-gnu/bin/../lib/gcc/nios2-elf/4.1.2/mno-hw-mul/libgcc.a(_div_sf.o)
 .debug_pubnames
                0x00000081       0x24 /opt/altera/13.0sp1/nios2eds/bin/gnu/H-i686-pc-linux-gnu/bin/../lib/gcc/nios2-elf/4.1.2/mno-hw-mul/libgcc.a(_sf_to_df.o)
 .debug_pubnames
                0x000000a5       0x22 /opt/altera/13.0sp1/nios2eds/bin/gnu/H-i686-pc-linux-gnu/bin/../lib/gcc/nios2-elf/4.1.2/mno-hw-mul/libgcc.a(_thenan_sf.o)
 .debug_pubnames
                0x000000c7       0x24 /opt/altera/13.0sp1/nios2eds/bin/gnu/H-i686-pc-linux-gnu/bin/../lib/gcc/nios2-elf/4.1.2/mno-hw-mul/libgcc.a(_usi_to_sf.o)
 .debug_pubnames
                0x000000eb       0x2c /opt/altera/13.0sp1/nios2eds/bin/gnu/H-i686-pc-linux-gnu/bin/../lib/gcc/nios2-elf/4.1.2/mno-hw-mul/libgcc.a(_addsub_df.o)
 .debug_pubnames
                0x00000117       0x1f /opt/altera/13.0sp1/nios2eds/bin/gnu/H-i686-pc-linux-gnu/bin/../lib/gcc/nios2-elf/4.1.2/mno-hw-mul/libgcc.a(_mul_df.o)
 .debug_pubnames
                0x00000136       0x22 /opt/altera/13.0sp1/nios2eds/bin/gnu/H-i686-pc-linux-gnu/bin/../lib/gcc/nios2-elf/4.1.2/mno-hw-mul/libgcc.a(_si_to_df.o)
 .debug_pubnames
                0x00000158       0x20 /opt/altera/13.0sp1/nios2eds/bin/gnu/H-i686-pc-linux-gnu/bin/../lib/gcc/nios2-elf/4.1.2/mno-hw-mul/libgcc.a(_df_to_si.o)
 .debug_pubnames
                0x00000178       0x20 /opt/altera/13.0sp1/nios2eds/bin/gnu/H-i686-pc-linux-gnu/bin/../lib/gcc/nios2-elf/4.1.2/mno-hw-mul/libgcc.a(_make_df.o)
 .debug_pubnames
                0x00000198       0x23 /opt/altera/13.0sp1/nios2eds/bin/gnu/H-i686-pc-linux-gnu/bin/../lib/gcc/nios2-elf/4.1.2/mno-hw-mul/libgcc.a(_df_to_sf.o)
 .debug_pubnames
                0x000001bb       0x22 /opt/altera/13.0sp1/nios2eds/bin/gnu/H-i686-pc-linux-gnu/bin/../lib/gcc/nios2-elf/4.1.2/mno-hw-mul/libgcc.a(_thenan_df.o)
 .debug_pubnames
                0x000001dd       0x24 /opt/altera/13.0sp1/nios2eds/bin/gnu/H-i686-pc-linux-gnu/bin/../lib/gcc/nios2-elf/4.1.2/mno-hw-mul/libgcc.a(_usi_to_df.o)
 .debug_pubnames
                0x00000201       0x48 /opt/altera/13.0sp1/nios2eds/bin/gnu/H-i686-pc-linux-gnu/bin/../lib/gcc/nios2-elf/4.1.2/mno-hw-mul/libgcc.a(lib2-divmod.o)
 .debug_pubnames
                0x00000249       0x1f /opt/altera/13.0sp1/nios2eds/bin/gnu/H-i686-pc-linux-gnu/bin/../lib/gcc/nios2-elf/4.1.2/mno-hw-mul/libgcc.a(lib2-mul.o)
 .debug_pubnames
                0x00000268       0x1f /opt/altera/13.0sp1/nios2eds/bin/gnu/H-i686-pc-linux-gnu/bin/../lib/gcc/nios2-elf/4.1.2/mno-hw-mul/libgcc.a(_muldi3.o)
 .debug_pubnames
                0x00000287       0x1f /opt/altera/13.0sp1/nios2eds/bin/gnu/H-i686-pc-linux-gnu/bin/../lib/gcc/nios2-elf/4.1.2/mno-hw-mul/libgcc.a(_clzsi2.o)
 .debug_pubnames
                0x000002a6       0x1f /opt/altera/13.0sp1/nios2eds/bin/gnu/H-i686-pc-linux-gnu/bin/../lib/gcc/nios2-elf/4.1.2/mno-hw-mul/libgcc.a(_pack_sf.o)
 .debug_pubnames
                0x000002c5       0x21 /opt/altera/13.0sp1/nios2eds/bin/gnu/H-i686-pc-linux-gnu/bin/../lib/gcc/nios2-elf/4.1.2/mno-hw-mul/libgcc.a(_unpack_sf.o)
 .debug_pubnames
                0x000002e6       0x20 /opt/altera/13.0sp1/nios2eds/bin/gnu/H-i686-pc-linux-gnu/bin/../lib/gcc/nios2-elf/4.1.2/mno-hw-mul/libgcc.a(_make_sf.o)
 .debug_pubnames
                0x00000306       0x1f /opt/altera/13.0sp1/nios2eds/bin/gnu/H-i686-pc-linux-gnu/bin/../lib/gcc/nios2-elf/4.1.2/mno-hw-mul/libgcc.a(_pack_df.o)
 .debug_pubnames
                0x00000325       0x21 /opt/altera/13.0sp1/nios2eds/bin/gnu/H-i686-pc-linux-gnu/bin/../lib/gcc/nios2-elf/4.1.2/mno-hw-mul/libgcc.a(_unpack_df.o)
 .debug_pubnames
                0x00000346       0x20 /opt/altera/13.0sp1/nios2eds/bin/gnu/H-i686-pc-linux-gnu/bin/../lib/gcc/nios2-elf/4.1.2/mno-hw-mul/libgcc.a(_clz.o)
 .debug_pubnames
                0x00000366       0x2b /opt/altera/13.0sp1/nios2eds/bin/gnu/H-i686-pc-linux-gnu/bin/../lib/gcc/nios2-elf/4.1.2/../../../../nios2-elf/lib/mno-hw-mul/libsmallc.a(lib_a-printf.o)
 .debug_pubnames
                0x00000391       0x45 /opt/altera/13.0sp1/nios2eds/bin/gnu/H-i686-pc-linux-gnu/bin/../lib/gcc/nios2-elf/4.1.2/../../../../nios2-elf/lib/mno-hw-mul/libsmallc.a(lib_a-vfprintf.o)
 .debug_pubnames
                0x000003d6       0x2b /opt/altera/13.0sp1/nios2eds/bin/gnu/H-i686-pc-linux-gnu/bin/../lib/gcc/nios2-elf/4.1.2/../../../../nios2-elf/lib/mno-hw-mul/libsmallc.a(lib_a-fvwrite_small_dev.o)
 .debug_pubnames
                0x00000401       0x39 /opt/altera/13.0sp1/nios2eds/bin/gnu/H-i686-pc-linux-gnu/bin/../lib/gcc/nios2-elf/4.1.2/../../../../nios2-elf/lib/mno-hw-mul/libsmallc.a(lib_a-impure.o)
 .debug_pubnames
                0x0000043a       0x1d /opt/altera/13.0sp1/nios2eds/bin/gnu/H-i686-pc-linux-gnu/bin/../lib/gcc/nios2-elf/4.1.2/../../../../nios2-elf/lib/mno-hw-mul/libsmallc.a(lib_a-strlen.o)
 .debug_pubnames
                0x00000457       0x1f /opt/altera/13.0sp1/nios2eds/bin/gnu/H-i686-pc-linux-gnu/bin/../lib/gcc/nios2-elf/4.1.2/../../../../nios2-elf/lib/mno-hw-mul/libsmallc.a(lib_a-writer.o)
 .debug_pubnames
                0x00000476       0x1c /opt/altera/13.0sp1/nios2eds/bin/gnu/H-i686-pc-linux-gnu/bin/../lib/gcc/nios2-elf/4.1.2/../../../../nios2-elf/lib/mno-hw-mul/libsmallc.a(lib_a-int_errno.o)
 .debug_pubnames
                0x00000492       0x1f ../../bsp/mpsoc_hello_mpsoc_0//libhal_bsp.a(alt_load.o)
 .debug_pubnames
                0x000004b1       0x46 ../../bsp/mpsoc_hello_mpsoc_0//libhal_bsp.a(alt_main.o)
 .debug_pubnames
                0x000004f7       0x1c ../../bsp/mpsoc_hello_mpsoc_0//libhal_bsp.a(alt_write.o)
 .debug_pubnames
                0x00000513       0x44 ../../bsp/mpsoc_hello_mpsoc_0//libhal_bsp.a(alt_sys_init.o)
 .debug_pubnames
                0x00000557       0x34 ../../bsp/mpsoc_hello_mpsoc_0//libhal_bsp.a(altera_avalon_jtag_uart_write.o)
 .debug_pubnames
                0x0000058b       0x96 ../../bsp/mpsoc_hello_mpsoc_0//libhal_bsp.a(altera_avalon_performance_counter.o)
 .debug_pubnames
                0x00000621       0x2f ../../bsp/mpsoc_hello_mpsoc_0//libhal_bsp.a(altera_avalon_timer_sc.o)
 .debug_pubnames
                0x00000650       0x32 ../../bsp/mpsoc_hello_mpsoc_0//libhal_bsp.a(perf_print_formatted_report.o)
 .debug_pubnames
                0x00000682       0x2b ../../bsp/mpsoc_hello_mpsoc_0//libhal_bsp.a(alt_dcache_flush_all.o)
 .debug_pubnames
                0x000006ad       0x20 ../../bsp/mpsoc_hello_mpsoc_0//libhal_bsp.a(alt_errno.o)
 .debug_pubnames
                0x000006cd       0x2b ../../bsp/mpsoc_hello_mpsoc_0//libhal_bsp.a(alt_icache_flush_all.o)
 .debug_pubnames
                0x000006f8       0x6e ../../bsp/mpsoc_hello_mpsoc_0//libhal_bsp.a(alt_iic.o)
 .debug_pubnames
                0x00000766       0x2b ../../bsp/mpsoc_hello_mpsoc_0//libhal_bsp.a(alt_iic_isr_register.o)
 .debug_pubnames
                0x00000791       0x32 ../../bsp/mpsoc_hello_mpsoc_0//libhal_bsp.a(alt_irq_handler.o)
 .debug_pubnames
                0x000007c3       0x3b ../../bsp/mpsoc_hello_mpsoc_0//libhal_bsp.a(alt_irq_vars.o)
 .debug_pubnames
                0x000007fe       0x68 ../../bsp/mpsoc_hello_mpsoc_0//libhal_bsp.a(alt_tick.o)
 .debug_pubnames
                0x00000866       0x31 ../../bsp/mpsoc_hello_mpsoc_0//libhal_bsp.a(altera_nios2_qsys_irq.o)
 .debug_pubnames
                0x00000897       0x27 /opt/altera/13.0sp1/nios2eds/bin/gnu/H-i686-pc-linux-gnu/bin/../lib/gcc/nios2-elf/4.1.2/../../../../nios2-elf/lib/mno-hw-mul/libsmallc.a(lib_a-puts.o)
 .debug_pubnames
                0x000008be       0x20 /opt/altera/13.0sp1/nios2eds/bin/gnu/H-i686-pc-linux-gnu/bin/../lib/gcc/nios2-elf/4.1.2/mno-hw-mul/libgcc.a(_udivdi3.o)

.debug_info     0x00000000     0x8226
 *(.debug_info .gnu.linkonce.wi.*)
 .debug_info    0x00000000       0x5e ../../bsp/mpsoc_hello_mpsoc_0//obj/HAL/src/crt0.o
 .debug_info    0x0000005e      0x23f obj/default/src_0/cpu_0.o
 .debug_info    0x0000029d       0x5a obj/default/src_0/delay_asm.o
 .debug_info    0x000002f7       0xe7 /opt/altera/13.0sp1/nios2eds/bin/gnu/H-i686-pc-linux-gnu/bin/../lib/gcc/nios2-elf/4.1.2/mno-hw-mul/libgcc.a(_floatundisf.o)
 .debug_info    0x000003de      0x391 /opt/altera/13.0sp1/nios2eds/bin/gnu/H-i686-pc-linux-gnu/bin/../lib/gcc/nios2-elf/4.1.2/mno-hw-mul/libgcc.a(_div_sf.o)
 .debug_info    0x0000076f      0x245 /opt/altera/13.0sp1/nios2eds/bin/gnu/H-i686-pc-linux-gnu/bin/../lib/gcc/nios2-elf/4.1.2/mno-hw-mul/libgcc.a(_sf_to_df.o)
 .debug_info    0x000009b4      0x164 /opt/altera/13.0sp1/nios2eds/bin/gnu/H-i686-pc-linux-gnu/bin/../lib/gcc/nios2-elf/4.1.2/mno-hw-mul/libgcc.a(_thenan_sf.o)
 .debug_info    0x00000b18      0x213 /opt/altera/13.0sp1/nios2eds/bin/gnu/H-i686-pc-linux-gnu/bin/../lib/gcc/nios2-elf/4.1.2/mno-hw-mul/libgcc.a(_usi_to_sf.o)
 .debug_info    0x00000d2b      0x493 /opt/altera/13.0sp1/nios2eds/bin/gnu/H-i686-pc-linux-gnu/bin/../lib/gcc/nios2-elf/4.1.2/mno-hw-mul/libgcc.a(_addsub_df.o)
 .debug_info    0x000011be      0x488 /opt/altera/13.0sp1/nios2eds/bin/gnu/H-i686-pc-linux-gnu/bin/../lib/gcc/nios2-elf/4.1.2/mno-hw-mul/libgcc.a(_mul_df.o)
 .debug_info    0x00001646      0x218 /opt/altera/13.0sp1/nios2eds/bin/gnu/H-i686-pc-linux-gnu/bin/../lib/gcc/nios2-elf/4.1.2/mno-hw-mul/libgcc.a(_si_to_df.o)
 .debug_info    0x0000185e      0x2cd /opt/altera/13.0sp1/nios2eds/bin/gnu/H-i686-pc-linux-gnu/bin/../lib/gcc/nios2-elf/4.1.2/mno-hw-mul/libgcc.a(_df_to_si.o)
 .debug_info    0x00001b2b      0x1d6 /opt/altera/13.0sp1/nios2eds/bin/gnu/H-i686-pc-linux-gnu/bin/../lib/gcc/nios2-elf/4.1.2/mno-hw-mul/libgcc.a(_make_df.o)
 .debug_info    0x00001d01      0x261 /opt/altera/13.0sp1/nios2eds/bin/gnu/H-i686-pc-linux-gnu/bin/../lib/gcc/nios2-elf/4.1.2/mno-hw-mul/libgcc.a(_df_to_sf.o)
 .debug_info    0x00001f62      0x164 /opt/altera/13.0sp1/nios2eds/bin/gnu/H-i686-pc-linux-gnu/bin/../lib/gcc/nios2-elf/4.1.2/mno-hw-mul/libgcc.a(_thenan_df.o)
 .debug_info    0x000020c6      0x213 /opt/altera/13.0sp1/nios2eds/bin/gnu/H-i686-pc-linux-gnu/bin/../lib/gcc/nios2-elf/4.1.2/mno-hw-mul/libgcc.a(_usi_to_df.o)
 .debug_info    0x000022d9      0x21c /opt/altera/13.0sp1/nios2eds/bin/gnu/H-i686-pc-linux-gnu/bin/../lib/gcc/nios2-elf/4.1.2/mno-hw-mul/libgcc.a(lib2-divmod.o)
 .debug_info    0x000024f5       0xf3 /opt/altera/13.0sp1/nios2eds/bin/gnu/H-i686-pc-linux-gnu/bin/../lib/gcc/nios2-elf/4.1.2/mno-hw-mul/libgcc.a(lib2-mul.o)
 .debug_info    0x000025e8      0x210 /opt/altera/13.0sp1/nios2eds/bin/gnu/H-i686-pc-linux-gnu/bin/../lib/gcc/nios2-elf/4.1.2/mno-hw-mul/libgcc.a(_muldi3.o)
 .debug_info    0x000027f8      0x130 /opt/altera/13.0sp1/nios2eds/bin/gnu/H-i686-pc-linux-gnu/bin/../lib/gcc/nios2-elf/4.1.2/mno-hw-mul/libgcc.a(_clzsi2.o)
 .debug_info    0x00002928      0x2f2 /opt/altera/13.0sp1/nios2eds/bin/gnu/H-i686-pc-linux-gnu/bin/../lib/gcc/nios2-elf/4.1.2/mno-hw-mul/libgcc.a(_pack_sf.o)
 .debug_info    0x00002c1a      0x25a /opt/altera/13.0sp1/nios2eds/bin/gnu/H-i686-pc-linux-gnu/bin/../lib/gcc/nios2-elf/4.1.2/mno-hw-mul/libgcc.a(_unpack_sf.o)
 .debug_info    0x00002e74      0x1d7 /opt/altera/13.0sp1/nios2eds/bin/gnu/H-i686-pc-linux-gnu/bin/../lib/gcc/nios2-elf/4.1.2/mno-hw-mul/libgcc.a(_make_sf.o)
 .debug_info    0x0000304b      0x2fc /opt/altera/13.0sp1/nios2eds/bin/gnu/H-i686-pc-linux-gnu/bin/../lib/gcc/nios2-elf/4.1.2/mno-hw-mul/libgcc.a(_pack_df.o)
 .debug_info    0x00003347      0x268 /opt/altera/13.0sp1/nios2eds/bin/gnu/H-i686-pc-linux-gnu/bin/../lib/gcc/nios2-elf/4.1.2/mno-hw-mul/libgcc.a(_unpack_df.o)
 .debug_info    0x000035af       0xc9 /opt/altera/13.0sp1/nios2eds/bin/gnu/H-i686-pc-linux-gnu/bin/../lib/gcc/nios2-elf/4.1.2/mno-hw-mul/libgcc.a(_clz.o)
 .debug_info    0x00003678      0x6c8 /opt/altera/13.0sp1/nios2eds/bin/gnu/H-i686-pc-linux-gnu/bin/../lib/gcc/nios2-elf/4.1.2/../../../../nios2-elf/lib/mno-hw-mul/libsmallc.a(lib_a-printf.o)
 .debug_info    0x00003d40      0x9b6 /opt/altera/13.0sp1/nios2eds/bin/gnu/H-i686-pc-linux-gnu/bin/../lib/gcc/nios2-elf/4.1.2/../../../../nios2-elf/lib/mno-hw-mul/libsmallc.a(lib_a-vfprintf.o)
 .debug_info    0x000046f6      0x68e /opt/altera/13.0sp1/nios2eds/bin/gnu/H-i686-pc-linux-gnu/bin/../lib/gcc/nios2-elf/4.1.2/../../../../nios2-elf/lib/mno-hw-mul/libsmallc.a(lib_a-fvwrite_small_dev.o)
 .debug_info    0x00004d84      0x636 /opt/altera/13.0sp1/nios2eds/bin/gnu/H-i686-pc-linux-gnu/bin/../lib/gcc/nios2-elf/4.1.2/../../../../nios2-elf/lib/mno-hw-mul/libsmallc.a(lib_a-impure.o)
 .debug_info    0x000053ba       0xc2 /opt/altera/13.0sp1/nios2eds/bin/gnu/H-i686-pc-linux-gnu/bin/../lib/gcc/nios2-elf/4.1.2/../../../../nios2-elf/lib/mno-hw-mul/libsmallc.a(lib_a-strlen.o)
 .debug_info    0x0000547c      0x68c /opt/altera/13.0sp1/nios2eds/bin/gnu/H-i686-pc-linux-gnu/bin/../lib/gcc/nios2-elf/4.1.2/../../../../nios2-elf/lib/mno-hw-mul/libsmallc.a(lib_a-writer.o)
 .debug_info    0x00005b08       0x8c /opt/altera/13.0sp1/nios2eds/bin/gnu/H-i686-pc-linux-gnu/bin/../lib/gcc/nios2-elf/4.1.2/../../../../nios2-elf/lib/mno-hw-mul/libsmallc.a(lib_a-int_errno.o)
 .debug_info    0x00005b94      0x12e ../../bsp/mpsoc_hello_mpsoc_0//libhal_bsp.a(alt_load.o)
 .debug_info    0x00005cc2      0x125 ../../bsp/mpsoc_hello_mpsoc_0//libhal_bsp.a(alt_main.o)
 .debug_info    0x00005de7      0x179 ../../bsp/mpsoc_hello_mpsoc_0//libhal_bsp.a(alt_write.o)
 .debug_info    0x00005f60      0x19b ../../bsp/mpsoc_hello_mpsoc_0//libhal_bsp.a(alt_sys_init.o)
 .debug_info    0x000060fb      0x18f ../../bsp/mpsoc_hello_mpsoc_0//libhal_bsp.a(altera_avalon_jtag_uart_write.o)
 .debug_info    0x0000628a      0x165 ../../bsp/mpsoc_hello_mpsoc_0//libhal_bsp.a(altera_avalon_performance_counter.o)
 .debug_info    0x000063ef      0x221 ../../bsp/mpsoc_hello_mpsoc_0//libhal_bsp.a(altera_avalon_timer_sc.o)
 .debug_info    0x00006610      0x16e ../../bsp/mpsoc_hello_mpsoc_0//libhal_bsp.a(perf_print_formatted_report.o)
 .debug_info    0x0000677e       0x8d ../../bsp/mpsoc_hello_mpsoc_0//libhal_bsp.a(alt_dcache_flush_all.o)
 .debug_info    0x0000680b       0xab ../../bsp/mpsoc_hello_mpsoc_0//libhal_bsp.a(alt_errno.o)
 .debug_info    0x000068b6       0x8d ../../bsp/mpsoc_hello_mpsoc_0//libhal_bsp.a(alt_icache_flush_all.o)
 .debug_info    0x00006943      0x341 ../../bsp/mpsoc_hello_mpsoc_0//libhal_bsp.a(alt_iic.o)
 .debug_info    0x00006c84      0x1f2 ../../bsp/mpsoc_hello_mpsoc_0//libhal_bsp.a(alt_iic_isr_register.o)
 .debug_info    0x00006e76       0x67 ../../bsp/mpsoc_hello_mpsoc_0//libhal_bsp.a(alt_irq_entry.o)
 .debug_info    0x00006edd      0x17b ../../bsp/mpsoc_hello_mpsoc_0//libhal_bsp.a(alt_irq_handler.o)
 .debug_info    0x00007058       0x92 ../../bsp/mpsoc_hello_mpsoc_0//libhal_bsp.a(alt_irq_vars.o)
 .debug_info    0x000070ea      0x2a1 ../../bsp/mpsoc_hello_mpsoc_0//libhal_bsp.a(alt_tick.o)
 .debug_info    0x0000738b       0x8d ../../bsp/mpsoc_hello_mpsoc_0//libhal_bsp.a(altera_nios2_qsys_irq.o)
 .debug_info    0x00007418       0x6d ../../bsp/mpsoc_hello_mpsoc_0//libhal_bsp.a(alt_exception_entry.o)
 .debug_info    0x00007485      0x685 /opt/altera/13.0sp1/nios2eds/bin/gnu/H-i686-pc-linux-gnu/bin/../lib/gcc/nios2-elf/4.1.2/../../../../nios2-elf/lib/mno-hw-mul/libsmallc.a(lib_a-puts.o)
 .debug_info    0x00007b0a      0x71c /opt/altera/13.0sp1/nios2eds/bin/gnu/H-i686-pc-linux-gnu/bin/../lib/gcc/nios2-elf/4.1.2/mno-hw-mul/libgcc.a(_udivdi3.o)

.debug_abbrev   0x00000000     0x34e5
 *(.debug_abbrev)
 .debug_abbrev  0x00000000       0x12 ../../bsp/mpsoc_hello_mpsoc_0//obj/HAL/src/crt0.o
 .debug_abbrev  0x00000012       0xd6 obj/default/src_0/cpu_0.o
 .debug_abbrev  0x000000e8       0x14 obj/default/src_0/delay_asm.o
 .debug_abbrev  0x000000fc       0x6c /opt/altera/13.0sp1/nios2eds/bin/gnu/H-i686-pc-linux-gnu/bin/../lib/gcc/nios2-elf/4.1.2/mno-hw-mul/libgcc.a(_floatundisf.o)
 .debug_abbrev  0x00000168      0x1e5 /opt/altera/13.0sp1/nios2eds/bin/gnu/H-i686-pc-linux-gnu/bin/../lib/gcc/nios2-elf/4.1.2/mno-hw-mul/libgcc.a(_div_sf.o)
 .debug_abbrev  0x0000034d      0x128 /opt/altera/13.0sp1/nios2eds/bin/gnu/H-i686-pc-linux-gnu/bin/../lib/gcc/nios2-elf/4.1.2/mno-hw-mul/libgcc.a(_sf_to_df.o)
 .debug_abbrev  0x00000475       0xba /opt/altera/13.0sp1/nios2eds/bin/gnu/H-i686-pc-linux-gnu/bin/../lib/gcc/nios2-elf/4.1.2/mno-hw-mul/libgcc.a(_thenan_sf.o)
 .debug_abbrev  0x0000052f      0x155 /opt/altera/13.0sp1/nios2eds/bin/gnu/H-i686-pc-linux-gnu/bin/../lib/gcc/nios2-elf/4.1.2/mno-hw-mul/libgcc.a(_usi_to_sf.o)
 .debug_abbrev  0x00000684      0x1d2 /opt/altera/13.0sp1/nios2eds/bin/gnu/H-i686-pc-linux-gnu/bin/../lib/gcc/nios2-elf/4.1.2/mno-hw-mul/libgcc.a(_addsub_df.o)
 .debug_abbrev  0x00000856      0x204 /opt/altera/13.0sp1/nios2eds/bin/gnu/H-i686-pc-linux-gnu/bin/../lib/gcc/nios2-elf/4.1.2/mno-hw-mul/libgcc.a(_mul_df.o)
 .debug_abbrev  0x00000a5a      0x13f /opt/altera/13.0sp1/nios2eds/bin/gnu/H-i686-pc-linux-gnu/bin/../lib/gcc/nios2-elf/4.1.2/mno-hw-mul/libgcc.a(_si_to_df.o)
 .debug_abbrev  0x00000b99      0x176 /opt/altera/13.0sp1/nios2eds/bin/gnu/H-i686-pc-linux-gnu/bin/../lib/gcc/nios2-elf/4.1.2/mno-hw-mul/libgcc.a(_df_to_si.o)
 .debug_abbrev  0x00000d0f      0x10f /opt/altera/13.0sp1/nios2eds/bin/gnu/H-i686-pc-linux-gnu/bin/../lib/gcc/nios2-elf/4.1.2/mno-hw-mul/libgcc.a(_make_df.o)
 .debug_abbrev  0x00000e1e      0x137 /opt/altera/13.0sp1/nios2eds/bin/gnu/H-i686-pc-linux-gnu/bin/../lib/gcc/nios2-elf/4.1.2/mno-hw-mul/libgcc.a(_df_to_sf.o)
 .debug_abbrev  0x00000f55       0xba /opt/altera/13.0sp1/nios2eds/bin/gnu/H-i686-pc-linux-gnu/bin/../lib/gcc/nios2-elf/4.1.2/mno-hw-mul/libgcc.a(_thenan_df.o)
 .debug_abbrev  0x0000100f      0x155 /opt/altera/13.0sp1/nios2eds/bin/gnu/H-i686-pc-linux-gnu/bin/../lib/gcc/nios2-elf/4.1.2/mno-hw-mul/libgcc.a(_usi_to_df.o)
 .debug_abbrev  0x00001164       0xe0 /opt/altera/13.0sp1/nios2eds/bin/gnu/H-i686-pc-linux-gnu/bin/../lib/gcc/nios2-elf/4.1.2/mno-hw-mul/libgcc.a(lib2-divmod.o)
 .debug_abbrev  0x00001244       0x7b /opt/altera/13.0sp1/nios2eds/bin/gnu/H-i686-pc-linux-gnu/bin/../lib/gcc/nios2-elf/4.1.2/mno-hw-mul/libgcc.a(lib2-mul.o)
 .debug_abbrev  0x000012bf       0xfb /opt/altera/13.0sp1/nios2eds/bin/gnu/H-i686-pc-linux-gnu/bin/../lib/gcc/nios2-elf/4.1.2/mno-hw-mul/libgcc.a(_muldi3.o)
 .debug_abbrev  0x000013ba       0xb9 /opt/altera/13.0sp1/nios2eds/bin/gnu/H-i686-pc-linux-gnu/bin/../lib/gcc/nios2-elf/4.1.2/mno-hw-mul/libgcc.a(_clzsi2.o)
 .debug_abbrev  0x00001473      0x1aa /opt/altera/13.0sp1/nios2eds/bin/gnu/H-i686-pc-linux-gnu/bin/../lib/gcc/nios2-elf/4.1.2/mno-hw-mul/libgcc.a(_pack_sf.o)
 .debug_abbrev  0x0000161d      0x158 /opt/altera/13.0sp1/nios2eds/bin/gnu/H-i686-pc-linux-gnu/bin/../lib/gcc/nios2-elf/4.1.2/mno-hw-mul/libgcc.a(_unpack_sf.o)
 .debug_abbrev  0x00001775      0x100 /opt/altera/13.0sp1/nios2eds/bin/gnu/H-i686-pc-linux-gnu/bin/../lib/gcc/nios2-elf/4.1.2/mno-hw-mul/libgcc.a(_make_sf.o)
 .debug_abbrev  0x00001875      0x1b1 /opt/altera/13.0sp1/nios2eds/bin/gnu/H-i686-pc-linux-gnu/bin/../lib/gcc/nios2-elf/4.1.2/mno-hw-mul/libgcc.a(_pack_df.o)
 .debug_abbrev  0x00001a26      0x149 /opt/altera/13.0sp1/nios2eds/bin/gnu/H-i686-pc-linux-gnu/bin/../lib/gcc/nios2-elf/4.1.2/mno-hw-mul/libgcc.a(_unpack_df.o)
 .debug_abbrev  0x00001b6f       0x61 /opt/altera/13.0sp1/nios2eds/bin/gnu/H-i686-pc-linux-gnu/bin/../lib/gcc/nios2-elf/4.1.2/mno-hw-mul/libgcc.a(_clz.o)
 .debug_abbrev  0x00001bd0      0x179 /opt/altera/13.0sp1/nios2eds/bin/gnu/H-i686-pc-linux-gnu/bin/../lib/gcc/nios2-elf/4.1.2/../../../../nios2-elf/lib/mno-hw-mul/libsmallc.a(lib_a-printf.o)
 .debug_abbrev  0x00001d49      0x263 /opt/altera/13.0sp1/nios2eds/bin/gnu/H-i686-pc-linux-gnu/bin/../lib/gcc/nios2-elf/4.1.2/../../../../nios2-elf/lib/mno-hw-mul/libsmallc.a(lib_a-vfprintf.o)
 .debug_abbrev  0x00001fac      0x179 /opt/altera/13.0sp1/nios2eds/bin/gnu/H-i686-pc-linux-gnu/bin/../lib/gcc/nios2-elf/4.1.2/../../../../nios2-elf/lib/mno-hw-mul/libsmallc.a(lib_a-fvwrite_small_dev.o)
 .debug_abbrev  0x00002125      0x13f /opt/altera/13.0sp1/nios2eds/bin/gnu/H-i686-pc-linux-gnu/bin/../lib/gcc/nios2-elf/4.1.2/../../../../nios2-elf/lib/mno-hw-mul/libsmallc.a(lib_a-impure.o)
 .debug_abbrev  0x00002264       0x7a /opt/altera/13.0sp1/nios2eds/bin/gnu/H-i686-pc-linux-gnu/bin/../lib/gcc/nios2-elf/4.1.2/../../../../nios2-elf/lib/mno-hw-mul/libsmallc.a(lib_a-strlen.o)
 .debug_abbrev  0x000022de      0x16c /opt/altera/13.0sp1/nios2eds/bin/gnu/H-i686-pc-linux-gnu/bin/../lib/gcc/nios2-elf/4.1.2/../../../../nios2-elf/lib/mno-hw-mul/libsmallc.a(lib_a-writer.o)
 .debug_abbrev  0x0000244a       0x3b /opt/altera/13.0sp1/nios2eds/bin/gnu/H-i686-pc-linux-gnu/bin/../lib/gcc/nios2-elf/4.1.2/../../../../nios2-elf/lib/mno-hw-mul/libsmallc.a(lib_a-int_errno.o)
 .debug_abbrev  0x00002485       0x97 ../../bsp/mpsoc_hello_mpsoc_0//libhal_bsp.a(alt_load.o)
 .debug_abbrev  0x0000251c       0xa6 ../../bsp/mpsoc_hello_mpsoc_0//libhal_bsp.a(alt_main.o)
 .debug_abbrev  0x000025c2       0xdd ../../bsp/mpsoc_hello_mpsoc_0//libhal_bsp.a(alt_write.o)
 .debug_abbrev  0x0000269f       0xea ../../bsp/mpsoc_hello_mpsoc_0//libhal_bsp.a(alt_sys_init.o)
 .debug_abbrev  0x00002789       0xf0 ../../bsp/mpsoc_hello_mpsoc_0//libhal_bsp.a(altera_avalon_jtag_uart_write.o)
 .debug_abbrev  0x00002879       0xae ../../bsp/mpsoc_hello_mpsoc_0//libhal_bsp.a(altera_avalon_performance_counter.o)
 .debug_abbrev  0x00002927      0x158 ../../bsp/mpsoc_hello_mpsoc_0//libhal_bsp.a(altera_avalon_timer_sc.o)
 .debug_abbrev  0x00002a7f       0xa4 ../../bsp/mpsoc_hello_mpsoc_0//libhal_bsp.a(perf_print_formatted_report.o)
 .debug_abbrev  0x00002b23       0x3f ../../bsp/mpsoc_hello_mpsoc_0//libhal_bsp.a(alt_dcache_flush_all.o)
 .debug_abbrev  0x00002b62       0x5e ../../bsp/mpsoc_hello_mpsoc_0//libhal_bsp.a(alt_errno.o)
 .debug_abbrev  0x00002bc0       0x3f ../../bsp/mpsoc_hello_mpsoc_0//libhal_bsp.a(alt_icache_flush_all.o)
 .debug_abbrev  0x00002bff      0x160 ../../bsp/mpsoc_hello_mpsoc_0//libhal_bsp.a(alt_iic.o)
 .debug_abbrev  0x00002d5f      0x17e ../../bsp/mpsoc_hello_mpsoc_0//libhal_bsp.a(alt_iic_isr_register.o)
 .debug_abbrev  0x00002edd       0x12 ../../bsp/mpsoc_hello_mpsoc_0//libhal_bsp.a(alt_irq_entry.o)
 .debug_abbrev  0x00002eef      0x117 ../../bsp/mpsoc_hello_mpsoc_0//libhal_bsp.a(alt_irq_handler.o)
 .debug_abbrev  0x00003006       0x44 ../../bsp/mpsoc_hello_mpsoc_0//libhal_bsp.a(alt_irq_vars.o)
 .debug_abbrev  0x0000304a      0x15f ../../bsp/mpsoc_hello_mpsoc_0//libhal_bsp.a(alt_tick.o)
 .debug_abbrev  0x000031a9       0x3f ../../bsp/mpsoc_hello_mpsoc_0//libhal_bsp.a(altera_nios2_qsys_irq.o)
 .debug_abbrev  0x000031e8       0x12 ../../bsp/mpsoc_hello_mpsoc_0//libhal_bsp.a(alt_exception_entry.o)
 .debug_abbrev  0x000031fa      0x180 /opt/altera/13.0sp1/nios2eds/bin/gnu/H-i686-pc-linux-gnu/bin/../lib/gcc/nios2-elf/4.1.2/../../../../nios2-elf/lib/mno-hw-mul/libsmallc.a(lib_a-puts.o)
 .debug_abbrev  0x0000337a      0x16b /opt/altera/13.0sp1/nios2eds/bin/gnu/H-i686-pc-linux-gnu/bin/../lib/gcc/nios2-elf/4.1.2/mno-hw-mul/libgcc.a(_udivdi3.o)

.debug_line     0x00000000     0x6cd0
 *(.debug_line)
 .debug_line    0x00000000       0x66 ../../bsp/mpsoc_hello_mpsoc_0//obj/HAL/src/crt0.o
 .debug_line    0x00000066      0x356 obj/default/src_0/cpu_0.o
 .debug_line    0x000003bc       0x46 obj/default/src_0/delay_asm.o
 .debug_line    0x00000402      0x1aa /opt/altera/13.0sp1/nios2eds/bin/gnu/H-i686-pc-linux-gnu/bin/../lib/gcc/nios2-elf/4.1.2/mno-hw-mul/libgcc.a(_floatundisf.o)
 .debug_line    0x000005ac      0x26a /opt/altera/13.0sp1/nios2eds/bin/gnu/H-i686-pc-linux-gnu/bin/../lib/gcc/nios2-elf/4.1.2/mno-hw-mul/libgcc.a(_div_sf.o)
 .debug_line    0x00000816       0xd1 /opt/altera/13.0sp1/nios2eds/bin/gnu/H-i686-pc-linux-gnu/bin/../lib/gcc/nios2-elf/4.1.2/mno-hw-mul/libgcc.a(_sf_to_df.o)
 .debug_line    0x000008e7       0x94 /opt/altera/13.0sp1/nios2eds/bin/gnu/H-i686-pc-linux-gnu/bin/../lib/gcc/nios2-elf/4.1.2/mno-hw-mul/libgcc.a(_thenan_sf.o)
 .debug_line    0x0000097b      0x183 /opt/altera/13.0sp1/nios2eds/bin/gnu/H-i686-pc-linux-gnu/bin/../lib/gcc/nios2-elf/4.1.2/mno-hw-mul/libgcc.a(_usi_to_sf.o)
 .debug_line    0x00000afe      0x430 /opt/altera/13.0sp1/nios2eds/bin/gnu/H-i686-pc-linux-gnu/bin/../lib/gcc/nios2-elf/4.1.2/mno-hw-mul/libgcc.a(_addsub_df.o)
 .debug_line    0x00000f2e      0x3e5 /opt/altera/13.0sp1/nios2eds/bin/gnu/H-i686-pc-linux-gnu/bin/../lib/gcc/nios2-elf/4.1.2/mno-hw-mul/libgcc.a(_mul_df.o)
 .debug_line    0x00001313      0x175 /opt/altera/13.0sp1/nios2eds/bin/gnu/H-i686-pc-linux-gnu/bin/../lib/gcc/nios2-elf/4.1.2/mno-hw-mul/libgcc.a(_si_to_df.o)
 .debug_line    0x00001488      0x149 /opt/altera/13.0sp1/nios2eds/bin/gnu/H-i686-pc-linux-gnu/bin/../lib/gcc/nios2-elf/4.1.2/mno-hw-mul/libgcc.a(_df_to_si.o)
 .debug_line    0x000015d1       0xe9 /opt/altera/13.0sp1/nios2eds/bin/gnu/H-i686-pc-linux-gnu/bin/../lib/gcc/nios2-elf/4.1.2/mno-hw-mul/libgcc.a(_make_df.o)
 .debug_line    0x000016ba      0x121 /opt/altera/13.0sp1/nios2eds/bin/gnu/H-i686-pc-linux-gnu/bin/../lib/gcc/nios2-elf/4.1.2/mno-hw-mul/libgcc.a(_df_to_sf.o)
 .debug_line    0x000017db       0x94 /opt/altera/13.0sp1/nios2eds/bin/gnu/H-i686-pc-linux-gnu/bin/../lib/gcc/nios2-elf/4.1.2/mno-hw-mul/libgcc.a(_thenan_df.o)
 .debug_line    0x0000186f      0x189 /opt/altera/13.0sp1/nios2eds/bin/gnu/H-i686-pc-linux-gnu/bin/../lib/gcc/nios2-elf/4.1.2/mno-hw-mul/libgcc.a(_usi_to_df.o)
 .debug_line    0x000019f8      0x2c6 /opt/altera/13.0sp1/nios2eds/bin/gnu/H-i686-pc-linux-gnu/bin/../lib/gcc/nios2-elf/4.1.2/mno-hw-mul/libgcc.a(lib2-divmod.o)
 .debug_line    0x00001cbe      0x191 /opt/altera/13.0sp1/nios2eds/bin/gnu/H-i686-pc-linux-gnu/bin/../lib/gcc/nios2-elf/4.1.2/mno-hw-mul/libgcc.a(lib2-mul.o)
 .debug_line    0x00001e4f      0x1c6 /opt/altera/13.0sp1/nios2eds/bin/gnu/H-i686-pc-linux-gnu/bin/../lib/gcc/nios2-elf/4.1.2/mno-hw-mul/libgcc.a(_muldi3.o)
 .debug_line    0x00002015      0x17c /opt/altera/13.0sp1/nios2eds/bin/gnu/H-i686-pc-linux-gnu/bin/../lib/gcc/nios2-elf/4.1.2/mno-hw-mul/libgcc.a(_clzsi2.o)
 .debug_line    0x00002191      0x1ca /opt/altera/13.0sp1/nios2eds/bin/gnu/H-i686-pc-linux-gnu/bin/../lib/gcc/nios2-elf/4.1.2/mno-hw-mul/libgcc.a(_pack_sf.o)
 .debug_line    0x0000235b      0x197 /opt/altera/13.0sp1/nios2eds/bin/gnu/H-i686-pc-linux-gnu/bin/../lib/gcc/nios2-elf/4.1.2/mno-hw-mul/libgcc.a(_unpack_sf.o)
 .debug_line    0x000024f2       0xe1 /opt/altera/13.0sp1/nios2eds/bin/gnu/H-i686-pc-linux-gnu/bin/../lib/gcc/nios2-elf/4.1.2/mno-hw-mul/libgcc.a(_make_sf.o)
 .debug_line    0x000025d3      0x222 /opt/altera/13.0sp1/nios2eds/bin/gnu/H-i686-pc-linux-gnu/bin/../lib/gcc/nios2-elf/4.1.2/mno-hw-mul/libgcc.a(_pack_df.o)
 .debug_line    0x000027f5      0x1e4 /opt/altera/13.0sp1/nios2eds/bin/gnu/H-i686-pc-linux-gnu/bin/../lib/gcc/nios2-elf/4.1.2/mno-hw-mul/libgcc.a(_unpack_df.o)
 .debug_line    0x000029d9      0x121 /opt/altera/13.0sp1/nios2eds/bin/gnu/H-i686-pc-linux-gnu/bin/../lib/gcc/nios2-elf/4.1.2/mno-hw-mul/libgcc.a(_clz.o)
 .debug_line    0x00002afa      0x2be /opt/altera/13.0sp1/nios2eds/bin/gnu/H-i686-pc-linux-gnu/bin/../lib/gcc/nios2-elf/4.1.2/../../../../nios2-elf/lib/mno-hw-mul/libsmallc.a(lib_a-printf.o)
 .debug_line    0x00002db8      0x666 /opt/altera/13.0sp1/nios2eds/bin/gnu/H-i686-pc-linux-gnu/bin/../lib/gcc/nios2-elf/4.1.2/../../../../nios2-elf/lib/mno-hw-mul/libsmallc.a(lib_a-vfprintf.o)
 .debug_line    0x0000341e      0x2a9 /opt/altera/13.0sp1/nios2eds/bin/gnu/H-i686-pc-linux-gnu/bin/../lib/gcc/nios2-elf/4.1.2/../../../../nios2-elf/lib/mno-hw-mul/libsmallc.a(lib_a-fvwrite_small_dev.o)
 .debug_line    0x000036c7      0x230 /opt/altera/13.0sp1/nios2eds/bin/gnu/H-i686-pc-linux-gnu/bin/../lib/gcc/nios2-elf/4.1.2/../../../../nios2-elf/lib/mno-hw-mul/libsmallc.a(lib_a-impure.o)
 .debug_line    0x000038f7      0x250 /opt/altera/13.0sp1/nios2eds/bin/gnu/H-i686-pc-linux-gnu/bin/../lib/gcc/nios2-elf/4.1.2/../../../../nios2-elf/lib/mno-hw-mul/libsmallc.a(lib_a-strlen.o)
 .debug_line    0x00003b47      0x29d /opt/altera/13.0sp1/nios2eds/bin/gnu/H-i686-pc-linux-gnu/bin/../lib/gcc/nios2-elf/4.1.2/../../../../nios2-elf/lib/mno-hw-mul/libsmallc.a(lib_a-writer.o)
 .debug_line    0x00003de4      0x1e2 /opt/altera/13.0sp1/nios2eds/bin/gnu/H-i686-pc-linux-gnu/bin/../lib/gcc/nios2-elf/4.1.2/../../../../nios2-elf/lib/mno-hw-mul/libsmallc.a(lib_a-int_errno.o)
 .debug_line    0x00003fc6      0x225 ../../bsp/mpsoc_hello_mpsoc_0//libhal_bsp.a(alt_load.o)
 .debug_line    0x000041eb      0x2d0 ../../bsp/mpsoc_hello_mpsoc_0//libhal_bsp.a(alt_main.o)
 .debug_line    0x000044bb      0x2b9 ../../bsp/mpsoc_hello_mpsoc_0//libhal_bsp.a(alt_write.o)
 .debug_line    0x00004774      0x2cd ../../bsp/mpsoc_hello_mpsoc_0//libhal_bsp.a(alt_sys_init.o)
 .debug_line    0x00004a41      0x302 ../../bsp/mpsoc_hello_mpsoc_0//libhal_bsp.a(altera_avalon_jtag_uart_write.o)
 .debug_line    0x00004d43      0x111 ../../bsp/mpsoc_hello_mpsoc_0//libhal_bsp.a(altera_avalon_performance_counter.o)
 .debug_line    0x00004e54      0x2c7 ../../bsp/mpsoc_hello_mpsoc_0//libhal_bsp.a(altera_avalon_timer_sc.o)
 .debug_line    0x0000511b      0x2f7 ../../bsp/mpsoc_hello_mpsoc_0//libhal_bsp.a(perf_print_formatted_report.o)
 .debug_line    0x00005412      0x1c3 ../../bsp/mpsoc_hello_mpsoc_0//libhal_bsp.a(alt_dcache_flush_all.o)
 .debug_line    0x000055d5      0x1b8 ../../bsp/mpsoc_hello_mpsoc_0//libhal_bsp.a(alt_errno.o)
 .debug_line    0x0000578d      0x1c3 ../../bsp/mpsoc_hello_mpsoc_0//libhal_bsp.a(alt_icache_flush_all.o)
 .debug_line    0x00005950      0x28d ../../bsp/mpsoc_hello_mpsoc_0//libhal_bsp.a(alt_iic.o)
 .debug_line    0x00005bdd      0x247 ../../bsp/mpsoc_hello_mpsoc_0//libhal_bsp.a(alt_iic_isr_register.o)
 .debug_line    0x00005e24       0x6b ../../bsp/mpsoc_hello_mpsoc_0//libhal_bsp.a(alt_irq_entry.o)
 .debug_line    0x00005e8f      0x22d ../../bsp/mpsoc_hello_mpsoc_0//libhal_bsp.a(alt_irq_handler.o)
 .debug_line    0x000060bc       0x72 ../../bsp/mpsoc_hello_mpsoc_0//libhal_bsp.a(alt_irq_vars.o)
 .debug_line    0x0000612e      0x300 ../../bsp/mpsoc_hello_mpsoc_0//libhal_bsp.a(alt_tick.o)
 .debug_line    0x0000642e      0x1dc ../../bsp/mpsoc_hello_mpsoc_0//libhal_bsp.a(altera_nios2_qsys_irq.o)
 .debug_line    0x0000660a       0xab ../../bsp/mpsoc_hello_mpsoc_0//libhal_bsp.a(alt_exception_entry.o)
 .debug_line    0x000066b5      0x2b2 /opt/altera/13.0sp1/nios2eds/bin/gnu/H-i686-pc-linux-gnu/bin/../lib/gcc/nios2-elf/4.1.2/../../../../nios2-elf/lib/mno-hw-mul/libsmallc.a(lib_a-puts.o)
 .debug_line    0x00006967      0x369 /opt/altera/13.0sp1/nios2eds/bin/gnu/H-i686-pc-linux-gnu/bin/../lib/gcc/nios2-elf/4.1.2/mno-hw-mul/libgcc.a(_udivdi3.o)

.debug_frame    0x00000000      0x8cc
 *(.debug_frame)
 .debug_frame   0x00000000       0x5c obj/default/src_0/cpu_0.o
 .debug_frame   0x0000005c       0x2c /opt/altera/13.0sp1/nios2eds/bin/gnu/H-i686-pc-linux-gnu/bin/../lib/gcc/nios2-elf/4.1.2/mno-hw-mul/libgcc.a(_floatundisf.o)
 .debug_frame   0x00000088       0x2c /opt/altera/13.0sp1/nios2eds/bin/gnu/H-i686-pc-linux-gnu/bin/../lib/gcc/nios2-elf/4.1.2/mno-hw-mul/libgcc.a(_div_sf.o)
 .debug_frame   0x000000b4       0x28 /opt/altera/13.0sp1/nios2eds/bin/gnu/H-i686-pc-linux-gnu/bin/../lib/gcc/nios2-elf/4.1.2/mno-hw-mul/libgcc.a(_sf_to_df.o)
 .debug_frame   0x000000dc       0x2c /opt/altera/13.0sp1/nios2eds/bin/gnu/H-i686-pc-linux-gnu/bin/../lib/gcc/nios2-elf/4.1.2/mno-hw-mul/libgcc.a(_usi_to_sf.o)
 .debug_frame   0x00000108       0x70 /opt/altera/13.0sp1/nios2eds/bin/gnu/H-i686-pc-linux-gnu/bin/../lib/gcc/nios2-elf/4.1.2/mno-hw-mul/libgcc.a(_addsub_df.o)
 .debug_frame   0x00000178       0x3c /opt/altera/13.0sp1/nios2eds/bin/gnu/H-i686-pc-linux-gnu/bin/../lib/gcc/nios2-elf/4.1.2/mno-hw-mul/libgcc.a(_mul_df.o)
 .debug_frame   0x000001b4       0x30 /opt/altera/13.0sp1/nios2eds/bin/gnu/H-i686-pc-linux-gnu/bin/../lib/gcc/nios2-elf/4.1.2/mno-hw-mul/libgcc.a(_si_to_df.o)
 .debug_frame   0x000001e4       0x28 /opt/altera/13.0sp1/nios2eds/bin/gnu/H-i686-pc-linux-gnu/bin/../lib/gcc/nios2-elf/4.1.2/mno-hw-mul/libgcc.a(_df_to_si.o)
 .debug_frame   0x0000020c       0x28 /opt/altera/13.0sp1/nios2eds/bin/gnu/H-i686-pc-linux-gnu/bin/../lib/gcc/nios2-elf/4.1.2/mno-hw-mul/libgcc.a(_make_df.o)
 .debug_frame   0x00000234       0x28 /opt/altera/13.0sp1/nios2eds/bin/gnu/H-i686-pc-linux-gnu/bin/../lib/gcc/nios2-elf/4.1.2/mno-hw-mul/libgcc.a(_df_to_sf.o)
 .debug_frame   0x0000025c       0x38 /opt/altera/13.0sp1/nios2eds/bin/gnu/H-i686-pc-linux-gnu/bin/../lib/gcc/nios2-elf/4.1.2/mno-hw-mul/libgcc.a(_usi_to_df.o)
 .debug_frame   0x00000294       0x70 /opt/altera/13.0sp1/nios2eds/bin/gnu/H-i686-pc-linux-gnu/bin/../lib/gcc/nios2-elf/4.1.2/mno-hw-mul/libgcc.a(lib2-divmod.o)
 .debug_frame   0x00000304       0x20 /opt/altera/13.0sp1/nios2eds/bin/gnu/H-i686-pc-linux-gnu/bin/../lib/gcc/nios2-elf/4.1.2/mno-hw-mul/libgcc.a(lib2-mul.o)
 .debug_frame   0x00000324       0x40 /opt/altera/13.0sp1/nios2eds/bin/gnu/H-i686-pc-linux-gnu/bin/../lib/gcc/nios2-elf/4.1.2/mno-hw-mul/libgcc.a(_muldi3.o)
 .debug_frame   0x00000364       0x20 /opt/altera/13.0sp1/nios2eds/bin/gnu/H-i686-pc-linux-gnu/bin/../lib/gcc/nios2-elf/4.1.2/mno-hw-mul/libgcc.a(_clzsi2.o)
 .debug_frame   0x00000384       0x20 /opt/altera/13.0sp1/nios2eds/bin/gnu/H-i686-pc-linux-gnu/bin/../lib/gcc/nios2-elf/4.1.2/mno-hw-mul/libgcc.a(_pack_sf.o)
 .debug_frame   0x000003a4       0x20 /opt/altera/13.0sp1/nios2eds/bin/gnu/H-i686-pc-linux-gnu/bin/../lib/gcc/nios2-elf/4.1.2/mno-hw-mul/libgcc.a(_unpack_sf.o)
 .debug_frame   0x000003c4       0x28 /opt/altera/13.0sp1/nios2eds/bin/gnu/H-i686-pc-linux-gnu/bin/../lib/gcc/nios2-elf/4.1.2/mno-hw-mul/libgcc.a(_make_sf.o)
 .debug_frame   0x000003ec       0x2c /opt/altera/13.0sp1/nios2eds/bin/gnu/H-i686-pc-linux-gnu/bin/../lib/gcc/nios2-elf/4.1.2/mno-hw-mul/libgcc.a(_pack_df.o)
 .debug_frame   0x00000418       0x20 /opt/altera/13.0sp1/nios2eds/bin/gnu/H-i686-pc-linux-gnu/bin/../lib/gcc/nios2-elf/4.1.2/mno-hw-mul/libgcc.a(_unpack_df.o)
 .debug_frame   0x00000438       0x40 /opt/altera/13.0sp1/nios2eds/bin/gnu/H-i686-pc-linux-gnu/bin/../lib/gcc/nios2-elf/4.1.2/../../../../nios2-elf/lib/mno-hw-mul/libsmallc.a(lib_a-printf.o)
 .debug_frame   0x00000478       0x64 /opt/altera/13.0sp1/nios2eds/bin/gnu/H-i686-pc-linux-gnu/bin/../lib/gcc/nios2-elf/4.1.2/../../../../nios2-elf/lib/mno-hw-mul/libsmallc.a(lib_a-vfprintf.o)
 .debug_frame   0x000004dc       0x30 /opt/altera/13.0sp1/nios2eds/bin/gnu/H-i686-pc-linux-gnu/bin/../lib/gcc/nios2-elf/4.1.2/../../../../nios2-elf/lib/mno-hw-mul/libsmallc.a(lib_a-fvwrite_small_dev.o)
 .debug_frame   0x0000050c       0x20 /opt/altera/13.0sp1/nios2eds/bin/gnu/H-i686-pc-linux-gnu/bin/../lib/gcc/nios2-elf/4.1.2/../../../../nios2-elf/lib/mno-hw-mul/libsmallc.a(lib_a-strlen.o)
 .debug_frame   0x0000052c       0x2c /opt/altera/13.0sp1/nios2eds/bin/gnu/H-i686-pc-linux-gnu/bin/../lib/gcc/nios2-elf/4.1.2/../../../../nios2-elf/lib/mno-hw-mul/libsmallc.a(lib_a-writer.o)
 .debug_frame   0x00000558       0x38 ../../bsp/mpsoc_hello_mpsoc_0//libhal_bsp.a(alt_load.o)
 .debug_frame   0x00000590       0x28 ../../bsp/mpsoc_hello_mpsoc_0//libhal_bsp.a(alt_main.o)
 .debug_frame   0x000005b8       0x28 ../../bsp/mpsoc_hello_mpsoc_0//libhal_bsp.a(alt_write.o)
 .debug_frame   0x000005e0       0x40 ../../bsp/mpsoc_hello_mpsoc_0//libhal_bsp.a(alt_sys_init.o)
 .debug_frame   0x00000620       0x20 ../../bsp/mpsoc_hello_mpsoc_0//libhal_bsp.a(altera_avalon_jtag_uart_write.o)
 .debug_frame   0x00000640       0x60 ../../bsp/mpsoc_hello_mpsoc_0//libhal_bsp.a(altera_avalon_performance_counter.o)
 .debug_frame   0x000006a0       0x40 ../../bsp/mpsoc_hello_mpsoc_0//libhal_bsp.a(altera_avalon_timer_sc.o)
 .debug_frame   0x000006e0       0x3c ../../bsp/mpsoc_hello_mpsoc_0//libhal_bsp.a(perf_print_formatted_report.o)
 .debug_frame   0x0000071c       0x20 ../../bsp/mpsoc_hello_mpsoc_0//libhal_bsp.a(alt_dcache_flush_all.o)
 .debug_frame   0x0000073c       0x20 ../../bsp/mpsoc_hello_mpsoc_0//libhal_bsp.a(alt_icache_flush_all.o)
 .debug_frame   0x0000075c       0x50 ../../bsp/mpsoc_hello_mpsoc_0//libhal_bsp.a(alt_iic.o)
 .debug_frame   0x000007ac       0x28 ../../bsp/mpsoc_hello_mpsoc_0//libhal_bsp.a(alt_iic_isr_register.o)
 .debug_frame   0x000007d4       0x28 ../../bsp/mpsoc_hello_mpsoc_0//libhal_bsp.a(alt_irq_handler.o)
 .debug_frame   0x000007fc       0x3c ../../bsp/mpsoc_hello_mpsoc_0//libhal_bsp.a(alt_tick.o)
 .debug_frame   0x00000838       0x20 ../../bsp/mpsoc_hello_mpsoc_0//libhal_bsp.a(altera_nios2_qsys_irq.o)
 .debug_frame   0x00000858       0x3c /opt/altera/13.0sp1/nios2eds/bin/gnu/H-i686-pc-linux-gnu/bin/../lib/gcc/nios2-elf/4.1.2/../../../../nios2-elf/lib/mno-hw-mul/libsmallc.a(lib_a-puts.o)
 .debug_frame   0x00000894       0x38 /opt/altera/13.0sp1/nios2eds/bin/gnu/H-i686-pc-linux-gnu/bin/../lib/gcc/nios2-elf/4.1.2/mno-hw-mul/libgcc.a(_udivdi3.o)

.debug_str      0x00000000     0x1574
 *(.debug_str)
 .debug_str     0x00000000       0xd8 obj/default/src_0/cpu_0.o
                                0x127 (size before relaxing)
 .debug_str     0x000000d8       0xd6 /opt/altera/13.0sp1/nios2eds/bin/gnu/H-i686-pc-linux-gnu/bin/../lib/gcc/nios2-elf/4.1.2/mno-hw-mul/libgcc.a(_floatundisf.o)
                                0x178 (size before relaxing)
 .debug_str     0x000001ae      0x10d /opt/altera/13.0sp1/nios2eds/bin/gnu/H-i686-pc-linux-gnu/bin/../lib/gcc/nios2-elf/4.1.2/mno-hw-mul/libgcc.a(_div_sf.o)
                                0x230 (size before relaxing)
 .debug_str     0x000002bb        0xe /opt/altera/13.0sp1/nios2eds/bin/gnu/H-i686-pc-linux-gnu/bin/../lib/gcc/nios2-elf/4.1.2/mno-hw-mul/libgcc.a(_sf_to_df.o)
                                0x1f7 (size before relaxing)
 .debug_str     0x00000000      0x1a8 /opt/altera/13.0sp1/nios2eds/bin/gnu/H-i686-pc-linux-gnu/bin/../lib/gcc/nios2-elf/4.1.2/mno-hw-mul/libgcc.a(_thenan_sf.o)
 .debug_str     0x000002c9       0x21 /opt/altera/13.0sp1/nios2eds/bin/gnu/H-i686-pc-linux-gnu/bin/../lib/gcc/nios2-elf/4.1.2/mno-hw-mul/libgcc.a(_usi_to_sf.o)
                                0x1df (size before relaxing)
 .debug_str     0x000002ea       0x82 /opt/altera/13.0sp1/nios2eds/bin/gnu/H-i686-pc-linux-gnu/bin/../lib/gcc/nios2-elf/4.1.2/mno-hw-mul/libgcc.a(_addsub_df.o)
                                0x274 (size before relaxing)
 .debug_str     0x0000036c       0x45 /opt/altera/13.0sp1/nios2eds/bin/gnu/H-i686-pc-linux-gnu/bin/../lib/gcc/nios2-elf/4.1.2/mno-hw-mul/libgcc.a(_mul_df.o)
                                0x246 (size before relaxing)
 .debug_str     0x000003b1       0x11 /opt/altera/13.0sp1/nios2eds/bin/gnu/H-i686-pc-linux-gnu/bin/../lib/gcc/nios2-elf/4.1.2/mno-hw-mul/libgcc.a(_si_to_df.o)
                                0x1e3 (size before relaxing)
 .debug_str     0x000003c2        0xa /opt/altera/13.0sp1/nios2eds/bin/gnu/H-i686-pc-linux-gnu/bin/../lib/gcc/nios2-elf/4.1.2/mno-hw-mul/libgcc.a(_df_to_si.o)
                                0x20c (size before relaxing)
 .debug_str     0x000003cc        0xa /opt/altera/13.0sp1/nios2eds/bin/gnu/H-i686-pc-linux-gnu/bin/../lib/gcc/nios2-elf/4.1.2/mno-hw-mul/libgcc.a(_make_df.o)
                                0x1be (size before relaxing)
 .debug_str     0x000003d6       0x14 /opt/altera/13.0sp1/nios2eds/bin/gnu/H-i686-pc-linux-gnu/bin/../lib/gcc/nios2-elf/4.1.2/mno-hw-mul/libgcc.a(_df_to_sf.o)
                                0x203 (size before relaxing)
 .debug_str     0x00000000      0x1a8 /opt/altera/13.0sp1/nios2eds/bin/gnu/H-i686-pc-linux-gnu/bin/../lib/gcc/nios2-elf/4.1.2/mno-hw-mul/libgcc.a(_thenan_df.o)
 .debug_str     0x000003ea        0xe /opt/altera/13.0sp1/nios2eds/bin/gnu/H-i686-pc-linux-gnu/bin/../lib/gcc/nios2-elf/4.1.2/mno-hw-mul/libgcc.a(_usi_to_df.o)
                                0x1df (size before relaxing)