Archive member included because of file (symbol)

/opt/altera/13.0sp1/nios2eds/bin/gnu/H-i686-pc-linux-gnu/bin/../lib/gcc/nios2-elf/4.1.2/mno-hw-mul/libgcc.a(_fixunssfsi.o)
                              obj/default/src_0/cpu_0.o (__fixunssfsi)
/opt/altera/13.0sp1/nios2eds/bin/gnu/H-i686-pc-linux-gnu/bin/../lib/gcc/nios2-elf/4.1.2/mno-hw-mul/libgcc.a(_floatundisf.o)
                              obj/default/src_0/cpu_0.o (__floatundisf)
/opt/altera/13.0sp1/nios2eds/bin/gnu/H-i686-pc-linux-gnu/bin/../lib/gcc/nios2-elf/4.1.2/mno-hw-mul/libgcc.a(_addsub_sf.o)
                              /opt/altera/13.0sp1/nios2eds/bin/gnu/H-i686-pc-linux-gnu/bin/../lib/gcc/nios2-elf/4.1.2/mno-hw-mul/libgcc.a(_fixunssfsi.o) (__subsf3)
/opt/altera/13.0sp1/nios2eds/bin/gnu/H-i686-pc-linux-gnu/bin/../lib/gcc/nios2-elf/4.1.2/mno-hw-mul/libgcc.a(_ge_sf.o)
                              /opt/altera/13.0sp1/nios2eds/bin/gnu/H-i686-pc-linux-gnu/bin/../lib/gcc/nios2-elf/4.1.2/mno-hw-mul/libgcc.a(_fixunssfsi.o) (__gesf2)
/opt/altera/13.0sp1/nios2eds/bin/gnu/H-i686-pc-linux-gnu/bin/../lib/gcc/nios2-elf/4.1.2/mno-hw-mul/libgcc.a(_sf_to_si.o)
                              /opt/altera/13.0sp1/nios2eds/bin/gnu/H-i686-pc-linux-gnu/bin/../lib/gcc/nios2-elf/4.1.2/mno-hw-mul/libgcc.a(_fixunssfsi.o) (__fixsfsi)
/opt/altera/13.0sp1/nios2eds/bin/gnu/H-i686-pc-linux-gnu/bin/../lib/gcc/nios2-elf/4.1.2/mno-hw-mul/libgcc.a(_sf_to_df.o)
                              obj/default/src_0/cpu_0.o (__extendsfdf2)
/opt/altera/13.0sp1/nios2eds/bin/gnu/H-i686-pc-linux-gnu/bin/../lib/gcc/nios2-elf/4.1.2/mno-hw-mul/libgcc.a(_thenan_sf.o)
                              /opt/altera/13.0sp1/nios2eds/bin/gnu/H-i686-pc-linux-gnu/bin/../lib/gcc/nios2-elf/4.1.2/mno-hw-mul/libgcc.a(_addsub_sf.o) (__thenan_sf)
/opt/altera/13.0sp1/nios2eds/bin/gnu/H-i686-pc-linux-gnu/bin/../lib/gcc/nios2-elf/4.1.2/mno-hw-mul/libgcc.a(_usi_to_sf.o)
                              obj/default/src_0/cpu_0.o (__floatunsisf)
/opt/altera/13.0sp1/nios2eds/bin/gnu/H-i686-pc-linux-gnu/bin/../lib/gcc/nios2-elf/4.1.2/mno-hw-mul/libgcc.a(_addsub_df.o)
                              /opt/altera/13.0sp1/nios2eds/bin/gnu/H-i686-pc-linux-gnu/bin/../lib/gcc/nios2-elf/4.1.2/mno-hw-mul/libgcc.a(_floatundisf.o) (__adddf3)
/opt/altera/13.0sp1/nios2eds/bin/gnu/H-i686-pc-linux-gnu/bin/../lib/gcc/nios2-elf/4.1.2/mno-hw-mul/libgcc.a(_mul_df.o)
                              /opt/altera/13.0sp1/nios2eds/bin/gnu/H-i686-pc-linux-gnu/bin/../lib/gcc/nios2-elf/4.1.2/mno-hw-mul/libgcc.a(_floatundisf.o) (__muldf3)
/opt/altera/13.0sp1/nios2eds/bin/gnu/H-i686-pc-linux-gnu/bin/../lib/gcc/nios2-elf/4.1.2/mno-hw-mul/libgcc.a(_make_df.o)
                              /opt/altera/13.0sp1/nios2eds/bin/gnu/H-i686-pc-linux-gnu/bin/../lib/gcc/nios2-elf/4.1.2/mno-hw-mul/libgcc.a(_sf_to_df.o) (__make_dp)
/opt/altera/13.0sp1/nios2eds/bin/gnu/H-i686-pc-linux-gnu/bin/../lib/gcc/nios2-elf/4.1.2/mno-hw-mul/libgcc.a(_df_to_sf.o)
                              /opt/altera/13.0sp1/nios2eds/bin/gnu/H-i686-pc-linux-gnu/bin/../lib/gcc/nios2-elf/4.1.2/mno-hw-mul/libgcc.a(_floatundisf.o) (__truncdfsf2)
/opt/altera/13.0sp1/nios2eds/bin/gnu/H-i686-pc-linux-gnu/bin/../lib/gcc/nios2-elf/4.1.2/mno-hw-mul/libgcc.a(_thenan_df.o)
                              /opt/altera/13.0sp1/nios2eds/bin/gnu/H-i686-pc-linux-gnu/bin/../lib/gcc/nios2-elf/4.1.2/mno-hw-mul/libgcc.a(_addsub_df.o) (__thenan_df)
/opt/altera/13.0sp1/nios2eds/bin/gnu/H-i686-pc-linux-gnu/bin/../lib/gcc/nios2-elf/4.1.2/mno-hw-mul/libgcc.a(_usi_to_df.o)
                              /opt/altera/13.0sp1/nios2eds/bin/gnu/H-i686-pc-linux-gnu/bin/../lib/gcc/nios2-elf/4.1.2/mno-hw-mul/libgcc.a(_floatundisf.o) (__floatunsidf)
/opt/altera/13.0sp1/nios2eds/bin/gnu/H-i686-pc-linux-gnu/bin/../lib/gcc/nios2-elf/4.1.2/mno-hw-mul/libgcc.a(lib2-mul.o)
                              obj/default/src_0/cpu_0.o (__mulsi3)
/opt/altera/13.0sp1/nios2eds/bin/gnu/H-i686-pc-linux-gnu/bin/../lib/gcc/nios2-elf/4.1.2/mno-hw-mul/libgcc.a(_muldi3.o)
                              /opt/altera/13.0sp1/nios2eds/bin/gnu/H-i686-pc-linux-gnu/bin/../lib/gcc/nios2-elf/4.1.2/mno-hw-mul/libgcc.a(_mul_df.o) (__muldi3)
/opt/altera/13.0sp1/nios2eds/bin/gnu/H-i686-pc-linux-gnu/bin/../lib/gcc/nios2-elf/4.1.2/mno-hw-mul/libgcc.a(_clzsi2.o)
                              /opt/altera/13.0sp1/nios2eds/bin/gnu/H-i686-pc-linux-gnu/bin/../lib/gcc/nios2-elf/4.1.2/mno-hw-mul/libgcc.a(_usi_to_sf.o) (__clzsi2)
/opt/altera/13.0sp1/nios2eds/bin/gnu/H-i686-pc-linux-gnu/bin/../lib/gcc/nios2-elf/4.1.2/mno-hw-mul/libgcc.a(_pack_sf.o)
                              /opt/altera/13.0sp1/nios2eds/bin/gnu/H-i686-pc-linux-gnu/bin/../lib/gcc/nios2-elf/4.1.2/mno-hw-mul/libgcc.a(_addsub_sf.o) (__pack_f)
/opt/altera/13.0sp1/nios2eds/bin/gnu/H-i686-pc-linux-gnu/bin/../lib/gcc/nios2-elf/4.1.2/mno-hw-mul/libgcc.a(_unpack_sf.o)
[...]
Memory Configuration

Name             Origin             Length             Attributes
reset            0x00200000         0x00000020
sram             0x00200020         0x001fffe0
sdram            0x08000000         0x08000000
*default*        0x00000000         0xffffffff

Linker script and memory map

LOAD ../../bsp/mpsoc_hello_mpsoc_0//obj/HAL/src/crt0.o
                0x0020000c                exit = _exit
LOAD obj/default/src_0/cpu_0.o
LOAD obj/default/src_0/delay_asm.o
LOAD /opt/altera/13.0sp1/nios2eds/bin/gnu/H-i686-pc-linux-gnu/bin/../lib/gcc/nios2-elf/4.1.2/../../../../nios2-elf/lib/mno-hw-mul/libstdc++.a
LOAD /opt/altera/13.0sp1/nios2eds/bin/gnu/H-i686-pc-linux-gnu/bin/../lib/gcc/nios2-elf/4.1.2/../../../../nios2-elf/lib/mno-hw-mul/libm.a
LOAD /opt/altera/13.0sp1/nios2eds/bin/gnu/H-i686-pc-linux-gnu/bin/../lib/gcc/nios2-elf/4.1.2/mno-hw-mul/libgcc.a
START GROUP
LOAD /opt/altera/13.0sp1/nios2eds/bin/gnu/H-i686-pc-linux-gnu/bin/../lib/gcc/nios2-elf/4.1.2/../../../../nios2-elf/lib/mno-hw-mul/libc.a
LOAD /opt/altera/13.0sp1/nios2eds/bin/gnu/H-i686-pc-linux-gnu/bin/../lib/gcc/nios2-elf/4.1.2/mno-hw-mul/libgcc.a
LOAD ../../bsp/mpsoc_hello_mpsoc_0//libhal_bsp.a
END GROUP
LOAD /opt/altera/13.0sp1/nios2eds/bin/gnu/H-i686-pc-linux-gnu/bin/../lib/gcc/nios2-elf/4.1.2/mno-hw-mul/libgcc.a
                0x00200000                __alt_mem_sram = 0x200000
                0x08000000                __alt_mem_sdram = 0x8000000

.entry          0x00200000       0x20
 *(.entry)
 .entry         0x00200000       0x20 ../../bsp/mpsoc_hello_mpsoc_0//obj/HAL/src/crt0.o
                0x00200000                __reset
                0x0020000c                _exit

.exceptions     0x00200020      0x120
                0x00200020                PROVIDE (__ram_exceptions_start, ABSOLUTE (.))
                0x00200020                . = ALIGN (0x20)
 *(.irq)
 *(.exceptions.entry.label)
 .exceptions.entry.label
                0x00200020        0x0 ../../bsp/mpsoc_hello_mpsoc_0//libhal_bsp.a(alt_irq_entry.o)
                0x00200020                alt_irq_entry
 .exceptions.entry.label
                0x00200020        0x0 ../../bsp/mpsoc_hello_mpsoc_0//libhal_bsp.a(alt_exception_entry.o)
                0x00200020                alt_exception
 *(.exceptions.entry.user)
 *(.exceptions.entry)
 .exceptions.entry
                0x00200020       0x54 ../../bsp/mpsoc_hello_mpsoc_0//libhal_bsp.a(alt_exception_entry.o)
 *(.exceptions.irqtest.user)
 *(.exceptions.irqtest)
 .exceptions.irqtest
                0x00200074       0x10 ../../bsp/mpsoc_hello_mpsoc_0//libhal_bsp.a(alt_irq_entry.o)
 *(.exceptions.irqhandler.user)
 *(.exceptions.irqhandler)
 .exceptions.irqhandler
                0x00200084        0x4 ../../bsp/mpsoc_hello_mpsoc_0//libhal_bsp.a(alt_irq_entry.o)
 *(.exceptions.irqreturn.user)
 *(.exceptions.irqreturn)
 .exceptions.irqreturn
                0x00200088        0x4 ../../bsp/mpsoc_hello_mpsoc_0//libhal_bsp.a(alt_irq_entry.o)
 *(.exceptions.notirq.label)
 .exceptions.notirq.label
                0x0020008c        0x0 ../../bsp/mpsoc_hello_mpsoc_0//libhal_bsp.a(alt_irq_entry.o)
 *(.exceptions.notirq.user)
 *(.exceptions.notirq)
 .exceptions.notirq
                0x0020008c        0x8 ../../bsp/mpsoc_hello_mpsoc_0//libhal_bsp.a(alt_exception_entry.o)
 *(.exceptions.soft.user)
 *(.exceptions.soft)
 *(.exceptions.unknown.user)
 *(.exceptions.unknown)
 .exceptions.unknown
                0x00200094        0x4 ../../bsp/mpsoc_hello_mpsoc_0//libhal_bsp.a(alt_exception_entry.o)
 *(.exceptions.exit.label)
 .exceptions.exit.label
                0x00200098        0x0 ../../bsp/mpsoc_hello_mpsoc_0//libhal_bsp.a(alt_irq_entry.o)
 .exceptions.exit.label
                0x00200098        0x0 ../../bsp/mpsoc_hello_mpsoc_0//libhal_bsp.a(alt_exception_entry.o)
 *(.exceptions.exit.user)
 *(.exceptions.exit)
 .exceptions.exit
                0x00200098       0x54 ../../bsp/mpsoc_hello_mpsoc_0//libhal_bsp.a(alt_exception_entry.o)
 *(.exceptions)
 .exceptions    0x002000ec       0x54 ../../bsp/mpsoc_hello_mpsoc_0//libhal_bsp.a(alt_irq_handler.o)
                0x002000ec                alt_irq_handler
                0x00200140                PROVIDE (__ram_exceptions_end, ABSOLUTE (.))
                0x00200020                PROVIDE (__flash_exceptions_start, LOADADDR (.exceptions))

.text           0x00200140     0xbe14
                0x00200140                PROVIDE (stext, ABSOLUTE (.))
 *(.interp)
 *(.hash)
 *(.dynsym)
 *(.dynstr)
 *(.gnu.version)
 *(.gnu.version_d)
 *(.gnu.version_r)
 *(.rel.init)
 *(.rela.init)
 *(.rel.text .rel.text.* .rel.gnu.linkonce.t.*)
 *(.rela.text .rela.text.* .rela.gnu.linkonce.t.*)
 *(.rel.fini)
 *(.rela.fini)
 *(.rel.rodata .rel.rodata.* .rel.gnu.linkonce.r.*)
 *(.rela.rodata .rela.rodata.* .rela.gnu.linkonce.r.*)
 *(.rel.data .rel.data.* .rel.gnu.linkonce.d.*)
 *(.rela.data .rela.data.* .rela.gnu.linkonce.d.*)
 *(.rel.tdata .rel.tdata.* .rel.gnu.linkonce.td.*)
 *(.rela.tdata .rela.tdata.* .rela.gnu.linkonce.td.*)
 *(.rel.tbss .rel.tbss.* .rel.gnu.linkonce.tb.*)
 *(.rela.tbss .rela.tbss.* .rela.gnu.linkonce.tb.*)
 *(.rel.ctors)
 *(.rela.ctors)
 *(.rel.dtors)
 *(.rela.dtors)
 *(.rel.got)
 *(.rela.got)
 *(.rel.sdata .rel.sdata.* .rel.gnu.linkonce.s.*)
 *(.rela.sdata .rela.sdata.* .rela.gnu.linkonce.s.*)
 *(.rel.sbss .rel.sbss.* .rel.gnu.linkonce.sb.*)
 *(.rela.sbss .rela.sbss.* .rela.gnu.linkonce.sb.*)
 *(.rel.sdata2 .rel.sdata2.* .rel.gnu.linkonce.s2.*)
 *(.rela.sdata2 .rela.sdata2.* .rela.gnu.linkonce.s2.*)
 *(.rel.sbss2 .rel.sbss2.* .rel.gnu.linkonce.sb2.*)
 *(.rela.sbss2 .rela.sbss2.* .rela.gnu.linkonce.sb2.*)
 *(.rel.bss .rel.bss.* .rel.gnu.linkonce.b.*)
 *(.rela.bss .rela.bss.* .rela.gnu.linkonce.b.*)
 *(.rel.plt)
 *(.rela.plt)
 *(.rel.dyn)
 *(.init)
 *(.plt)
 *(.text .stub .text.* .gnu.linkonce.t.*)
 .text          0x00200140       0x3c ../../bsp/mpsoc_hello_mpsoc_0//obj/HAL/src/crt0.o
                0x00200140                _start
 .text          0x0020017c      0x320 obj/default/src_0/cpu_0.o
                0x0020017c                copy
                0x002001a8                grayscale
                0x00200324                main
                0x00200414                print
 .text          0x0020049c       0x20 obj/default/src_0/delay_asm.o
                0x0020049c                delay
 .text          0x002004bc       0x70 /opt/altera/13.0sp1/nios2eds/bin/gnu/H-i686-pc-linux-gnu/bin/../lib/gcc/nios2-elf/4.1.2/mno-hw-mul/libgcc.a(_fixunssfsi.o)
                0x002004bc                __fixunssfsi
 .text          0x0020052c       0xb8 /opt/altera/13.0sp1/nios2eds/bin/gnu/H-i686-pc-linux-gnu/bin/../lib/gcc/nios2-elf/4.1.2/mno-hw-mul/libgcc.a(_floatundisf.o)
                0x0020052c                __floatundisf
 .text          0x002005e4      0x2b8 /opt/altera/13.0sp1/nios2eds/bin/gnu/H-i686-pc-linux-gnu/bin/../lib/gcc/nios2-elf/4.1.2/mno-hw-mul/libgcc.a(_addsub_sf.o)
                0x002007c8                __subsf3
                0x00200838                __addsf3
 .text          0x0020089c       0x78 /opt/altera/13.0sp1/nios2eds/bin/gnu/H-i686-pc-linux-gnu/bin/../lib/gcc/nios2-elf/4.1.2/mno-hw-mul/libgcc.a(_ge_sf.o)
                0x0020089c                __gesf2
 .text          0x00200914       0x94 /opt/altera/13.0sp1/nios2eds/bin/gnu/H-i686-pc-linux-gnu/bin/../lib/gcc/nios2-elf/4.1.2/mno-hw-mul/libgcc.a(_sf_to_si.o)
                0x00200914                __fixsfsi
 .text          0x002009a8       0x54 /opt/altera/13.0sp1/nios2eds/bin/gnu/H-i686-pc-linux-gnu/bin/../lib/gcc/nios2-elf/4.1.2/mno-hw-mul/libgcc.a(_sf_to_df.o)
                0x002009a8                __extendsfdf2
 .text          0x002009fc        0x0 /opt/altera/13.0sp1/nios2eds/bin/gnu/H-i686-pc-linux-gnu/bin/../lib/gcc/nios2-elf/4.1.2/mno-hw-mul/libgcc.a(_thenan_sf.o)
 .text          0x002009fc       0xc0 /opt/altera/13.0sp1/nios2eds/bin/gnu/H-i686-pc-linux-gnu/bin/../lib/gcc/nios2-elf/4.1.2/mno-hw-mul/libgcc.a(_usi_to_sf.o)
                0x002009fc                __floatunsisf
 .text          0x00200abc      0x504 /opt/altera/13.0sp1/nios2eds/bin/gnu/H-i686-pc-linux-gnu/bin/../lib/gcc/nios2-elf/4.1.2/mno-hw-mul/libgcc.a(_addsub_df.o)
                0x00200ecc                __subdf3
                0x00200f4c                __adddf3
 .text          0x00200fc0      0x3c4 /opt/altera/13.0sp1/nios2eds/bin/gnu/H-i686-pc-linux-gnu/bin/../lib/gcc/nios2-elf/4.1.2/mno-hw-mul/libgcc.a(_mul_df.o)
                0x00200fc0                __muldf3
 .text          0x00201384       0x38 /opt/altera/13.0sp1/nios2eds/bin/gnu/H-i686-pc-linux-gnu/bin/../lib/gcc/nios2-elf/4.1.2/mno-hw-mul/libgcc.a(_make_df.o)
                0x00201384                __make_dp
 .text          0x002013bc       0x74 /opt/altera/13.0sp1/nios2eds/bin/gnu/H-i686-pc-linux-gnu/bin/../lib/gcc/nios2-elf/4.1.2/mno-hw-mul/libgcc.a(_df_to_sf.o)
                0x002013bc                __truncdfsf2
 .text          0x00201430        0x0 /opt/altera/13.0sp1/nios2eds/bin/gnu/H-i686-pc-linux-gnu/bin/../lib/gcc/nios2-elf/4.1.2/mno-hw-mul/libgcc.a(_thenan_df.o)
 .text          0x00201430      0x194 /opt/altera/13.0sp1/nios2eds/bin/gnu/H-i686-pc-linux-gnu/bin/../lib/gcc/nios2-elf/4.1.2/mno-hw-mul/libgcc.a(_usi_to_df.o)
                0x00201430                __floatunsidf
 .text          0x002015c4       0x38 /opt/altera/13.0sp1/nios2eds/bin/gnu/H-i686-pc-linux-gnu/bin/../lib/gcc/nios2-elf/4.1.2/mno-hw-mul/libgcc.a(lib2-mul.o)
                0x002015c4                __mulsi3
 .text          0x002015fc      0x124 /opt/altera/13.0sp1/nios2eds/bin/gnu/H-i686-pc-linux-gnu/bin/../lib/gcc/nios2-elf/4.1.2/mno-hw-mul/libgcc.a(_muldi3.o)
                0x002015fc                __muldi3
 .text          0x00201720       0x80 /opt/altera/13.0sp1/nios2eds/bin/gnu/H-i686-pc-linux-gnu/bin/../lib/gcc/nios2-elf/4.1.2/mno-hw-mul/libgcc.a(_clzsi2.o)
                0x00201720                __clzsi2
 .text          0x002017a0      0x160 /opt/altera/13.0sp1/nios2eds/bin/gnu/H-i686-pc-linux-gnu/bin/../lib/gcc/nios2-elf/4.1.2/mno-hw-mul/libgcc.a(_pack_sf.o)
                0x002017a0                __pack_f
 .text          0x00201900       0xc8 /opt/altera/13.0sp1/nios2eds/bin/gnu/H-i686-pc-linux-gnu/bin/../lib/gcc/nios2-elf/4.1.2/mno-hw-mul/libgcc.a(_unpack_sf.o)
                0x00201900                __unpack_f
 .text          0x002019c8       0xa8 /opt/altera/13.0sp1/nios2eds/bin/gnu/H-i686-pc-linux-gnu/bin/../lib/gcc/nios2-elf/4.1.2/mno-hw-mul/libgcc.a(_fpcmp_parts_sf.o)
                0x002019c8                __fpcmp_parts_f
 .text          0x00201a70       0x2c /opt/altera/13.0sp1/nios2eds/bin/gnu/H-i686-pc-linux-gnu/bin/../lib/gcc/nios2-elf/4.1.2/mno-hw-mul/libgcc.a(_make_sf.o)
                0x00201a70                __make_fp
 .text          0x00201a9c      0x314 /opt/altera/13.0sp1/nios2eds/bin/gnu/H-i686-pc-linux-gnu/bin/../lib/gcc/nios2-elf/4.1.2/mno-hw-mul/libgcc.a(_pack_df.o)
                0x00201a9c                __pack_d
 .text          0x00201db0      0x138 /opt/altera/13.0sp1/nios2eds/bin/gnu/H-i686-pc-linux-gnu/bin/../lib/gcc/nios2-elf/4.1.2/mno-hw-mul/libgcc.a(_unpack_df.o)
                0x00201db0                __unpack_d
 .text          0x00201ee8        0x0 /opt/altera/13.0sp1/nios2eds/bin/gnu/H-i686-pc-linux-gnu/bin/../lib/gcc/nios2-elf/4.1.2/mno-hw-mul/libgcc.a(_clz.o)
 .text          0x00201ee8       0x78 /opt/altera/13.0sp1/nios2eds/bin/gnu/H-i686-pc-linux-gnu/bin/../lib/gcc/nios2-elf/4.1.2/../../../../nios2-elf/lib/mno-hw-mul/libc.a(lib_a-printf.o)
                0x00201ee8                printf
                0x00201f2c                _printf_r
 .text          0x00201f60       0xb4 /opt/altera/13.0sp1/nios2eds/bin/gnu/H-i686-pc-linux-gnu/bin/../lib/gcc/nios2-elf/4.1.2/../../../../nios2-elf/lib/mno-hw-mul/libc.a(lib_a-puts.o)
                0x00201f60                _puts_r
                0x00202000                puts
 .text          0x00202014       0x74 /opt/altera/13.0sp1/nios2eds/bin/gnu/H-i686-pc-linux-gnu/bin/../lib/gcc/nios2-elf/4.1.2/../../../../nios2-elf/lib/mno-hw-mul/libc.a(lib_a-strlen.o)
                0x00202014                strlen
 .text          0x00202088     0x1f40 /opt/altera/13.0sp1/nios2eds/bin/gnu/H-i686-pc-linux-gnu/bin/../lib/gcc/nios2-elf/4.1.2/../../../../nios2-elf/lib/mno-hw-mul/libc.a(lib_a-vfprintf.o)
                0x002020e0                ___vfprintf_internal_r
                0x00203fa4                __vfprintf_internal
 .text          0x00203fc8      0x13c /opt/altera/13.0sp1/nios2eds/bin/gnu/H-i686-pc-linux-gnu/bin/../lib/gcc/nios2-elf/4.1.2/../../../../nios2-elf/lib/mno-hw-mul/libc.a(lib_a-wsetup.o)
                0x00203fc8                __swsetup_r
 .text          0x00204104     0x17f8 /opt/altera/13.0sp1/nios2eds/bin/gnu/H-i686-pc-linux-gnu/bin/../lib/gcc/nios2-elf/4.1.2/../../../../nios2-elf/lib/mno-hw-mul/libc.a(lib_a-dtoa.o)
                0x00204348                _dtoa_r
 .text          0x002058fc      0x230 /opt/altera/13.0sp1/nios2eds/bin/gnu/H-i686-pc-linux-gnu/bin/../lib/gcc/nios2-elf/4.1.2/../../../../nios2-elf/lib/mno-hw-mul/libc.a(lib_a-fflush.o)
                0x002058fc                _fflush_r
                0x00205af8                fflush
 .text          0x00205b2c      0x2f4 /opt/altera/13.0sp1/nios2eds/bin/gnu/H-i686-pc-linux-gnu/bin/../lib/gcc/nios2-elf/4.1.2/../../../../nios2-elf/lib/mno-hw-mul/libc.a(lib_a-findfp.o)
                0x00205b84                __sfp_lock_acquire
                0x00205b88                __sfp_lock_release
                0x00205b8c                __sinit_lock_acquire
                0x00205b90                __sinit_lock_release
                0x00205b94                __sinit
                0x00205c48                __fp_unlock_all
                0x00205c60                __fp_lock_all
                0x00205c78                _cleanup_r
                0x00205c84                _cleanup
                0x00205c94                __sfmoreglue
                0x00205d30                __sfp
 .text          0x00205e20      0x440 /opt/altera/13.0sp1/nios2eds/bin/gnu/H-i686-pc-linux-gnu/bin/../lib/gcc/nios2-elf/4.1.2/../../../../nios2-elf/lib/mno-hw-mul/libc.a(lib_a-freer.o)
                0x00205e20                _malloc_trim_r
                0x00205f4c                _free_r
 .text          0x00206260      0x49c /opt/altera/13.0sp1/nios2eds/bin/gnu/H-i686-pc-linux-gnu/bin/../lib/gcc/nios2-elf/4.1.2/../../../../nios2-elf/lib/mno-hw-mul/libc.a(lib_a-fvwrite.o)
                0x00206260                __sfvwrite_r
 .text          0x002066fc      0x180 /opt/altera/13.0sp1/nios2eds/bin/gnu/H-i686-pc-linux-gnu/bin/../lib/gcc/nios2-elf/4.1.2/../../../../nios2-elf/lib/mno-hw-mul/libc.a(lib_a-fwalk.o)
                0x002066fc                _fwalk_reent
                0x002067c4                _fwalk
 .text          0x0020687c        0x0 /opt/altera/13.0sp1/nios2eds/bin/gnu/H-i686-pc-linux-gnu/bin/../lib/gcc/nios2-elf/4.1.2/../../../../nios2-elf/lib/mno-hw-mul/libc.a(lib_a-impure.o)
 .text          0x0020687c       0xc4 /opt/altera/13.0sp1/nios2eds/bin/gnu/H-i686-pc-linux-gnu/bin/../lib/gcc/nios2-elf/4.1.2/../../../../nios2-elf/lib/mno-hw-mul/libc.a(lib_a-locale.o)
                0x0020687c                __locale_charset
                0x00206884                _localeconv_r
                0x00206890                localeconv
                0x002068a0                _setlocale_r
                0x00206924                setlocale
 .text          0x00206940      0x194 /opt/altera/13.0sp1/nios2eds/bin/gnu/H-i686-pc-linux-gnu/bin/../lib/gcc/nios2-elf/4.1.2/../../../../nios2-elf/lib/mno-hw-mul/libc.a(lib_a-makebuf.o)
                0x00206940                __smakebuf_r
 .text          0x00206ad4      0x740 /opt/altera/13.0sp1/nios2eds/bin/gnu/H-i686-pc-linux-gnu/bin/../lib/gcc/nios2-elf/4.1.2/../../../../nios2-elf/lib/mno-hw-mul/libc.a(lib_a-mallocr.o)
                0x00206ad4                _malloc_r
 .text          0x00207214       0xe4 /opt/altera/13.0sp1/nios2eds/bin/gnu/H-i686-pc-linux-gnu/bin/../lib/gcc/nios2-elf/4.1.2/../../../../nios2-elf/lib/mno-hw-mul/libc.a(lib_a-memchr.o)
                0x00207214                memchr
 .text          0x002072f8       0xa0 /opt/altera/13.0sp1/nios2eds/bin/gnu/H-i686-pc-linux-gnu/bin/../lib/gcc/nios2-elf/4.1.2/../../../../nios2-elf/lib/mno-hw-mul/libc.a(lib_a-memcpy.o)
                0x002072f8                memcpy
 .text          0x00207398       0xe0 /opt/altera/13.0sp1/nios2eds/bin/gnu/H-i686-pc-linux-gnu/bin/../lib/gcc/nios2-elf/4.1.2/../../../../nios2-elf/lib/mno-hw-mul/libc.a(lib_a-memmove.o)
                0x00207398                memmove
 .text          0x00207478       0x98 /opt/altera/13.0sp1/nios2eds/bin/gnu/H-i686-pc-linux-gnu/bin/../lib/gcc/nios2-elf/4.1.2/../../../../nios2-elf/lib/mno-hw-mul/libc.a(lib_a-memset.o)
                0x00207478                memset
 .text          0x00207510     0x108c /opt/altera/13.0sp1/nios2eds/bin/gnu/H-i686-pc-linux-gnu/bin/../lib/gcc/nios2-elf/4.1.2/../../../../nios2-elf/lib/mno-hw-mul/libc.a(lib_a-mprec.o)
                0x00207510                _Bfree
                0x00207538                __hi0bits
                0x002075a8                __lo0bits
                0x0020766c                __mcmp
                0x002076cc                __ulp
                0x0020774c                __b2d
                0x0020786c                __ratio
                0x0020791c                _mprec_log10
                0x002079b0                __copybits
                0x00207a08                __any_on
                0x00207a90                _Balloc
                0x00207b4c                __d2b
                0x00207cc8                __mdiff
                0x00207e54                __lshift
                0x00207fa0                __multiply
                0x002081f4                __i2b
                0x00208230                __multadd
                0x0020835c                __pow5mult
                0x0020847c                __s2b
 .text          0x0020859c      0x5f4 /opt/altera/13.0sp1/nios2eds/bin/gnu/H-i686-pc-linux-gnu/bin/../lib/gcc/nios2-elf/4.1.2/../../../../nios2-elf/lib/mno-hw-mul/libc.a(lib_a-reallocr.o)
                0x0020859c                _realloc_r
 .text          0x00208b90       0x40 /opt/altera/13.0sp1/nios2eds/bin/gnu/H-i686-pc-linux-gnu/bin/../lib/gcc/nios2-elf/4.1.2/../../../../nios2-elf/lib/mno-hw-mul/libc.a(lib_a-s_isinfd.o)
                0x00208b90                __isinfd
 .text          0x00208bd0       0x30 /opt/altera/13.0sp1/nios2eds/bin/gnu/H-i686-pc-linux-gnu/bin/../lib/gcc/nios2-elf/4.1.2/../../../../nios2-elf/lib/mno-hw-mul/libc.a(lib_a-s_isnand.o)
                0x00208bd0                __isnand
 .text          0x00208c00       0x70 /opt/altera/13.0sp1/nios2eds/bin/gnu/H-i686-pc-linux-gnu/bin/../lib/gcc/nios2-elf/4.1.2/../../../../nios2-elf/lib/mno-hw-mul/libc.a(lib_a-sbrkr.o)
                0x00208c00                _sbrk_r
 .text          0x00208c70      0x14c /opt/altera/13.0sp1/nios2eds/bin/gnu/H-i686-pc-linux-gnu/bin/../lib/gcc/nios2-elf/4.1.2/../../../../nios2-elf/lib/mno-hw-mul/libc.a(lib_a-stdio.o)
                0x00208c70                __sclose
                0x00208c78                __sseek
                0x00208ce0                __swrite
                0x00208d5c                __sread
 .text          0x00208dbc       0xbc /opt/altera/13.0sp1/nios2eds/bin/gnu/H-i686-pc-linux-gnu/bin/../lib/gcc/nios2-elf/4.1.2/../../../../nios2-elf/lib/mno-hw-mul/libc.a(lib_a-strcmp.o)
                0x00208dbc                strcmp
 .text          0x00208e78       0x78 /opt/altera/13.0sp1/nios2eds/bin/gnu/H-i686-pc-linux-gnu/bin/../lib/gcc/nios2-elf/4.1.2/../../../../nios2-elf/lib/mno-hw-mul/libc.a(lib_a-writer.o)
                0x00208e78                _write_r
 .text          0x00208ef0       0xc8 /opt/altera/13.0sp1/nios2eds/bin/gnu/H-i686-pc-linux-gnu/bin/../lib/gcc/nios2-elf/4.1.2/../../../../nios2-elf/lib/mno-hw-mul/libc.a(lib_a-callocr.o)
                0x00208ef0                _calloc_r
 .text          0x00208fb8       0x70 /opt/altera/13.0sp1/nios2eds/bin/gnu/H-i686-pc-linux-gnu/bin/../lib/gcc/nios2-elf/4.1.2/../../../../nios2-elf/lib/mno-hw-mul/libc.a(lib_a-closer.o)
                0x00208fb8                _close_r
 .text          0x00209028      0x124 /opt/altera/13.0sp1/nios2eds/bin/gnu/H-i686-pc-linux-gnu/bin/../lib/gcc/nios2-elf/4.1.2/../../../../nios2-elf/lib/mno-hw-mul/libc.a(lib_a-fclose.o)
                0x00209028                _fclose_r
                0x00209138                fclose
 .text          0x0020914c       0x74 /opt/altera/13.0sp1/nios2eds/bin/gnu/H-i686-pc-linux-gnu/bin/../lib/gcc/nios2-elf/4.1.2/../../../../nios2-elf/lib/mno-hw-mul/libc.a(lib_a-fstatr.o)
                0x0020914c                _fstat_r
 .text          0x002091c0        0x0 /opt/altera/13.0sp1/nios2eds/bin/gnu/H-i686-pc-linux-gnu/bin/../lib/gcc/nios2-elf/4.1.2/../../../../nios2-elf/lib/mno-hw-mul/libc.a(lib_a-int_errno.o)
 .text          0x002091c0       0x70 /opt/altera/13.0sp1/nios2eds/bin/gnu/H-i686-pc-linux-gnu/bin/../lib/gcc/nios2-elf/4.1.2/../../../../nios2-elf/lib/mno-hw-mul/libc.a(lib_a-isattyr.o)
                0x002091c0                _isatty_r
 .text          0x00209230       0x78 /opt/altera/13.0sp1/nios2eds/bin/gnu/H-i686-pc-linux-gnu/bin/../lib/gcc/nios2-elf/4.1.2/../../../../nios2-elf/lib/mno-hw-mul/libc.a(lib_a-lseekr.o)
                0x00209230                _lseek_r
 .text          0x002092a8       0x78 /opt/altera/13.0sp1/nios2eds/bin/gnu/H-i686-pc-linux-gnu/bin/../lib/gcc/nios2-elf/4.1.2/../../../../nios2-elf/lib/mno-hw-mul/libc.a(lib_a-readr.o)
                0x002092a8                _read_r
 .text          0x00209320      0x66c /opt/altera/13.0sp1/nios2eds/bin/gnu/H-i686-pc-linux-gnu/bin/../lib/gcc/nios2-elf/4.1.2/mno-hw-mul/libgcc.a(_udivdi3.o)
                0x00209320                __udivdi3
 .text          0x0020998c      0x660 /opt/altera/13.0sp1/nios2eds/bin/gnu/H-i686-pc-linux-gnu/bin/../lib/gcc/nios2-elf/4.1.2/mno-hw-mul/libgcc.a(_umoddi3.o)
                0x0020998c                __umoddi3
 .text          0x00209fec      0x258 /opt/altera/13.0sp1/nios2eds/bin/gnu/H-i686-pc-linux-gnu/bin/../lib/gcc/nios2-elf/4.1.2/mno-hw-mul/libgcc.a(_div_df.o)
                0x00209fec                __divdf3
 .text          0x0020a244       0x88 /opt/altera/13.0sp1/nios2eds/bin/gnu/H-i686-pc-linux-gnu/bin/../lib/gcc/nios2-elf/4.1.2/mno-hw-mul/libgcc.a(_eq_df.o)
                0x0020a244                __eqdf2
 .text          0x0020a2cc       0x88 /opt/altera/13.0sp1/nios2eds/bin/gnu/H-i686-pc-linux-gnu/bin/../lib/gcc/nios2-elf/4.1.2/mno-hw-mul/libgcc.a(_ne_df.o)
                0x0020a2cc                __nedf2
 .text          0x0020a354       0x88 /opt/altera/13.0sp1/nios2eds/bin/gnu/H-i686-pc-linux-gnu/bin/../lib/gcc/nios2-elf/4.1.2/mno-hw-mul/libgcc.a(_gt_df.o)
                0x0020a354                __gtdf2
 .text          0x0020a3dc       0x88 /opt/altera/13.0sp1/nios2eds/bin/gnu/H-i686-pc-linux-gnu/bin/../lib/gcc/nios2-elf/4.1.2/mno-hw-mul/libgcc.a(_ge_df.o)
                0x0020a3dc                __gedf2
 .text          0x0020a464       0x88 /opt/altera/13.0sp1/nios2eds/bin/gnu/H-i686-pc-linux-gnu/bin/../lib/gcc/nios2-elf/4.1.2/mno-hw-mul/libgcc.a(_lt_df.o)
                0x0020a464                __ltdf2
 .text          0x0020a4ec       0xf8 /opt/altera/13.0sp1/nios2eds/bin/gnu/H-i686-pc-linux-gnu/bin/../lib/gcc/nios2-elf/4.1.2/mno-hw-mul/libgcc.a(_si_to_df.o)
                0x0020a4ec                __floatsidf
 .text          0x0020a5e4       0xd8 /opt/altera/13.0sp1/nios2eds/bin/gnu/H-i686-pc-linux-gnu/bin/../lib/gcc/nios2-elf/4.1.2/mno-hw-mul/libgcc.a(_df_to_si.o)
                0x0020a5e4                __fixdfsi
 .text          0x0020a6bc      0x14c /opt/altera/13.0sp1/nios2eds/bin/gnu/H-i686-pc-linux-gnu/bin/../lib/gcc/nios2-elf/4.1.2/mno-hw-mul/libgcc.a(lib2-divmod.o)
                0x0020a738                __divsi3
                0x0020a798                __modsi3
                0x0020a7f8                __udivsi3
                0x0020a800                __umodsi3
 .text          0x0020a808       0xc8 /opt/altera/13.0sp1/nios2eds/bin/gnu/H-i686-pc-linux-gnu/bin/../lib/gcc/nios2-elf/4.1.2/mno-hw-mul/libgcc.a(_fpcmp_parts_df.o)
                0x0020a808                __fpcmp_parts_d
 .text          0x0020a8d0       0xbc ../../bsp/mpsoc_hello_mpsoc_0//libhal_bsp.a(alt_close.o)
                0x0020a8f0                close
 .text          0x0020a98c        0x8 ../../bsp/mpsoc_hello_mpsoc_0//libhal_bsp.a(alt_dev.o)
 .text          0x0020a994        0x0 ../../bsp/mpsoc_hello_mpsoc_0//libhal_bsp.a(alt_errno.o)
 .text          0x0020a994       0x9c ../../bsp/mpsoc_hello_mpsoc_0//libhal_bsp.a(alt_fstat.o)
                0x0020a994                fstat
 .text          0x0020aa30       0x94 ../../bsp/mpsoc_hello_mpsoc_0//libhal_bsp.a(alt_isatty.o)
                0x0020aa30                isatty
 .text          0x0020aac4       0x8c ../../bsp/mpsoc_hello_mpsoc_0//libhal_bsp.a(alt_load.o)
                0x0020aae4                alt_load
 .text          0x0020ab50       0xb8 ../../bsp/mpsoc_hello_mpsoc_0//libhal_bsp.a(alt_lseek.o)
                0x0020ab50                lseek
 .text          0x0020ac08       0x40 ../../bsp/mpsoc_hello_mpsoc_0//libhal_bsp.a(alt_main.o)
                0x0020ac08                alt_main
 .text          0x0020ac48        0x8 ../../bsp/mpsoc_hello_mpsoc_0//libhal_bsp.a(alt_malloc_lock.o)
                0x0020ac48                __malloc_lock
                0x0020ac4c                __malloc_unlock
 .text          0x0020ac50       0xd8 ../../bsp/mpsoc_hello_mpsoc_0//libhal_bsp.a(alt_read.o)
                0x0020ac70                read
 .text          0x0020ad28       0x5c ../../bsp/mpsoc_hello_mpsoc_0//libhal_bsp.a(alt_release_fd.o)
                0x0020ad28                alt_release_fd
 .text          0x0020ad84       0x50 ../../bsp/mpsoc_hello_mpsoc_0//libhal_bsp.a(alt_sbrk.o)
                0x0020ad84                sbrk
 .text          0x0020add4       0xd4 ../../bsp/mpsoc_hello_mpsoc_0//libhal_bsp.a(alt_write.o)
                0x0020adf4                write
 .text          0x0020aea8       0x8c ../../bsp/mpsoc_hello_mpsoc_0//libhal_bsp.a(alt_sys_init.o)
                0x0020aea8                alt_sys_init
                0x0020af14                alt_irq_init
 .text          0x0020af34       0x3c ../../bsp/mpsoc_hello_mpsoc_0//libhal_bsp.a(altera_avalon_jtag_uart_fd.o)
                0x0020af34                altera_avalon_jtag_uart_ioctl_fd
                0x0020af40                altera_avalon_jtag_uart_close_fd
                0x0020af50                altera_avalon_jtag_uart_write_fd
                0x0020af60                altera_avalon_jtag_uart_read_fd
 .text          0x0020af70      0x1f0 ../../bsp/mpsoc_hello_mpsoc_0//libhal_bsp.a(altera_avalon_jtag_uart_init.o)
                0x0020af70                altera_avalon_jtag_uart_close
                0x0020aff4                altera_avalon_jtag_uart_init
 .text          0x0020b160       0x7c ../../bsp/mpsoc_hello_mpsoc_0//libhal_bsp.a(altera_avalon_jtag_uart_ioctl.o)
                0x0020b160                altera_avalon_jtag_uart_ioctl
 .text          0x0020b1dc      0x158 ../../bsp/mpsoc_hello_mpsoc_0//libhal_bsp.a(altera_avalon_jtag_uart_read.o)
                0x0020b1dc                altera_avalon_jtag_uart_read
 .text          0x0020b334      0x16c ../../bsp/mpsoc_hello_mpsoc_0//libhal_bsp.a(altera_avalon_jtag_uart_write.o)
                0x0020b334                altera_avalon_jtag_uart_write
 .text          0x0020b4a0       0x5c ../../bsp/mpsoc_hello_mpsoc_0//libhal_bsp.a(altera_avalon_performance_counter.o)
                0x0020b4a0                alt_get_performance_counter_base
                0x0020b4a8                alt_get_cpu_freq
                0x0020b4b4                perf_get_num_starts
                0x0020b4c4                perf_get_section_time
                0x0020b4f4                perf_get_total_time
 .text          0x0020b4fc       0x8c ../../bsp/mpsoc_hello_mpsoc_0//libhal_bsp.a(altera_avalon_timer_sc.o)
                0x0020b4fc                alt_avalon_timer_sc_init
 .text          0x0020b588      0x1e0 ../../bsp/mpsoc_hello_mpsoc_0//libhal_bsp.a(perf_print_formatted_report.o)
                0x0020b588                perf_print_formatted_report
 .text          0x0020b768       0x90 ../../bsp/mpsoc_hello_mpsoc_0//libhal_bsp.a(alt_alarm_start.o)
                0x0020b768                alt_alarm_start
 .text          0x0020b7f8        0x4 ../../bsp/mpsoc_hello_mpsoc_0//libhal_bsp.a(alt_dcache_flush_all.o)
                0x0020b7f8                alt_dcache_flush_all
 .text          0x0020b7fc       0x70 ../../bsp/mpsoc_hello_mpsoc_0//libhal_bsp.a(alt_dev_llist_insert.o)
                0x0020b7fc                alt_dev_llist_insert
 .text          0x0020b86c        0x4 ../../bsp/mpsoc_hello_mpsoc_0//libhal_bsp.a(alt_icache_flush_all.o)
                0x0020b86c                alt_icache_flush_all
 .text          0x0020b870       0x9c ../../bsp/mpsoc_hello_mpsoc_0//libhal_bsp.a(alt_iic.o)
                0x0020b870                alt_ic_irq_enabled
                0x0020b888                alt_ic_irq_enable
                0x0020b8c8                alt_ic_irq_disable
                0x0020b908                alt_ic_isr_register
 .text          0x0020b90c       0x6c ../../bsp/mpsoc_hello_mpsoc_0//libhal_bsp.a(alt_iic_isr_register.o)
                0x0020b90c                alt_iic_isr_register
 .text          0x0020b978      0x114 ../../bsp/mpsoc_hello_mpsoc_0//libhal_bsp.a(alt_io_redirect.o)
                0x0020ba00                alt_io_redirect
 .text          0x0020ba8c        0x0 ../../bsp/mpsoc_hello_mpsoc_0//libhal_bsp.a(alt_irq_entry.o)
 .text          0x0020ba8c        0x0 ../../bsp/mpsoc_hello_mpsoc_0//libhal_bsp.a(alt_irq_handler.o)
 .text          0x0020ba8c        0x0 ../../bsp/mpsoc_hello_mpsoc_0//libhal_bsp.a(alt_irq_vars.o)
 .text          0x0020ba8c      0x17c ../../bsp/mpsoc_hello_mpsoc_0//libhal_bsp.a(alt_open.o)
                0x0020ba8c                open
 .text          0x0020bc08       0xe0 ../../bsp/mpsoc_hello_mpsoc_0//libhal_bsp.a(alt_tick.o)
                0x0020bc08                alt_alarm_stop
                0x0020bc3c                alt_tick
 .text          0x0020bce8        0x8 ../../bsp/mpsoc_hello_mpsoc_0//libhal_bsp.a(altera_nios2_qsys_irq.o)
                0x0020bce8                altera_nios2_qsys_irq_init
 .text          0x0020bcf0        0x0 ../../bsp/mpsoc_hello_mpsoc_0//libhal_bsp.a(alt_exception_entry.o)
 .text          0x0020bcf0       0x70 ../../bsp/mpsoc_hello_mpsoc_0//libhal_bsp.a(alt_find_dev.o)
                0x0020bcf0                alt_find_dev
 .text          0x0020bd60       0x9c ../../bsp/mpsoc_hello_mpsoc_0//libhal_bsp.a(alt_find_file.o)
                0x0020bd60                alt_find_file
 .text          0x0020bdfc       0x5c ../../bsp/mpsoc_hello_mpsoc_0//libhal_bsp.a(alt_get_fd.o)
                0x0020bdfc                alt_get_fd
 .text          0x0020be58       0x74 /opt/altera/13.0sp1/nios2eds/bin/gnu/H-i686-pc-linux-gnu/bin/../lib/gcc/nios2-elf/4.1.2/../../../../nios2-elf/lib/mno-hw-mul/libc.a(lib_a-memcmp.o)
                0x0020be58                memcmp
 .text          0x0020becc       0x88 /opt/altera/13.0sp1/nios2eds/bin/gnu/H-i686-pc-linux-gnu/bin/../lib/gcc/nios2-elf/4.1.2/mno-hw-mul/libgcc.a(_floatundidf.o)
                0x0020becc                __floatundidf
 *(.gnu.warning.*)
 *(.fini)
                0x0020bf54                PROVIDE (__etext, ABSOLUTE (.))
                0x0020bf54                PROVIDE (_etext, ABSOLUTE (.))
                0x0020bf54                PROVIDE (etext, ABSOLUTE (.))
 *(.eh_frame_hdr)
                0x0020bf54                . = ALIGN (0x4)
                0x0020bf54                PROVIDE (__preinit_array_start, ABSOLUTE (.))
 *(.preinit_array)
                0x0020bf54                PROVIDE (__preinit_array_end, ABSOLUTE (.))
                0x0020bf54                PROVIDE (__init_array_start, ABSOLUTE (.))
 *(.init_array)
                0x0020bf54                PROVIDE (__init_array_end, ABSOLUTE (.))
                0x0020bf54                PROVIDE (__fini_array_start, ABSOLUTE (.))
 *(.fini_array)
                0x0020bf54                PROVIDE (__fini_array_end, ABSOLUTE (.))
 *(.eh_frame)
 *(.gcc_except_table)
 *(.dynamic)
                0x0020bf54                PROVIDE (__CTOR_LIST__, ABSOLUTE (.))
 *(.ctors)
 *(SORT(.ctors.*))
                0x0020bf54                PROVIDE (__CTOR_END__, ABSOLUTE (.))
                0x0020bf54                PROVIDE (__DTOR_LIST__, ABSOLUTE (.))
 *(.dtors)
 *(SORT(.dtors.*))
                0x0020bf54                PROVIDE (__DTOR_END__, ABSOLUTE (.))
 *(.jcr)
                0x0020bf54                . = ALIGN (0x4)

.rodata         0x0020bf54      0x4d4
                0x0020bf54                PROVIDE (__ram_rodata_start, ABSOLUTE (.))
                0x0020bf54                . = ALIGN (0x4)
 *(.rodata .rodata.* .gnu.linkonce.r.*)
 .rodata.str1.4
                0x0020bf54       0x94 obj/default/src_0/cpu_0.o
 .rodata        0x0020bfe8       0x10 /opt/altera/13.0sp1/nios2eds/bin/gnu/H-i686-pc-linux-gnu/bin/../lib/gcc/nios2-elf/4.1.2/mno-hw-mul/libgcc.a(_thenan_sf.o)
                0x0020bfe8                __thenan_sf
 .rodata        0x0020bff8       0x14 /opt/altera/13.0sp1/nios2eds/bin/gnu/H-i686-pc-linux-gnu/bin/../lib/gcc/nios2-elf/4.1.2/mno-hw-mul/libgcc.a(_thenan_df.o)
                0x0020bff8                __thenan_df
 .rodata        0x0020c00c      0x100 /opt/altera/13.0sp1/nios2eds/bin/gnu/H-i686-pc-linux-gnu/bin/../lib/gcc/nios2-elf/4.1.2/mno-hw-mul/libgcc.a(_clz.o)
                0x0020c00c                __clz_tab
 .rodata.str1.4
                0x0020c10c        0x2 /opt/altera/13.0sp1/nios2eds/bin/gnu/H-i686-pc-linux-gnu/bin/../lib/gcc/nios2-elf/4.1.2/../../../../nios2-elf/lib/mno-hw-mul/libc.a(lib_a-puts.o)
                                  0x4 (size before relaxing)
 *fill*         0x0020c10e        0x2 00
 .rodata.str1.4
                0x0020c110       0x5e /opt/altera/13.0sp1/nios2eds/bin/gnu/H-i686-pc-linux-gnu/bin/../lib/gcc/nios2-elf/4.1.2/../../../../nios2-elf/lib/mno-hw-mul/libc.a(lib_a-vfprintf.o)
                                 0x60 (size before relaxing)
 .rodata        0x0020c16e       0x20 /opt/altera/13.0sp1/nios2eds/bin/gnu/H-i686-pc-linux-gnu/bin/../lib/gcc/nios2-elf/4.1.2/../../../../nios2-elf/lib/mno-hw-mul/libc.a(lib_a-vfprintf.o)
 *fill*         0x0020c18e        0x2 00
 .rodata.str1.4
                0x0020c190       0x10 /opt/altera/13.0sp1/nios2eds/bin/gnu/H-i686-pc-linux-gnu/bin/../lib/gcc/nios2-elf/4.1.2/../../../../nios2-elf/lib/mno-hw-mul/libc.a(lib_a-dtoa.o)
                                 0x14 (size before relaxing)
 .rodata.str1.4
                0x0020c1a0        0x2 /opt/altera/13.0sp1/nios2eds/bin/gnu/H-i686-pc-linux-gnu/bin/../lib/gcc/nios2-elf/4.1.2/../../../../nios2-elf/lib/mno-hw-mul/libc.a(lib_a-impure.o)
                                  0x4 (size before relaxing)
 *fill*         0x0020c1a2        0x2 00
 .rodata.str1.4
                0x0020c1a4        0xf /opt/altera/13.0sp1/nios2eds/bin/gnu/H-i686-pc-linux-gnu/bin/../lib/gcc/nios2-elf/4.1.2/../../../../nios2-elf/lib/mno-hw-mul/libc.a(lib_a-locale.o)
                                 0x18 (size before relaxing)
 *fill*         0x0020c1b3        0x1 00
 .rodata        0x0020c1b4       0x30 /opt/altera/13.0sp1/nios2eds/bin/gnu/H-i686-pc-linux-gnu/bin/../lib/gcc/nios2-elf/4.1.2/../../../../nios2-elf/lib/mno-hw-mul/libc.a(lib_a-locale.o)
 .rodata        0x0020c1e4      0x124 /opt/altera/13.0sp1/nios2eds/bin/gnu/H-i686-pc-linux-gnu/bin/../lib/gcc/nios2-elf/4.1.2/../../../../nios2-elf/lib/mno-hw-mul/libc.a(lib_a-mprec.o)
                0x0020c1e4                __mprec_tens
                0x0020c2ac                __mprec_bigtens
                0x0020c2d4                __mprec_tinytens
 .rodata.str1.4
                0x0020c308        0xa ../../bsp/mpsoc_hello_mpsoc_0//libhal_bsp.a(alt_dev.o)
                                  0xc (size before relaxing)
 *fill*         0x0020c312        0x2 00
 .rodata.str1.4
                0x0020c314       0x11 ../../bsp/mpsoc_hello_mpsoc_0//libhal_bsp.a(alt_main.o)
                                 0x14 (size before relaxing)
 .rodata.str1.4
                0x00000000       0x14 ../../bsp/mpsoc_hello_mpsoc_0//libhal_bsp.a(alt_sys_init.o)
 *fill*         0x0020c325        0x3 00
 .rodata.str1.4
                0x0020c328      0x100 ../../bsp/mpsoc_hello_mpsoc_0//libhal_bsp.a(perf_print_formatted_report.o)
 *(.rodata1)
                0x0020c428                . = ALIGN (0x4)
                0x0020c428                PROVIDE (__ram_rodata_end, ABSOLUTE (.))
                0x0020bf54                PROVIDE (__flash_rodata_start, LOADADDR (.rodata))

.rwdata         0x0020c428    0x461f4
                0x0020c428                PROVIDE (__ram_rwdata_start, ABSOLUTE (.))
                0x0020c428                . = ALIGN (0x4)
 *(.got.plt)
 *(.got)
 *(.data1)
 *(.data .data.* .gnu.linkonce.d.*)
 .data          0x0020c428        0x0 ../../bsp/mpsoc_hello_mpsoc_0//obj/HAL/src/crt0.o
 .data          0x0020c428    0x448e3 obj/default/src_0/cpu_0.o
                0x0020c428                image
 .data          0x00250d0b        0x0 obj/default/src_0/delay_asm.o
 .data          0x00250d0b        0x0 /opt/altera/13.0sp1/nios2eds/bin/gnu/H-i686-pc-linux-gnu/bin/../lib/gcc/nios2-elf/4.1.2/mno-hw-mul/libgcc.a(_fixunssfsi.o)
 .data          0x00250d0b        0x0 /opt/altera/13.0sp1/nios2eds/bin/gnu/H-i686-pc-linux-gnu/bin/../lib/gcc/nios2-elf/4.1.2/mno-hw-mul/libgcc.a(_floatundisf.o)
 .data          0x00250d0b        0x0 /opt/altera/13.0sp1/nios2eds/bin/gnu/H-i686-pc-linux-gnu/bin/../lib/gcc/nios2-elf/4.1.2/mno-hw-mul/libgcc.a(_addsub_sf.o)
 .data          0x00250d0b        0x0 /opt/altera/13.0sp1/nios2eds/bin/gnu/H-i686-pc-linux-gnu/bin/../lib/gcc/nios2-elf/4.1.2/mno-hw-mul/libgcc.a(_ge_sf.o)
 .data          0x00250d0b        0x0 /opt/altera/13.0sp1/nios2eds/bin/gnu/H-i686-pc-linux-gnu/bin/../lib/gcc/nios2-elf/4.1.2/mno-hw-mul/libgcc.a(_sf_to_si.o)
 .data          0x00250d0b        0x0 /opt/altera/13.0sp1/nios2eds/bin/gnu/H-i686-pc-linux-gnu/bin/../lib/gcc/nios2-elf/4.1.2/mno-hw-mul/libgcc.a(_sf_to_df.o)
 .data          0x00250d0b        0x0 /opt/altera/13.0sp1/nios2eds/bin/gnu/H-i686-pc-linux-gnu/bin/../lib/gcc/nios2-elf/4.1.2/mno-hw-mul/libgcc.a(_thenan_sf.o)
 .data          0x00250d0b        0x0 /opt/altera/13.0sp1/nios2eds/bin/gnu/H-i686-pc-linux-gnu/bin/../lib/gcc/nios2-elf/4.1.2/mno-hw-mul/libgcc.a(_usi_to_sf.o)
 .data          0x00250d0b        0x0 /opt/altera/13.0sp1/nios2eds/bin/gnu/H-i686-pc-linux-gnu/bin/../lib/gcc/nios2-elf/4.1.2/mno-hw-mul/libgcc.a(_addsub_df.o)
 .data          0x00250d0b        0x0 /opt/altera/13.0sp1/nios2eds/bin/gnu/H-i686-pc-linux-gnu/bin/../lib/gcc/nios2-elf/4.1.2/mno-hw-mul/libgcc.a(_mul_df.o)
 .data          0x00250d0b        0x0 /opt/altera/13.0sp1/nios2eds/bin/gnu/H-i686-pc-linux-gnu/bin/../lib/gcc/nios2-elf/4.1.2/mno-hw-mul/libgcc.a(_make_df.o)
 .data          0x00250d0b        0x0 /opt/altera/13.0sp1/nios2eds/bin/gnu/H-i686-pc-linux-gnu/bin/../lib/gcc/nios2-elf/4.1.2/mno-hw-mul/libgcc.a(_df_to_sf.o)
 .data          0x00250d0b        0x0 /opt/altera/13.0sp1/nios2eds/bin/gnu/H-i686-pc-linux-gnu/bin/../lib/gcc/nios2-elf/4.1.2/mno-hw-mul/libgcc.a(_thenan_df.o)
 .data          0x00250d0b        0x0 /opt/altera/13.0sp1/nios2eds/bin/gnu/H-i686-pc-linux-gnu/bin/../lib/gcc/nios2-elf/4.1.2/mno-hw-mul/libgcc.a(_usi_to_df.o)
 .data          0x00250d0b        0x0 /opt/altera/13.0sp1/nios2eds/bin/gnu/H-i686-pc-linux-gnu/bin/../lib/gcc/nios2-elf/4.1.2/mno-hw-mul/libgcc.a(lib2-mul.o)
 .data          0x00250d0b        0x0 /opt/altera/13.0sp1/nios2eds/bin/gnu/H-i686-pc-linux-gnu/bin/../lib/gcc/nios2-elf/4.1.2/mno-hw-mul/libgcc.a(_muldi3.o)
 .data          0x00250d0b        0x0 /opt/altera/13.0sp1/nios2eds/bin/gnu/H-i686-pc-linux-gnu/bin/../lib/gcc/nios2-elf/4.1.2/mno-hw-mul/libgcc.a(_clzsi2.o)
 .data          0x00250d0b        0x0 /opt/altera/13.0sp1/nios2eds/bin/gnu/H-i686-pc-linux-gnu/bin/../lib/gcc/nios2-elf/4.1.2/mno-hw-mul/libgcc.a(_pack_sf.o)
 .data          0x00250d0b        0x0 /opt/altera/13.0sp1/nios2eds/bin/gnu/H-i686-pc-linux-gnu/bin/../lib/gcc/nios2-elf/4.1.2/mno-hw-mul/libgcc.a(_unpack_sf.o)
 .data          0x00250d0b        0x0 /opt/altera/13.0sp1/nios2eds/bin/gnu/H-i686-pc-linux-gnu/bin/../lib/gcc/nios2-elf/4.1.2/mno-hw-mul/libgcc.a(_fpcmp_parts_sf.o)
 .data          0x00250d0b        0x0 /opt/altera/13.0sp1/nios2eds/bin/gnu/H-i686-pc-linux-gnu/bin/../lib/gcc/nios2-elf/4.1.2/mno-hw-mul/libgcc.a(_make_sf.o)
 .data          0x00250d0b        0x0 /opt/altera/13.0sp1/nios2eds/bin/gnu/H-i686-pc-linux-gnu/bin/../lib/gcc/nios2-elf/4.1.2/mno-hw-mul/libgcc.a(_pack_df.o)
 .data          0x00250d0b        0x0 /opt/altera/13.0sp1/nios2eds/bin/gnu/H-i686-pc-linux-gnu/bin/../lib/gcc/nios2-elf/4.1.2/mno-hw-mul/libgcc.a(_unpack_df.o)
 .data          0x00250d0b        0x0 /opt/altera/13.0sp1/nios2eds/bin/gnu/H-i686-pc-linux-gnu/bin/../lib/gcc/nios2-elf/4.1.2/mno-hw-mul/libgcc.a(_clz.o)
 .data          0x00250d0b        0x0 /opt/altera/13.0sp1/nios2eds/bin/gnu/H-i686-pc-linux-gnu/bin/../lib/gcc/nios2-elf/4.1.2/../../../../nios2-elf/lib/mno-hw-mul/libc.a(lib_a-printf.o)
 .data          0x00250d0b        0x0 /opt/altera/13.0sp1/nios2eds/bin/gnu/H-i686-pc-linux-gnu/bin/../lib/gcc/nios2-elf/4.1.2/../../../../nios2-elf/lib/mno-hw-mul/libc.a(lib_a-puts.o)
 .data          0x00250d0b        0x0 /opt/altera/13.0sp1/nios2eds/bin/gnu/H-i686-pc-linux-gnu/bin/../lib/gcc/nios2-elf/4.1.2/../../../../nios2-elf/lib/mno-hw-mul/libc.a(lib_a-strlen.o)
 .data          0x00250d0b        0x0 /opt/altera/13.0sp1/nios2eds/bin/gnu/H-i686-pc-linux-gnu/bin/../lib/gcc/nios2-elf/4.1.2/../../../../nios2-elf/lib/mno-hw-mul/libc.a(lib_a-vfprintf.o)
 .data          0x00250d0b        0x0 /opt/altera/13.0sp1/nios2eds/bin/gnu/H-i686-pc-linux-gnu/bin/../lib/gcc/nios2-elf/4.1.2/../../../../nios2-elf/lib/mno-hw-mul/libc.a(lib_a-wsetup.o)
 .data          0x00250d0b        0x0 /opt/altera/13.0sp1/nios2eds/bin/gnu/H-i686-pc-linux-gnu/bin/../lib/gcc/nios2-elf/4.1.2/../../../../nios2-elf/lib/mno-hw-mul/libc.a(lib_a-dtoa.o)
 .data          0x00250d0b        0x0 /opt/altera/13.0sp1/nios2eds/bin/gnu/H-i686-pc-linux-gnu/bin/../lib/gcc/nios2-elf/4.1.2/../../../../nios2-elf/lib/mno-hw-mul/libc.a(lib_a-fflush.o)
 .data          0x00250d0b        0x0 /opt/altera/13.0sp1/nios2eds/bin/gnu/H-i686-pc-linux-gnu/bin/../lib/gcc/nios2-elf/4.1.2/../../../../nios2-elf/lib/mno-hw-mul/libc.a(lib_a-findfp.o)
 .data          0x00250d0b        0x0 /opt/altera/13.0sp1/nios2eds/bin/gnu/H-i686-pc-linux-gnu/bin/../lib/gcc/nios2-elf/4.1.2/../../../../nios2-elf/lib/mno-hw-mul/libc.a(lib_a-freer.o)
 .data          0x00250d0b        0x0 /opt/altera/13.0sp1/nios2eds/bin/gnu/H-i686-pc-linux-gnu/bin/../lib/gcc/nios2-elf/4.1.2/../../../../nios2-elf/lib/mno-hw-mul/libc.a(lib_a-fvwrite.o)
 .data          0x00250d0b        0x0 /opt/altera/13.0sp1/nios2eds/bin/gnu/H-i686-pc-linux-gnu/bin/../lib/gcc/nios2-elf/4.1.2/../../../../nios2-elf/lib/mno-hw-mul/libc.a(lib_a-fwalk.o)
 *fill*         0x00250d0b        0x1 00
 .data          0x00250d0c      0x400 /opt/altera/13.0sp1/nios2eds/bin/gnu/H-i686-pc-linux-gnu/bin/../lib/gcc/nios2-elf/4.1.2/../../../../nios2-elf/lib/mno-hw-mul/libc.a(lib_a-impure.o)
 .data          0x0025110c        0xc /opt/altera/13.0sp1/nios2eds/bin/gnu/H-i686-pc-linux-gnu/bin/../lib/gcc/nios2-elf/4.1.2/../../../../nios2-elf/lib/mno-hw-mul/libc.a(lib_a-locale.o)
                0x0025110c                __lc_ctype
 .data          0x00251118        0x0 /opt/altera/13.0sp1/nios2eds/bin/gnu/H-i686-pc-linux-gnu/bin/../lib/gcc/nios2-elf/4.1.2/../../../../nios2-elf/lib/mno-hw-mul/libc.a(lib_a-makebuf.o)
 .data          0x00251118      0x408 /opt/altera/13.0sp1/nios2eds/bin/gnu/H-i686-pc-linux-gnu/bin/../lib/gcc/nios2-elf/4.1.2/../../../../nios2-elf/lib/mno-hw-mul/libc.a(lib_a-mallocr.o)
                0x00251118                __malloc_av_
 .data          0x00251520        0x0 /opt/altera/13.0sp1/nios2eds/bin/gnu/H-i686-pc-linux-gnu/bin/../lib/gcc/nios2-elf/4.1.2/../../../../nios2-elf/lib/mno-hw-mul/libc.a(lib_a-memchr.o)
 .data          0x00251520        0x0 /opt/altera/13.0sp1/nios2eds/bin/gnu/H-i686-pc-linux-gnu/bin/../lib/gcc/nios2-elf/4.1.2/../../../../nios2-elf/lib/mno-hw-mul/libc.a(lib_a-memcpy.o)
 .data          0x00251520        0x0 /opt/altera/13.0sp1/nios2eds/bin/gnu/H-i686-pc-linux-gnu/bin/../lib/gcc/nios2-elf/4.1.2/../../../../nios2-elf/lib/mno-hw-mul/libc.a(lib_a-memmove.o)
 .data          0x00251520        0x0 /opt/altera/13.0sp1/nios2eds/bin/gnu/H-i686-pc-linux-gnu/bin/../lib/gcc/nios2-elf/4.1.2/../../../../nios2-elf/lib/mno-hw-mul/libc.a(lib_a-memset.o)
 .data          0x00251520        0x0 /opt/altera/13.0sp1/nios2eds/bin/gnu/H-i686-pc-linux-gnu/bin/../lib/gcc/nios2-elf/4.1.2/../../../../nios2-elf/lib/mno-hw-mul/libc.a(lib_a-mprec.o)
 .data          0x00251520        0x0 /opt/altera/13.0sp1/nios2eds/bin/gnu/H-i686-pc-linux-gnu/bin/../lib/gcc/nios2-elf/4.1.2/../../../../nios2-elf/lib/mno-hw-mul/libc.a(lib_a-reallocr.o)
 .data          0x00251520        0x0 /opt/altera/13.0sp1/nios2eds/bin/gnu/H-i686-pc-linux-gnu/bin/../lib/gcc/nios2-elf/4.1.2/../../../../nios2-elf/lib/mno-hw-mul/libc.a(lib_a-s_isinfd.o)
 .data          0x00251520        0x0 /opt/altera/13.0sp1/nios2eds/bin/gnu/H-i686-pc-linux-gnu/bin/../lib/gcc/nios2-elf/4.1.2/../../../../nios2-elf/lib/mno-hw-mul/libc.a(lib_a-s_isnand.o)
 .data          0x00251520        0x0 /opt/altera/13.0sp1/nios2eds/bin/gnu/H-i686-pc-linux-gnu/bin/../lib/gcc/nios2-elf/4.1.2/../../../../nios2-elf/lib/mno-hw-mul/libc.a(lib_a-sbrkr.o)
 .data          0x00251520        0x0 /opt/altera/13.0sp1/nios2eds/bin/gnu/H-i686-pc-linux-gnu/bin/../lib/gcc/nios2-elf/4.1.2/../../../../nios2-elf/lib/mno-hw-mul/libc.a(lib_a-stdio.o)
 .data          0x00251520        0x0 /opt/altera/13.0sp1/nios2eds/bin/gnu/H-i686-pc-linux-gnu/bin/../lib/gcc/nios2-elf/4.1.2/../../../../nios2-elf/lib/mno-hw-mul/libc.a(lib_a-strcmp.o)
 .data          0x00251520        0x0 /opt/altera/13.0sp1/nios2eds/bin/gnu/H-i686-pc-linux-gnu/bin/../lib/gcc/nios2-elf/4.1.2/../../../../nios2-elf/lib/mno-hw-mul/libc.a(lib_a-writer.o)
 .data          0x00251520        0x0 /opt/altera/13.0sp1/nios2eds/bin/gnu/H-i686-pc-linux-gnu/bin/../lib/gcc/nios2-elf/4.1.2/../../../../nios2-elf/lib/mno-hw-mul/libc.a(lib_a-callocr.o)
 .data          0x00251520        0x0 /opt/altera/13.0sp1/nios2eds/bin/gnu/H-i686-pc-linux-gnu/bin/../lib/gcc/nios2-elf/4.1.2/../../../../nios2-elf/lib/mno-hw-mul/libc.a(lib_a-closer.o)
 .data          0x00251520        0x0 /opt/altera/13.0sp1/nios2eds/bin/gnu/H-i686-pc-linux-gnu/bin/../lib/gcc/nios2-elf/4.1.2/../../../../nios2-elf/lib/mno-hw-mul/libc.a(lib_a-fclose.o)
 .data          0x00251520        0x0 /opt/altera/13.0sp1/nios2eds/bin/gnu/H-i686-pc-linux-gnu/bin/../lib/gcc/nios2-elf/4.1.2/../../../../nios2-elf/lib/mno-hw-mul/libc.a(lib_a-fstatr.o)
 .data          0x00251520        0x0 /opt/altera/13.0sp1/nios2eds/bin/gnu/H-i686-pc-linux-gnu/bin/../lib/gcc/nios2-elf/4.1.2/../../../../nios2-elf/lib/mno-hw-mul/libc.a(lib_a-int_errno.o)
 .data          0x00251520        0x0 /opt/altera/13.0sp1/nios2eds/bin/gnu/H-i686-pc-linux-gnu/bin/../lib/gcc/nios2-elf/4.1.2/../../../../nios2-elf/lib/mno-hw-mul/libc.a(lib_a-isattyr.o)
 .data          0x00251520        0x0 /opt/altera/13.0sp1/nios2eds/bin/gnu/H-i686-pc-linux-gnu/bin/../lib/gcc/nios2-elf/4.1.2/../../../../nios2-elf/lib/mno-hw-mul/libc.a(lib_a-lseekr.o)
 .data          0x00251520        0x0 /opt/altera/13.0sp1/nios2eds/bin/gnu/H-i686-pc-linux-gnu/bin/../lib/gcc/nios2-elf/4.1.2/../../../../nios2-elf/lib/mno-hw-mul/libc.a(lib_a-readr.o)
 .data          0x00251520        0x0 /opt/altera/13.0sp1/nios2eds/bin/gnu/H-i686-pc-linux-gnu/bin/../lib/gcc/nios2-elf/4.1.2/mno-hw-mul/libgcc.a(_udivdi3.o)
 .data          0x00251520        0x0 /opt/altera/13.0sp1/nios2eds/bin/gnu/H-i686-pc-linux-gnu/bin/../lib/gcc/nios2-elf/4.1.2/mno-hw-mul/libgcc.a(_umoddi3.o)
 .data          0x00251520        0x0 /opt/altera/13.0sp1/nios2eds/bin/gnu/H-i686-pc-linux-gnu/bin/../lib/gcc/nios2-elf/4.1.2/mno-hw-mul/libgcc.a(_div_df.o)
 .data          0x00251520        0x0 /opt/altera/13.0sp1/nios2eds/bin/gnu/H-i686-pc-linux-gnu/bin/../lib/gcc/nios2-elf/4.1.2/mno-hw-mul/libgcc.a(_eq_df.o)
 .data          0x00251520        0x0 /opt/altera/13.0sp1/nios2eds/bin/gnu/H-i686-pc-linux-gnu/bin/../lib/gcc/nios2-elf/4.1.2/mno-hw-mul/libgcc.a(_ne_df.o)
 .data          0x00251520        0x0 /opt/altera/13.0sp1/nios2eds/bin/gnu/H-i686-pc-linux-gnu/bin/../lib/gcc/nios2-elf/4.1.2/mno-hw-mul/libgcc.a(_gt_df.o)
 .data          0x00251520        0x0 /opt/altera/13.0sp1/nios2eds/bin/gnu/H-i686-pc-linux-gnu/bin/../lib/gcc/nios2-elf/4.1.2/mno-hw-mul/libgcc.a(_ge_df.o)
 .data          0x00251520        0x0 /opt/altera/13.0sp1/nios2eds/bin/gnu/H-i686-pc-linux-gnu/bin/../lib/gcc/nios2-elf/4.1.2/mno-hw-mul/libgcc.a(_lt_df.o)
 .data          0x00251520        0x0 /opt/altera/13.0sp1/nios2eds/bin/gnu/H-i686-pc-linux-gnu/bin/../lib/gcc/nios2-elf/4.1.2/mno-hw-mul/libgcc.a(_si_to_df.o)
 .data          0x00251520        0x0 /opt/altera/13.0sp1/nios2eds/bin/gnu/H-i686-pc-linux-gnu/bin/../lib/gcc/nios2-elf/4.1.2/mno-hw-mul/libgcc.a(_df_to_si.o)
 .data          0x00251520        0x0 /opt/altera/13.0sp1/nios2eds/bin/gnu/H-i686-pc-linux-gnu/bin/../lib/gcc/nios2-elf/4.1.2/mno-hw-mul/libgcc.a(lib2-divmod.o)
 .data          0x00251520        0x0 /opt/altera/13.0sp1/nios2eds/bin/gnu/H-i686-pc-linux-gnu/bin/../lib/gcc/nios2-elf/4.1.2/mno-hw-mul/libgcc.a(_fpcmp_parts_df.o)
 .data          0x00251520        0x0 ../../bsp/mpsoc_hello_mpsoc_0//libhal_bsp.a(alt_close.o)
 .data          0x00251520       0x58 ../../bsp/mpsoc_hello_mpsoc_0//libhal_bsp.a(alt_dev.o)
                0x00251520                alt_dev_null
                0x00251548                alt_fd_list
 .data          0x00251578        0x0 ../../bsp/mpsoc_hello_mpsoc_0//libhal_bsp.a(alt_errno.o)
 .data          0x00251578        0x0 ../../bsp/mpsoc_hello_mpsoc_0//libhal_bsp.a(alt_fstat.o)
 .data          0x00251578        0x0 ../../bsp/mpsoc_hello_mpsoc_0//libhal_bsp.a(alt_isatty.o)
 .data          0x00251578        0x0 ../../bsp/mpsoc_hello_mpsoc_0//libhal_bsp.a(alt_load.o)
 .data          0x00251578        0x0 ../../bsp/mpsoc_hello_mpsoc_0//libhal_bsp.a(alt_lseek.o)
 .data          0x00251578        0x0 ../../bsp/mpsoc_hello_mpsoc_0//libhal_bsp.a(alt_main.o)
 .data          0x00251578        0x0 ../../bsp/mpsoc_hello_mpsoc_0//libhal_bsp.a(alt_malloc_lock.o)
 .data          0x00251578        0x0 ../../bsp/mpsoc_hello_mpsoc_0//libhal_bsp.a(alt_read.o)
 .data          0x00251578        0x0 ../../bsp/mpsoc_hello_mpsoc_0//libhal_bsp.a(alt_release_fd.o)
 .data          0x00251578        0x0 ../../bsp/mpsoc_hello_mpsoc_0//libhal_bsp.a(alt_sbrk.o)
 .data          0x00251578        0x0 ../../bsp/mpsoc_hello_mpsoc_0//libhal_bsp.a(alt_write.o)
 .data          0x00251578     0x1060 ../../bsp/mpsoc_hello_mpsoc_0//libhal_bsp.a(alt_sys_init.o)
 .data          0x002525d8        0x0 ../../bsp/mpsoc_hello_mpsoc_0//libhal_bsp.a(altera_avalon_jtag_uart_fd.o)
 .data          0x002525d8        0x0 ../../bsp/mpsoc_hello_mpsoc_0//libhal_bsp.a(altera_avalon_jtag_uart_init.o)
 .data          0x002525d8        0x0 ../../bsp/mpsoc_hello_mpsoc_0//libhal_bsp.a(altera_avalon_jtag_uart_ioctl.o)
 .data          0x002525d8        0x0 ../../bsp/mpsoc_hello_mpsoc_0//libhal_bsp.a(altera_avalon_jtag_uart_read.o)
 .data          0x002525d8        0x0 ../../bsp/mpsoc_hello_mpsoc_0//libhal_bsp.a(altera_avalon_jtag_uart_write.o)
 .data          0x002525d8        0x0 ../../bsp/mpsoc_hello_mpsoc_0//libhal_bsp.a(altera_avalon_performance_counter.o)
 .data          0x002525d8        0x0 ../../bsp/mpsoc_hello_mpsoc_0//libhal_bsp.a(altera_avalon_timer_sc.o)
 .data          0x002525d8        0x0 ../../bsp/mpsoc_hello_mpsoc_0//libhal_bsp.a(perf_print_formatted_report.o)
 .data          0x002525d8        0x0 ../../bsp/mpsoc_hello_mpsoc_0//libhal_bsp.a(alt_alarm_start.o)
 .data          0x002525d8        0x0 ../../bsp/mpsoc_hello_mpsoc_0//libhal_bsp.a(alt_dcache_flush_all.o)
 .data          0x002525d8        0x0 ../../bsp/mpsoc_hello_mpsoc_0//libhal_bsp.a(alt_dev_llist_insert.o)
 .data          0x002525d8        0x0 ../../bsp/mpsoc_hello_mpsoc_0//libhal_bsp.a(alt_icache_flush_all.o)
 .data          0x002525d8        0x0 ../../bsp/mpsoc_hello_mpsoc_0//libhal_bsp.a(alt_iic.o)
 .data          0x002525d8        0x0 ../../bsp/mpsoc_hello_mpsoc_0//libhal_bsp.a(alt_iic_isr_register.o)
 .data          0x002525d8        0x0 ../../bsp/mpsoc_hello_mpsoc_0//libhal_bsp.a(alt_io_redirect.o)
 .data          0x002525d8        0x0 ../../bsp/mpsoc_hello_mpsoc_0//libhal_bsp.a(alt_irq_entry.o)
 .data          0x002525d8        0x0 ../../bsp/mpsoc_hello_mpsoc_0//libhal_bsp.a(alt_irq_handler.o)
 .data          0x002525d8        0x0 ../../bsp/mpsoc_hello_mpsoc_0//libhal_bsp.a(alt_irq_vars.o)
 .data          0x002525d8        0x0 ../../bsp/mpsoc_hello_mpsoc_0//libhal_bsp.a(alt_open.o)
 .data          0x002525d8        0x0 ../../bsp/mpsoc_hello_mpsoc_0//libhal_bsp.a(alt_tick.o)
 .data          0x002525d8        0x0 ../../bsp/mpsoc_hello_mpsoc_0//libhal_bsp.a(altera_nios2_qsys_irq.o)
 .data          0x002525d8        0x0 ../../bsp/mpsoc_hello_mpsoc_0//libhal_bsp.a(alt_exception_entry.o)
 .data          0x002525d8        0x0 ../../bsp/mpsoc_hello_mpsoc_0//libhal_bsp.a(alt_find_dev.o)
 .data          0x002525d8        0x0 ../../bsp/mpsoc_hello_mpsoc_0//libhal_bsp.a(alt_find_file.o)
 .data          0x002525d8        0x0 ../../bsp/mpsoc_hello_mpsoc_0//libhal_bsp.a(alt_get_fd.o)
 .data          0x002525d8        0x0 /opt/altera/13.0sp1/nios2eds/bin/gnu/H-i686-pc-linux-gnu/bin/../lib/gcc/nios2-elf/4.1.2/../../../../nios2-elf/lib/mno-hw-mul/libc.a(lib_a-memcmp.o)
 .data          0x002525d8        0x0 /opt/altera/13.0sp1/nios2eds/bin/gnu/H-i686-pc-linux-gnu/bin/../lib/gcc/nios2-elf/4.1.2/mno-hw-mul/libgcc.a(_floatundidf.o)
                0x0025a5d8                _gp = ABSOLUTE ((. + 0x8000))
                0x0025a5d8                PROVIDE (gp, _gp)
 *(.rwdata .rwdata.*)
 *(.sdata .sdata.* .gnu.linkonce.s.*)
 .sdata         0x002525d8        0x4 obj/default/src_0/cpu_0.o
                0x002525d8                imageAddress
 .sdata         0x002525dc        0x8 /opt/altera/13.0sp1/nios2eds/bin/gnu/H-i686-pc-linux-gnu/bin/../lib/gcc/nios2-elf/4.1.2/../../../../nios2-elf/lib/mno-hw-mul/libc.a(lib_a-impure.o)
                0x002525dc                _impure_ptr
                0x002525e0                _global_impure_ptr
 .sdata         0x002525e4        0x8 /opt/altera/13.0sp1/nios2eds/bin/gnu/H-i686-pc-linux-gnu/bin/../lib/gcc/nios2-elf/4.1.2/../../../../nios2-elf/lib/mno-hw-mul/libc.a(lib_a-locale.o)
                0x002525e4                __mb_cur_max
 .sdata         0x002525ec        0x8 /opt/altera/13.0sp1/nios2eds/bin/gnu/H-i686-pc-linux-gnu/bin/../lib/gcc/nios2-elf/4.1.2/../../../../nios2-elf/lib/mno-hw-mul/libc.a(lib_a-mallocr.o)
                0x002525ec                __malloc_trim_threshold
                0x002525f0                __malloc_sbrk_base
 .sdata         0x002525f4       0x14 ../../bsp/mpsoc_hello_mpsoc_0//libhal_bsp.a(alt_dev.o)
                0x002525f4                alt_fs_list
                0x002525fc                alt_dev_list
                0x00252604                alt_max_fd
 .sdata         0x00252608        0x4 ../../bsp/mpsoc_hello_mpsoc_0//libhal_bsp.a(alt_errno.o)
                0x00252608                alt_errno
 .sdata         0x0025260c        0x4 ../../bsp/mpsoc_hello_mpsoc_0//libhal_bsp.a(alt_sbrk.o)
 .sdata         0x00252610        0x4 ../../bsp/mpsoc_hello_mpsoc_0//libhal_bsp.a(alt_irq_vars.o)
                0x00252610                alt_priority_mask
 .sdata         0x00252614        0x8 ../../bsp/mpsoc_hello_mpsoc_0//libhal_bsp.a(alt_tick.o)
                0x00252614                alt_alarm_list
 *(.sdata2 .sdata2.* .gnu.linkonce.s2.*)
                0x0025261c                . = ALIGN (0x4)
                0x0025261c                _edata = ABSOLUTE (.)
                0x0025261c                PROVIDE (edata, ABSOLUTE (.))
                0x0025261c                PROVIDE (__ram_rwdata_end, ABSOLUTE (.))
                0x0020c428                PROVIDE (__flash_rwdata_start, LOADADDR (.rwdata))

.bss            0x0025261c    0x16efc
                0x0025261c                __bss_start = ABSOLUTE (.)
                0x0025261c                PROVIDE (__sbss_start, ABSOLUTE (.))
                0x0025261c                PROVIDE (___sbss_start, ABSOLUTE (.))
 *(.dynsbss)
 *(.sbss .sbss.* .gnu.linkonce.sb.*)
 .sbss          0x0025261c        0xc /opt/altera/13.0sp1/nios2eds/bin/gnu/H-i686-pc-linux-gnu/bin/../lib/gcc/nios2-elf/4.1.2/../../../../nios2-elf/lib/mno-hw-mul/libc.a(lib_a-locale.o)
                0x0025261c                __nlocale_changed
                0x00252620                __mlocale_changed
                0x00252624                _PathLocale
 .sbss          0x00252628        0xc /opt/altera/13.0sp1/nios2eds/bin/gnu/H-i686-pc-linux-gnu/bin/../lib/gcc/nios2-elf/4.1.2/../../../../nios2-elf/lib/mno-hw-mul/libc.a(lib_a-mallocr.o)
                0x00252628                __malloc_top_pad
                0x0025262c                __malloc_max_sbrked_mem
                0x00252630                __malloc_max_total_mem
 .sbss          0x00252634        0x4 /opt/altera/13.0sp1/nios2eds/bin/gnu/H-i686-pc-linux-gnu/bin/../lib/gcc/nios2-elf/4.1.2/../../../../nios2-elf/lib/mno-hw-mul/libc.a(lib_a-int_errno.o)
                0x00252634                errno
 .sbss          0x00252638        0xc ../../bsp/mpsoc_hello_mpsoc_0//libhal_bsp.a(alt_main.o)
                0x00252638                alt_argc
                0x0025263c                alt_argv
                0x00252640                alt_envp
 .sbss          0x00252644        0x4 ../../bsp/mpsoc_hello_mpsoc_0//libhal_bsp.a(alt_irq_vars.o)
                0x00252644                alt_irq_active
 .sbss          0x00252648        0x8 ../../bsp/mpsoc_hello_mpsoc_0//libhal_bsp.a(alt_tick.o)
                0x00252648                _alt_tick_rate
                0x0025264c                _alt_nticks
 *(.sbss2 .sbss2.* .gnu.linkonce.sb2.*)
 *(.scommon)
                0x00252650                PROVIDE (__sbss_end, ABSOLUTE (.))
                0x00252650                PROVIDE (___sbss_end, ABSOLUTE (.))
 *(.dynbss)
 *(.bss .bss.* .gnu.linkonce.b.*)
 .bss           0x00252650        0x0 ../../bsp/mpsoc_hello_mpsoc_0//obj/HAL/src/crt0.o
 .bss           0x00252650        0x0 obj/default/src_0/cpu_0.o
 .bss           0x00252650        0x0 obj/default/src_0/delay_asm.o
 .bss           0x00252650        0x0 /opt/altera/13.0sp1/nios2eds/bin/gnu/H-i686-pc-linux-gnu/bin/../lib/gcc/nios2-elf/4.1.2/mno-hw-mul/libgcc.a(_fixunssfsi.o)
 .bss           0x00252650        0x0 /opt/altera/13.0sp1/nios2eds/bin/gnu/H-i686-pc-linux-gnu/bin/../lib/gcc/nios2-elf/4.1.2/mno-hw-mul/libgcc.a(_floatundisf.o)
 .bss           0x00252650        0x0 /opt/altera/13.0sp1/nios2eds/bin/gnu/H-i686-pc-linux-gnu/bin/../lib/gcc/nios2-elf/4.1.2/mno-hw-mul/libgcc.a(_addsub_sf.o)
 .bss           0x00252650        0x0 /opt/altera/13.0sp1/nios2eds/bin/gnu/H-i686-pc-linux-gnu/bin/../lib/gcc/nios2-elf/4.1.2/mno-hw-mul/libgcc.a(_ge_sf.o)
 .bss           0x00252650        0x0 /opt/altera/13.0sp1/nios2eds/bin/gnu/H-i686-pc-linux-gnu/bin/../lib/gcc/nios2-elf/4.1.2/mno-hw-mul/libgcc.a(_sf_to_si.o)
 .bss           0x00252650        0x0 /opt/altera/13.0sp1/nios2eds/bin/gnu/H-i686-pc-linux-gnu/bin/../lib/gcc/nios2-elf/4.1.2/mno-hw-mul/libgcc.a(_sf_to_df.o)
 .bss           0x00252650        0x0 /opt/altera/13.0sp1/nios2eds/bin/gnu/H-i686-pc-linux-gnu/bin/../lib/gcc/nios2-elf/4.1.2/mno-hw-mul/libgcc.a(_thenan_sf.o)
 .bss           0x00252650        0x0 /opt/altera/13.0sp1/nios2eds/bin/gnu/H-i686-pc-linux-gnu/bin/../lib/gcc/nios2-elf/4.1.2/mno-hw-mul/libgcc.a(_usi_to_sf.o)
 .bss           0x00252650        0x0 /opt/altera/13.0sp1/nios2eds/bin/gnu/H-i686-pc-linux-gnu/bin/../lib/gcc/nios2-elf/4.1.2/mno-hw-mul/libgcc.a(_addsub_df.o)
 .bss           0x00252650        0x0 /opt/altera/13.0sp1/nios2eds/bin/gnu/H-i686-pc-linux-gnu/bin/../lib/gcc/nios2-elf/4.1.2/mno-hw-mul/libgcc.a(_mul_df.o)
 .bss           0x00252650        0x0 /opt/altera/13.0sp1/nios2eds/bin/gnu/H-i686-pc-linux-gnu/bin/../lib/gcc/nios2-elf/4.1.2/mno-hw-mul/libgcc.a(_make_df.o)
 .bss           0x00252650        0x0 /opt/altera/13.0sp1/nios2eds/bin/gnu/H-i686-pc-linux-gnu/bin/../lib/gcc/nios2-elf/4.1.2/mno-hw-mul/libgcc.a(_df_to_sf.o)
 .bss           0x00252650        0x0 /opt/altera/13.0sp1/nios2eds/bin/gnu/H-i686-pc-linux-gnu/bin/../lib/gcc/nios2-elf/4.1.2/mno-hw-mul/libgcc.a(_thenan_df.o)
 .bss           0x00252650        0x0 /opt/altera/13.0sp1/nios2eds/bin/gnu/H-i686-pc-linux-gnu/bin/../lib/gcc/nios2-elf/4.1.2/mno-hw-mul/libgcc.a(_usi_to_df.o)
 .bss           0x00252650        0x0 /opt/altera/13.0sp1/nios2eds/bin/gnu/H-i686-pc-linux-gnu/bin/../lib/gcc/nios2-elf/4.1.2/mno-hw-mul/libgcc.a(lib2-mul.o)
 .bss           0x00252650        0x0 /opt/altera/13.0sp1/nios2eds/bin/gnu/H-i686-pc-linux-gnu/bin/../lib/gcc/nios2-elf/4.1.2/mno-hw-mul/libgcc.a(_muldi3.o)
 .bss           0x00252650        0x0 /opt/altera/13.0sp1/nios2eds/bin/gnu/H-i686-pc-linux-gnu/bin/../lib/gcc/nios2-elf/4.1.2/mno-hw-mul/libgcc.a(_clzsi2.o)
 .bss           0x00252650        0x0 /opt/altera/13.0sp1/nios2eds/bin/gnu/H-i686-pc-linux-gnu/bin/../lib/gcc/nios2-elf/4.1.2/mno-hw-mul/libgcc.a(_pack_sf.o)
 .bss           0x00252650        0x0 /opt/altera/13.0sp1/nios2eds/bin/gnu/H-i686-pc-linux-gnu/bin/../lib/gcc/nios2-elf/4.1.2/mno-hw-mul/libgcc.a(_unpack_sf.o)
 .bss           0x00252650        0x0 /opt/altera/13.0sp1/nios2eds/bin/gnu/H-i686-pc-linux-gnu/bin/../lib/gcc/nios2-elf/4.1.2/mno-hw-mul/libgcc.a(_fpcmp_parts_sf.o)
 .bss           0x00252650        0x0 /opt/altera/13.0sp1/nios2eds/bin/gnu/H-i686-pc-linux-gnu/bin/../lib/gcc/nios2-elf/4.1.2/mno-hw-mul/libgcc.a(_make_sf.o)
 .bss           0x00252650        0x0 /opt/altera/13.0sp1/nios2eds/bin/gnu/H-i686-pc-linux-gnu/bin/../lib/gcc/nios2-elf/4.1.2/mno-hw-mul/libgcc.a(_pack_df.o)
 .bss           0x00252650        0x0 /opt/altera/13.0sp1/nios2eds/bin/gnu/H-i686-pc-linux-gnu/bin/../lib/gcc/nios2-elf/4.1.2/mno-hw-mul/libgcc.a(_unpack_df.o)
 .bss           0x00252650        0x0 /opt/altera/13.0sp1/nios2eds/bin/gnu/H-i686-pc-linux-gnu/bin/../lib/gcc/nios2-elf/4.1.2/mno-hw-mul/libgcc.a(_clz.o)
 .bss           0x00252650        0x0 /opt/altera/13.0sp1/nios2eds/bin/gnu/H-i686-pc-linux-gnu/bin/../lib/gcc/nios2-elf/4.1.2/../../../../nios2-elf/lib/mno-hw-mul/libc.a(lib_a-printf.o)
 .bss           0x00252650        0x0 /opt/altera/13.0sp1/nios2eds/bin/gnu/H-i686-pc-linux-gnu/bin/../lib/gcc/nios2-elf/4.1.2/../../../../nios2-elf/lib/mno-hw-mul/libc.a(lib_a-puts.o)
 .bss           0x00252650        0x0 /opt/altera/13.0sp1/nios2eds/bin/gnu/H-i686-pc-linux-gnu/bin/../lib/gcc/nios2-elf/4.1.2/../../../../nios2-elf/lib/mno-hw-mul/libc.a(lib_a-strlen.o)
 .bss           0x00252650        0x0 /opt/altera/13.0sp1/nios2eds/bin/gnu/H-i686-pc-linux-gnu/bin/../lib/gcc/nios2-elf/4.1.2/../../../../nios2-elf/lib/mno-hw-mul/libc.a(lib_a-vfprintf.o)
 .bss           0x00252650        0x0 /opt/altera/13.0sp1/nios2eds/bin/gnu/H-i686-pc-linux-gnu/bin/../lib/gcc/nios2-elf/4.1.2/../../../../nios2-elf/lib/mno-hw-mul/libc.a(lib_a-wsetup.o)
 .bss           0x00252650        0x0 /opt/altera/13.0sp1/nios2eds/bin/gnu/H-i686-pc-linux-gnu/bin/../lib/gcc/nios2-elf/4.1.2/../../../../nios2-elf/lib/mno-hw-mul/libc.a(lib_a-dtoa.o)
 .bss           0x00252650        0x0 /opt/altera/13.0sp1/nios2eds/bin/gnu/H-i686-pc-linux-gnu/bin/../lib/gcc/nios2-elf/4.1.2/../../../../nios2-elf/lib/mno-hw-mul/libc.a(lib_a-fflush.o)
 .bss           0x00252650        0x0 /opt/altera/13.0sp1/nios2eds/bin/gnu/H-i686-pc-linux-gnu/bin/../lib/gcc/nios2-elf/4.1.2/../../../../nios2-elf/lib/mno-hw-mul/libc.a(lib_a-findfp.o)
 .bss           0x00252650        0x0 /opt/altera/13.0sp1/nios2eds/bin/gnu/H-i686-pc-linux-gnu/bin/../lib/gcc/nios2-elf/4.1.2/../../../../nios2-elf/lib/mno-hw-mul/libc.a(lib_a-freer.o)
 .bss           0x00252650        0x0 /opt/altera/13.0sp1/nios2eds/bin/gnu/H-i686-pc-linux-gnu/bin/../lib/gcc/nios2-elf/4.1.2/../../../../nios2-elf/lib/mno-hw-mul/libc.a(lib_a-fvwrite.o)
 .bss           0x00252650        0x0 /opt/altera/13.0sp1/nios2eds/bin/gnu/H-i686-pc-linux-gnu/bin/../lib/gcc/nios2-elf/4.1.2/../../../../nios2-elf/lib/mno-hw-mul/libc.a(lib_a-fwalk.o)
 .bss           0x00252650        0x0 /opt/altera/13.0sp1/nios2eds/bin/gnu/H-i686-pc-linux-gnu/bin/../lib/gcc/nios2-elf/4.1.2/../../../../nios2-elf/lib/mno-hw-mul/libc.a(lib_a-impure.o)
 .bss           0x00252650        0x0 /opt/altera/13.0sp1/nios2eds/bin/gnu/H-i686-pc-linux-gnu/bin/../lib/gcc/nios2-elf/4.1.2/../../../../nios2-elf/lib/mno-hw-mul/libc.a(lib_a-locale.o)
 .bss           0x00252650        0x0 /opt/altera/13.0sp1/nios2eds/bin/gnu/H-i686-pc-linux-gnu/bin/../lib/gcc/nios2-elf/4.1.2/../../../../nios2-elf/lib/mno-hw-mul/libc.a(lib_a-makebuf.o)
 .bss           0x00252650       0x28 /opt/altera/13.0sp1/nios2eds/bin/gnu/H-i686-pc-linux-gnu/bin/../lib/gcc/nios2-elf/4.1.2/../../../../nios2-elf/lib/mno-hw-mul/libc.a(lib_a-mallocr.o)
                0x00252650                __malloc_current_mallinfo
 .bss           0x00252678        0x0 /opt/altera/13.0sp1/nios2eds/bin/gnu/H-i686-pc-linux-gnu/bin/../lib/gcc/nios2-elf/4.1.2/../../../../nios2-elf/lib/mno-hw-mul/libc.a(lib_a-memchr.o)
 .bss           0x00252678        0x0 /opt/altera/13.0sp1/nios2eds/bin/gnu/H-i686-pc-linux-gnu/bin/../lib/gcc/nios2-elf/4.1.2/../../../../nios2-elf/lib/mno-hw-mul/libc.a(lib_a-memcpy.o)
 .bss           0x00252678        0x0 /opt/altera/13.0sp1/nios2eds/bin/gnu/H-i686-pc-linux-gnu/bin/../lib/gcc/nios2-elf/4.1.2/../../../../nios2-elf/lib/mno-hw-mul/libc.a(lib_a-memmove.o)
 .bss           0x00252678        0x0 /opt/altera/13.0sp1/nios2eds/bin/gnu/H-i686-pc-linux-gnu/bin/../lib/gcc/nios2-elf/4.1.2/../../../../nios2-elf/lib/mno-hw-mul/libc.a(lib_a-memset.o)
 .bss           0x00252678        0x0 /opt/altera/13.0sp1/nios2eds/bin/gnu/H-i686-pc-linux-gnu/bin/../lib/gcc/nios2-elf/4.1.2/../../../../nios2-elf/lib/mno-hw-mul/libc.a(lib_a-mprec.o)
 .bss           0x00252678        0x0 /opt/altera/13.0sp1/nios2eds/bin/gnu/H-i686-pc-linux-gnu/bin/../lib/gcc/nios2-elf/4.1.2/../../../../nios2-elf/lib/mno-hw-mul/libc.a(lib_a-reallocr.o)
 .bss           0x00252678        0x0 /opt/altera/13.0sp1/nios2eds/bin/gnu/H-i686-pc-linux-gnu/bin/../lib/gcc/nios2-elf/4.1.2/../../../../nios2-elf/lib/mno-hw-mul/libc.a(lib_a-s_isinfd.o)
 .bss           0x00252678        0x0 /opt/altera/13.0sp1/nios2eds/bin/gnu/H-i686-pc-linux-gnu/bin/../lib/gcc/nios2-elf/4.1.2/../../../../nios2-elf/lib/mno-hw-mul/libc.a(lib_a-s_isnand.o)
 .bss           0x00252678        0x0 /opt/altera/13.0sp1/nios2eds/bin/gnu/H-i686-pc-linux-gnu/bin/../lib/gcc/nios2-elf/4.1.2/../../../../nios2-elf/lib/mno-hw-mul/libc.a(lib_a-sbrkr.o)
 .bss           0x00252678        0x0 /opt/altera/13.0sp1/nios2eds/bin/gnu/H-i686-pc-linux-gnu/bin/../lib/gcc/nios2-elf/4.1.2/../../../../nios2-elf/lib/mno-hw-mul/libc.a(lib_a-stdio.o)
 .bss           0x00252678        0x0 /opt/altera/13.0sp1/nios2eds/bin/gnu/H-i686-pc-linux-gnu/bin/../lib/gcc/nios2-elf/4.1.2/../../../../nios2-elf/lib/mno-hw-mul/libc.a(lib_a-strcmp.o)
 .bss           0x00252678        0x0 /opt/altera/13.0sp1/nios2eds/bin/gnu/H-i686-pc-linux-gnu/bin/../lib/gcc/nios2-elf/4.1.2/../../../../nios2-elf/lib/mno-hw-mul/libc.a(lib_a-writer.o)
 .bss           0x00252678        0x0 /opt/altera/13.0sp1/nios2eds/bin/gnu/H-i686-pc-linux-gnu/bin/../lib/gcc/nios2-elf/4.1.2/../../../../nios2-elf/lib/mno-hw-mul/libc.a(lib_a-callocr.o)
 .bss           0x00252678        0x0 /opt/altera/13.0sp1/nios2eds/bin/gnu/H-i686-pc-linux-gnu/bin/../lib/gcc/nios2-elf/4.1.2/../../../../nios2-elf/lib/mno-hw-mul/libc.a(lib_a-closer.o)
 .bss           0x00252678        0x0 /opt/altera/13.0sp1/nios2eds/bin/gnu/H-i686-pc-linux-gnu/bin/../lib/gcc/nios2-elf/4.1.2/../../../../nios2-elf/lib/mno-hw-mul/libc.a(lib_a-fclose.o)
 .bss           0x00252678        0x0 /opt/altera/13.0sp1/nios2eds/bin/gnu/H-i686-pc-linux-gnu/bin/../lib/gcc/nios2-elf/4.1.2/../../../../nios2-elf/lib/mno-hw-mul/libc.a(lib_a-fstatr.o)
 .bss           0x00252678        0x0 /opt/altera/13.0sp1/nios2eds/bin/gnu/H-i686-pc-linux-gnu/bin/../lib/gcc/nios2-elf/4.1.2/../../../../nios2-elf/lib/mno-hw-mul/libc.a(lib_a-int_errno.o)
 .bss           0x00252678        0x0 /opt/altera/13.0sp1/nios2eds/bin/gnu/H-i686-pc-linux-gnu/bin/../lib/gcc/nios2-elf/4.1.2/../../../../nios2-elf/lib/mno-hw-mul/libc.a(lib_a-isattyr.o)
 .bss           0x00252678        0x0 /opt/altera/13.0sp1/nios2eds/bin/gnu/H-i686-pc-linux-gnu/bin/../lib/gcc/nios2-elf/4.1.2/../../../../nios2-elf/lib/mno-hw-mul/libc.a(lib_a-lseekr.o)
 .bss           0x00252678        0x0 /opt/altera/13.0sp1/nios2eds/bin/gnu/H-i686-pc-linux-gnu/bin/../lib/gcc/nios2-elf/4.1.2/../../../../nios2-elf/lib/mno-hw-mul/libc.a(lib_a-readr.o)
 .bss           0x00252678        0x0 /opt/altera/13.0sp1/nios2eds/bin/gnu/H-i686-pc-linux-gnu/bin/../lib/gcc/nios2-elf/4.1.2/mno-hw-mul/libgcc.a(_udivdi3.o)
 .bss           0x00252678        0x0 /opt/altera/13.0sp1/nios2eds/bin/gnu/H-i686-pc-linux-gnu/bin/../lib/gcc/nios2-elf/4.1.2/mno-hw-mul/libgcc.a(_umoddi3.o)
 .bss           0x00252678        0x0 /opt/altera/13.0sp1/nios2eds/bin/gnu/H-i686-pc-linux-gnu/bin/../lib/gcc/nios2-elf/4.1.2/mno-hw-mul/libgcc.a(_div_df.o)
 .bss           0x00252678        0x0 /opt/altera/13.0sp1/nios2eds/bin/gnu/H-i686-pc-linux-gnu/bin/../lib/gcc/nios2-elf/4.1.2/mno-hw-mul/libgcc.a(_eq_df.o)
 .bss           0x00252678        0x0 /opt/altera/13.0sp1/nios2eds/bin/gnu/H-i686-pc-linux-gnu/bin/../lib/gcc/nios2-elf/4.1.2/mno-hw-mul/libgcc.a(_ne_df.o)
 .bss           0x00252678        0x0 /opt/altera/13.0sp1/nios2eds/bin/gnu/H-i686-pc-linux-gnu/bin/../lib/gcc/nios2-elf/4.1.2/mno-hw-mul/libgcc.a(_gt_df.o)
 .bss           0x00252678        0x0 /opt/altera/13.0sp1/nios2eds/bin/gnu/H-i686-pc-linux-gnu/bin/../lib/gcc/nios2-elf/4.1.2/mno-hw-mul/libgcc.a(_ge_df.o)
 .bss           0x00252678        0x0 /opt/altera/13.0sp1/nios2eds/bin/gnu/H-i686-pc-linux-gnu/bin/../lib/gcc/nios2-elf/4.1.2/mno-hw-mul/libgcc.a(_lt_df.o)
 .bss           0x00252678        0x0 /opt/altera/13.0sp1/nios2eds/bin/gnu/H-i686-pc-linux-gnu/bin/../lib/gcc/nios2-elf/4.1.2/mno-hw-mul/libgcc.a(_si_to_df.o)
 .bss           0x00252678        0x0 /opt/altera/13.0sp1/nios2eds/bin/gnu/H-i686-pc-linux-gnu/bin/../lib/gcc/nios2-elf/4.1.2/mno-hw-mul/libgcc.a(_df_to_si.o)
 .bss           0x00252678        0x0 /opt/altera/13.0sp1/nios2eds/bin/gnu/H-i686-pc-linux-gnu/bin/../lib/gcc/nios2-elf/4.1.2/mno-hw-mul/libgcc.a(lib2-divmod.o)
 .bss           0x00252678        0x0 /opt/altera/13.0sp1/nios2eds/bin/gnu/H-i686-pc-linux-gnu/bin/../lib/gcc/nios2-elf/4.1.2/mno-hw-mul/libgcc.a(_fpcmp_parts_df.o)
 .bss           0x00252678        0x0 ../../bsp/mpsoc_hello_mpsoc_0//libhal_bsp.a(alt_close.o)
 .bss           0x00252678        0x0 ../../bsp/mpsoc_hello_mpsoc_0//libhal_bsp.a(alt_dev.o)
 .bss           0x00252678        0x0 ../../bsp/mpsoc_hello_mpsoc_0//libhal_bsp.a(alt_errno.o)
 .bss           0x00252678        0x0 ../../bsp/mpsoc_hello_mpsoc_0//libhal_bsp.a(alt_fstat.o)
 .bss           0x00252678        0x0 ../../bsp/mpsoc_hello_mpsoc_0//libhal_bsp.a(alt_isatty.o)
 .bss           0x00252678        0x0 ../../bsp/mpsoc_hello_mpsoc_0//libhal_bsp.a(alt_load.o)
 .bss           0x00252678        0x0 ../../bsp/mpsoc_hello_mpsoc_0//libhal_bsp.a(alt_lseek.o)
 .bss           0x00252678        0x0 ../../bsp/mpsoc_hello_mpsoc_0//libhal_bsp.a(alt_main.o)
 .bss           0x00252678        0x0 ../../bsp/mpsoc_hello_mpsoc_0//libhal_bsp.a(alt_malloc_lock.o)
 .bss           0x00252678        0x0 ../../bsp/mpsoc_hello_mpsoc_0//libhal_bsp.a(alt_read.o)
 .bss           0x00252678        0x0 ../../bsp/mpsoc_hello_mpsoc_0//libhal_bsp.a(alt_release_fd.o)
 .bss           0x00252678        0x0 ../../bsp/mpsoc_hello_mpsoc_0//libhal_bsp.a(alt_sbrk.o)
 .bss           0x00252678        0x0 ../../bsp/mpsoc_hello_mpsoc_0//libhal_bsp.a(alt_write.o)
 .bss           0x00252678        0x0 ../../bsp/mpsoc_hello_mpsoc_0//libhal_bsp.a(alt_sys_init.o)
 .bss           0x00252678        0x0 ../../bsp/mpsoc_hello_mpsoc_0//libhal_bsp.a(altera_avalon_jtag_uart_fd.o)
 .bss           0x00252678        0x0 ../../bsp/mpsoc_hello_mpsoc_0//libhal_bsp.a(altera_avalon_jtag_uart_init.o)
 .bss           0x00252678        0x0 ../../bsp/mpsoc_hello_mpsoc_0//libhal_bsp.a(altera_avalon_jtag_uart_ioctl.o)
 .bss           0x00252678        0x0 ../../bsp/mpsoc_hello_mpsoc_0//libhal_bsp.a(altera_avalon_jtag_uart_read.o)
 .bss           0x00252678        0x0 ../../bsp/mpsoc_hello_mpsoc_0//libhal_bsp.a(altera_avalon_jtag_uart_write.o)
 .bss           0x00252678        0x0 ../../bsp/mpsoc_hello_mpsoc_0//libhal_bsp.a(altera_avalon_performance_counter.o)
 .bss           0x00252678        0x0 ../../bsp/mpsoc_hello_mpsoc_0//libhal_bsp.a(altera_avalon_timer_sc.o)
 .bss           0x00252678        0x0 ../../bsp/mpsoc_hello_mpsoc_0//libhal_bsp.a(perf_print_formatted_report.o)
 .bss           0x00252678        0x0 ../../bsp/mpsoc_hello_mpsoc_0//libhal_bsp.a(alt_alarm_start.o)
 .bss           0x00252678        0x0 ../../bsp/mpsoc_hello_mpsoc_0//libhal_bsp.a(alt_dcache_flush_all.o)
 .bss           0x00252678        0x0 ../../bsp/mpsoc_hello_mpsoc_0//libhal_bsp.a(alt_dev_llist_insert.o)
 .bss           0x00252678        0x0 ../../bsp/mpsoc_hello_mpsoc_0//libhal_bsp.a(alt_icache_flush_all.o)
 .bss           0x00252678        0x0 ../../bsp/mpsoc_hello_mpsoc_0//libhal_bsp.a(alt_iic.o)
 .bss           0x00252678        0x0 ../../bsp/mpsoc_hello_mpsoc_0//libhal_bsp.a(alt_iic_isr_register.o)
 .bss           0x00252678        0x0 ../../bsp/mpsoc_hello_mpsoc_0//libhal_bsp.a(alt_io_redirect.o)
 .bss           0x00252678        0x0 ../../bsp/mpsoc_hello_mpsoc_0//libhal_bsp.a(alt_irq_entry.o)
 .bss           0x00252678        0x0 ../../bsp/mpsoc_hello_mpsoc_0//libhal_bsp.a(alt_irq_handler.o)
 .bss           0x00252678        0x0 ../../bsp/mpsoc_hello_mpsoc_0//libhal_bsp.a(alt_irq_vars.o)
 .bss           0x00252678        0x0 ../../bsp/mpsoc_hello_mpsoc_0//libhal_bsp.a(alt_open.o)
 .bss           0x00252678        0x0 ../../bsp/mpsoc_hello_mpsoc_0//libhal_bsp.a(alt_tick.o)
 .bss           0x00252678        0x0 ../../bsp/mpsoc_hello_mpsoc_0//libhal_bsp.a(altera_nios2_qsys_irq.o)
 .bss           0x00252678        0x0 ../../bsp/mpsoc_hello_mpsoc_0//libhal_bsp.a(alt_exception_entry.o)
 .bss           0x00252678        0x0 ../../bsp/mpsoc_hello_mpsoc_0//libhal_bsp.a(alt_find_dev.o)
 .bss           0x00252678        0x0 ../../bsp/mpsoc_hello_mpsoc_0//libhal_bsp.a(alt_find_file.o)
 .bss           0x00252678        0x0 ../../bsp/mpsoc_hello_mpsoc_0//libhal_bsp.a(alt_get_fd.o)
 .bss           0x00252678        0x0 /opt/altera/13.0sp1/nios2eds/bin/gnu/H-i686-pc-linux-gnu/bin/../lib/gcc/nios2-elf/4.1.2/../../../../nios2-elf/lib/mno-hw-mul/libc.a(lib_a-memcmp.o)
 .bss           0x00252678        0x0 /opt/altera/13.0sp1/nios2eds/bin/gnu/H-i686-pc-linux-gnu/bin/../lib/gcc/nios2-elf/4.1.2/mno-hw-mul/libgcc.a(_floatundidf.o)
 *(COMMON)
 COMMON         0x00252678    0x16da0 obj/default/src_0/cpu_0.o
                0x00252678                grayed
 COMMON         0x00269418      0x100 ../../bsp/mpsoc_hello_mpsoc_0//libhal_bsp.a(alt_irq_handler.o)
                0x00269418                alt_irq
                0x00269518                . = ALIGN (0x4)
                0x00269518                __bss_end = ABSOLUTE (.)

.sram           0x00269518        0x0
                0x00269518                PROVIDE (_alt_partition_sram_start, ABSOLUTE (.))
 *(.sram. sram.*)
                0x00269518                . = ALIGN (0x4)
                0x00269518                PROVIDE (_alt_partition_sram_end, ABSOLUTE (.))
                0x00269518                _end = ABSOLUTE (.)
                0x00269518                end = ABSOLUTE (.)
                0x00269518                __alt_stack_base = ABSOLUTE (.)
                0x00269518                PROVIDE (_alt_partition_sram_load_addr, LOADADDR (.sram))

.sdram          0x08000000        0x0 load address 0x00269518
                0x08000000                PROVIDE (_alt_partition_sdram_start, ABSOLUTE (.))
 *(.sdram. sdram.*)
                0x08000000                . = ALIGN (0x4)
                0x08000000                PROVIDE (_alt_partition_sdram_end, ABSOLUTE (.))
                0x00269518                PROVIDE (_alt_partition_sdram_load_addr, LOADADDR (.sdram))

.stab
 *(.stab)

.stabstr
 *(.stabstr)

.stab.excl
 *(.stab.excl)

.stab.exclstr
 *(.stab.exclstr)

.stab.index
 *(.stab.index)

.stab.indexstr
 *(.stab.indexstr)

.comment        0x00000000       0x26
 *(.comment)
 .comment       0x00000000       0x26 obj/default/src_0/cpu_0.o
                                 0x27 (size before relaxing)
 .comment       0x00000000       0x27 /opt/altera/13.0sp1/nios2eds/bin/gnu/H-i686-pc-linux-gnu/bin/../lib/gcc/nios2-elf/4.1.2/mno-hw-mul/libgcc.a(_fixunssfsi.o)
 .comment       0x00000000       0x27 /opt/altera/13.0sp1/nios2eds/bin/gnu/H-i686-pc-linux-gnu/bin/../lib/gcc/nios2-elf/4.1.2/mno-hw-mul/libgcc.a(_floatundisf.o)
 .comment       0x00000000       0x27 /opt/altera/13.0sp1/nios2eds/bin/gnu/H-i686-pc-linux-gnu/bin/../lib/gcc/nios2-elf/4.1.2/mno-hw-mul/libgcc.a(_addsub_sf.o)
 .comment       0x00000000       0x27 /opt/altera/13.0sp1/nios2eds/bin/gnu/H-i686-pc-linux-gnu/bin/../lib/gcc/nios2-elf/4.1.2/mno-hw-mul/libgcc.a(_ge_sf.o)
 .comment       0x00000000       0x27 /opt/altera/13.0sp1/nios2eds/bin/gnu/H-i686-pc-linux-gnu/bin/../lib/gcc/nios2-elf/4.1.2/mno-hw-mul/libgcc.a(_sf_to_si.o)
 .comment       0x00000000       0x27 /opt/altera/13.0sp1/nios2eds/bin/gnu/H-i686-pc-linux-gnu/bin/../lib/gcc/nios2-elf/4.1.2/mno-hw-mul/libgcc.a(_sf_to_df.o)
 .comment       0x00000000       0x27 /opt/altera/13.0sp1/nios2eds/bin/gnu/H-i686-pc-linux-gnu/bin/../lib/gcc/nios2-elf/4.1.2/mno-hw-mul/libgcc.a(_thenan_sf.o)
 .comment       0x00000000       0x27 /opt/altera/13.0sp1/nios2eds/bin/gnu/H-i686-pc-linux-gnu/bin/../lib/gcc/nios2-elf/4.1.2/mno-hw-mul/libgcc.a(_usi_to_sf.o)
 .comment       0x00000000       0x27 /opt/altera/13.0sp1/nios2eds/bin/gnu/H-i686-pc-linux-gnu/bin/../lib/gcc/nios2-elf/4.1.2/mno-hw-mul/libgcc.a(_addsub_df.o)
 .comment       0x00000000       0x27 /opt/altera/13.0sp1/nios2eds/bin/gnu/H-i686-pc-linux-gnu/bin/../lib/gcc/nios2-elf/4.1.2/mno-hw-mul/libgcc.a(_mul_df.o)
 .comment       0x00000000       0x27 /opt/altera/13.0sp1/nios2eds/bin/gnu/H-i686-pc-linux-gnu/bin/../lib/gcc/nios2-elf/4.1.2/mno-hw-mul/libgcc.a(_make_df.o)
 .comment       0x00000000       0x27 /opt/altera/13.0sp1/nios2eds/bin/gnu/H-i686-pc-linux-gnu/bin/../lib/gcc/nios2-elf/4.1.2/mno-hw-mul/libgcc.a(_df_to_sf.o)
 .comment       0x00000000       0x27 /opt/altera/13.0sp1/nios2eds/bin/gnu/H-i686-pc-linux-gnu/bin/../lib/gcc/nios2-elf/4.1.2/mno-hw-mul/libgcc.a(_thenan_df.o)
 .comment       0x00000000       0x27 /opt/altera/13.0sp1/nios2eds/bin/gnu/H-i686-pc-linux-gnu/bin/../lib/gcc/nios2-elf/4.1.2/mno-hw-mul/libgcc.a(_usi_to_df.o)
 .comment       0x00000000       0x27 /opt/altera/13.0sp1/nios2eds/bin/gnu/H-i686-pc-linux-gnu/bin/../lib/gcc/nios2-elf/4.1.2/mno-hw-mul/libgcc.a(lib2-mul.o)
 .comment       0x00000000       0x27 /opt/altera/13.0sp1/nios2eds/bin/gnu/H-i686-pc-linux-gnu/bin/../lib/gcc/nios2-elf/4.1.2/mno-hw-mul/libgcc.a(_muldi3.o)
 .comment       0x00000000       0x27 /opt/altera/13.0sp1/nios2eds/bin/gnu/H-i686-pc-linux-gnu/bin/../lib/gcc/nios2-elf/4.1.2/mno-hw-mul/libgcc.a(_clzsi2.o)
 .comment       0x00000000       0x27 /opt/altera/13.0sp1/nios2eds/bin/gnu/H-i686-pc-linux-gnu/bin/../lib/gcc/nios2-elf/4.1.2/mno-hw-mul/libgcc.a(_pack_sf.o)
 .comment       0x00000000       0x27 /opt/altera/13.0sp1/nios2eds/bin/gnu/H-i686-pc-linux-gnu/bin/../lib/gcc/nios2-elf/4.1.2/mno-hw-mul/libgcc.a(_unpack_sf.o)
 .comment       0x00000000       0x27 /opt/altera/13.0sp1/nios2eds/bin/gnu/H-i686-pc-linux-gnu/bin/../lib/gcc/nios2-elf/4.1.2/mno-hw-mul/libgcc.a(_fpcmp_parts_sf.o)
 .comment       0x00000000       0x27 /opt/altera/13.0sp1/nios2eds/bin/gnu/H-i686-pc-linux-gnu/bin/../lib/gcc/nios2-elf/4.1.2/mno-hw-mul/libgcc.a(_make_sf.o)
 .comment       0x00000000       0x27 /opt/altera/13.0sp1/nios2eds/bin/gnu/H-i686-pc-linux-gnu/bin/../lib/gcc/nios2-elf/4.1.2/mno-hw-mul/libgcc.a(_pack_df.o)
 .comment       0x00000000       0x27 /opt/altera/13.0sp1/nios2eds/bin/gnu/H-i686-pc-linux-gnu/bin/../lib/gcc/nios2-elf/4.1.2/mno-hw-mul/libgcc.a(_unpack_df.o)
 .comment       0x00000000       0x27 /opt/altera/13.0sp1/nios2eds/bin/gnu/H-i686-pc-linux-gnu/bin/../lib/gcc/nios2-elf/4.1.2/mno-hw-mul/libgcc.a(_clz.o)
 .comment       0x00000000       0x27 /opt/altera/13.0sp1/nios2eds/bin/gnu/H-i686-pc-linux-gnu/bin/../lib/gcc/nios2-elf/4.1.2/../../../../nios2-elf/lib/mno-hw-mul/libc.a(lib_a-printf.o)
 .comment       0x00000000       0x27 /opt/altera/13.0sp1/nios2eds/bin/gnu/H-i686-pc-linux-gnu/bin/../lib/gcc/nios2-elf/4.1.2/../../../../nios2-elf/lib/mno-hw-mul/libc.a(lib_a-puts.o)
 .comment       0x00000000       0x27 /opt/altera/13.0sp1/nios2eds/bin/gnu/H-i686-pc-linux-gnu/bin/../lib/gcc/nios2-elf/4.1.2/../../../../nios2-elf/lib/mno-hw-mul/libc.a(lib_a-strlen.o)
 .comment       0x00000000       0x27 /opt/altera/13.0sp1/nios2eds/bin/gnu/H-i686-pc-linux-gnu/bin/../lib/gcc/nios2-elf/4.1.2/../../../../nios2-elf/lib/mno-hw-mul/libc.a(lib_a-vfprintf.o)
 .comment       0x00000000       0x27 /opt/altera/13.0sp1/nios2eds/bin/gnu/H-i686-pc-linux-gnu/bin/../lib/gcc/nios2-elf/4.1.2/../../../../nios2-elf/lib/mno-hw-mul/libc.a(lib_a-wsetup.o)
 .comment       0x00000000       0x27 /opt/altera/13.0sp1/nios2eds/bin/gnu/H-i686-pc-linux-gnu/bin/../lib/gcc/nios2-elf/4.1.2/../../../../nios2-elf/lib/mno-hw-mul/libc.a(lib_a-dtoa.o)
 .comment       0x00000000       0x27 /opt/altera/13.0sp1/nios2eds/bin/gnu/H-i686-pc-linux-gnu/bin/../lib/gcc/nios2-elf/4.1.2/../../../../nios2-elf/lib/mno-hw-mul/libc.a(lib_a-fflush.o)
 .comment       0x00000000       0x27 /opt/altera/13.0sp1/nios2eds/bin/gnu/H-i686-pc-linux-gnu/bin/../lib/gcc/nios2-elf/4.1.2/../../../../nios2-elf/lib/mno-hw-mul/libc.a(lib_a-findfp.o)
 .comment       0x00000000       0x27 /opt/altera/13.0sp1/nios2eds/bin/gnu/H-i686-pc-linux-gnu/bin/../lib/gcc/nios2-elf/4.1.2/../../../../nios2-elf/lib/mno-hw-mul/libc.a(lib_a-freer.o)
 .comment       0x00000000       0x27 /opt/altera/13.0sp1/nios2eds/bin/gnu/H-i686-pc-linux-gnu/bin/../lib/gcc/nios2-elf/4.1.2/../../../../nios2-elf/lib/mno-hw-mul/libc.a(lib_a-fvwrite.o)
 .comment       0x00000000       0x27 /opt/altera/13.0sp1/nios2eds/bin/gnu/H-i686-pc-linux-gnu/bin/../lib/gcc/nios2-elf/4.1.2/../../../../nios2-elf/lib/mno-hw-mul/libc.a(lib_a-fwalk.o)
 .comment       0x00000000       0x27 /opt/altera/13.0sp1/nios2eds/bin/gnu/H-i686-pc-linux-gnu/bin/../lib/gcc/nios2-elf/4.1.2/../../../../nios2-elf/lib/mno-hw-mul/libc.a(lib_a-impure.o)
 .comment       0x00000000       0x27 /opt/altera/13.0sp1/nios2eds/bin/gnu/H-i686-pc-linux-gnu/bin/../lib/gcc/nios2-elf/4.1.2/../../../../nios2-elf/lib/mno-hw-mul/libc.a(lib_a-locale.o)
 .comment       0x00000000       0x27 /opt/altera/13.0sp1/nios2eds/bin/gnu/H-i686-pc-linux-gnu/bin/../lib/gcc/nios2-elf/4.1.2/../../../../nios2-elf/lib/mno-hw-mul/libc.a(lib_a-makebuf.o)
 .comment       0x00000000       0x27 /opt/altera/13.0sp1/nios2eds/bin/gnu/H-i686-pc-linux-gnu/bin/../lib/gcc/nios2-elf/4.1.2/../../../../nios2-elf/lib/mno-hw-mul/libc.a(lib_a-mallocr.o)
 .comment       0x00000000       0x27 /opt/altera/13.0sp1/nios2eds/bin/gnu/H-i686-pc-linux-gnu/bin/../lib/gcc/nios2-elf/4.1.2/../../../../nios2-elf/lib/mno-hw-mul/libc.a(lib_a-memchr.o)
 .comment       0x00000000       0x27 /opt/altera/13.0sp1/nios2eds/bin/gnu/H-i686-pc-linux-gnu/bin/../lib/gcc/nios2-elf/4.1.2/../../../../nios2-elf/lib/mno-hw-mul/libc.a(lib_a-memcpy.o)
 .comment       0x00000000       0x27 /opt/altera/13.0sp1/nios2eds/bin/gnu/H-i686-pc-linux-gnu/bin/../lib/gcc/nios2-elf/4.1.2/../../../../nios2-elf/lib/mno-hw-mul/libc.a(lib_a-memmove.o)
 .comment       0x00000000       0x27 /opt/altera/13.0sp1/nios2eds/bin/gnu/H-i686-pc-linux-gnu/bin/../lib/gcc/nios2-elf/4.1.2/../../../../nios2-elf/lib/mno-hw-mul/libc.a(lib_a-memset.o)
 .comment       0x00000000       0x27 /opt/altera/13.0sp1/nios2eds/bin/gnu/H-i686-pc-linux-gnu/bin/../lib/gcc/nios2-elf/4.1.2/../../../../nios2-elf/lib/mno-hw-mul/libc.a(lib_a-mprec.o)
 .comment       0x00000000       0x27 /opt/altera/13.0sp1/nios2eds/bin/gnu/H-i686-pc-linux-gnu/bin/../lib/gcc/nios2-elf/4.1.2/../../../../nios2-elf/lib/mno-hw-mul/libc.a(lib_a-reallocr.o)
 .comment       0x00000000       0x27 /opt/altera/13.0sp1/nios2eds/bin/gnu/H-i686-pc-linux-gnu/bin/../lib/gcc/nios2-elf/4.1.2/../../../../nios2-elf/lib/mno-hw-mul/libc.a(lib_a-s_isinfd.o)
 .comment       0x00000000       0x27 /opt/altera/13.0sp1/nios2eds/bin/gnu/H-i686-pc-linux-gnu/bin/../lib/gcc/nios2-elf/4.1.2/../../../../nios2-elf/lib/mno-hw-mul/libc.a(lib_a-s_isnand.o)
 .comment       0x00000000       0x27 /opt/altera/13.0sp1/nios2eds/bin/gnu/H-i686-pc-linux-gnu/bin/../lib/gcc/nios2-elf/4.1.2/../../../../nios2-elf/lib/mno-hw-mul/libc.a(lib_a-sbrkr.o)
 .comment       0x00000000       0x27 /opt/altera/13.0sp1/nios2eds/bin/gnu/H-i686-pc-linux-gnu/bin/../lib/gcc/nios2-elf/4.1.2/../../../../nios2-elf/lib/mno-hw-mul/libc.a(lib_a-stdio.o)
 .comment       0x00000000       0x27 /opt/altera/13.0sp1/nios2eds/bin/gnu/H-i686-pc-linux-gnu/bin/../lib/gcc/nios2-elf/4.1.2/../../../../nios2-elf/lib/mno-hw-mul/libc.a(lib_a-strcmp.o)
 .comment       0x00000000       0x27 /opt/altera/13.0sp1/nios2eds/bin/gnu/H-i686-pc-linux-gnu/bin/../lib/gcc/nios2-elf/4.1.2/../../../../nios2-elf/lib/mno-hw-mul/libc.a(lib_a-writer.o)
 .comment       0x00000000       0x27 /opt/altera/13.0sp1/nios2eds/bin/gnu/H-i686-pc-linux-gnu/bin/../lib/gcc/nios2-elf/4.1.2/../../../../nios2-elf/lib/mno-hw-mul/libc.a(lib_a-callocr.o)
 .comment       0x00000000       0x27 /opt/altera/13.0sp1/nios2eds/bin/gnu/H-i686-pc-linux-gnu/bin/../lib/gcc/nios2-elf/4.1.2/../../../../nios2-elf/lib/mno-hw-mul/libc.a(lib_a-closer.o)
 .comment       0x00000000       0x27 /opt/altera/13.0sp1/nios2eds/bin/gnu/H-i686-pc-linux-gnu/bin/../lib/gcc/nios2-elf/4.1.2/../../../../nios2-elf/lib/mno-hw-mul/libc.a(lib_a-fclose.o)
 .comment       0x00000000       0x27 /opt/altera/13.0sp1/nios2eds/bin/gnu/H-i686-pc-linux-gnu/bin/../lib/gcc/nios2-elf/4.1.2/../../../../nios2-elf/lib/mno-hw-mul/libc.a(lib_a-fstatr.o)
 .comment       0x00000000       0x27 /opt/altera/13.0sp1/nios2eds/bin/gnu/H-i686-pc-linux-gnu/bin/../lib/gcc/nios2-elf/4.1.2/../../../../nios2-elf/lib/mno-hw-mul/libc.a(lib_a-int_errno.o)
 .comment       0x00000000       0x27 /opt/altera/13.0sp1/nios2eds/bin/gnu/H-i686-pc-linux-gnu/bin/../lib/gcc/nios2-elf/4.1.2/../../../../nios2-elf/lib/mno-hw-mul/libc.a(lib_a-isattyr.o)
 .comment       0x00000000       0x27 /opt/altera/13.0sp1/nios2eds/bin/gnu/H-i686-pc-linux-gnu/bin/../lib/gcc/nios2-elf/4.1.2/../../../../nios2-elf/lib/mno-hw-mul/libc.a(lib_a-lseekr.o)
 .comment       0x00000000       0x27 /opt/altera/13.0sp1/nios2eds/bin/gnu/H-i686-pc-linux-gnu/bin/../lib/gcc/nios2-elf/4.1.2/../../../../nios2-elf/lib/mno-hw-mul/libc.a(lib_a-readr.o)
 .comment       0x00000000       0x27 /opt/altera/13.0sp1/nios2eds/bin/gnu/H-i686-pc-linux-gnu/bin/../lib/gcc/nios2-elf/4.1.2/mno-hw-mul/libgcc.a(_udivdi3.o)
 .comment       0x00000000       0x27 /opt/altera/13.0sp1/nios2eds/bin/gnu/H-i686-pc-linux-gnu/bin/../lib/gcc/nios2-elf/4.1.2/mno-hw-mul/libgcc.a(_umoddi3.o)
 .comment       0x00000000       0x27 /opt/altera/13.0sp1/nios2eds/bin/gnu/H-i686-pc-linux-gnu/bin/../lib/gcc/nios2-elf/4.1.2/mno-hw-mul/libgcc.a(_div_df.o)
 .comment       0x00000000       0x27 /opt/altera/13.0sp1/nios2eds/bin/gnu/H-i686-pc-linux-gnu/bin/../lib/gcc/nios2-elf/4.1.2/mno-hw-mul/libgcc.a(_eq_df.o)
 .comment       0x00000000       0x27 /opt/altera/13.0sp1/nios2eds/bin/gnu/H-i686-pc-linux-gnu/bin/../lib/gcc/nios2-elf/4.1.2/mno-hw-mul/libgcc.a(_ne_df.o)
 .comment       0x00000000       0x27 /opt/altera/13.0sp1/nios2eds/bin/gnu/H-i686-pc-linux-gnu/bin/../lib/gcc/nios2-elf/4.1.2/mno-hw-mul/libgcc.a(_gt_df.o)
 .comment       0x00000000       0x27 /opt/altera/13.0sp1/nios2eds/bin/gnu/H-i686-pc-linux-gnu/bin/../lib/gcc/nios2-elf/4.1.2/mno-hw-mul/libgcc.a(_ge_df.o)
 .comment       0x00000000       0x27 /opt/altera/13.0sp1/nios2eds/bin/gnu/H-i686-pc-linux-gnu/bin/../lib/gcc/nios2-elf/4.1.2/mno-hw-mul/libgcc.a(_lt_df.o)
 .comment       0x00000000       0x27 /opt/altera/13.0sp1/nios2eds/bin/gnu/H-i686-pc-linux-gnu/bin/../lib/gcc/nios2-elf/4.1.2/mno-hw-mul/libgcc.a(_si_to_df.o)
 .comment       0x00000000       0x27 /opt/altera/13.0sp1/nios2eds/bin/gnu/H-i686-pc-linux-gnu/bin/../lib/gcc/nios2-elf/4.1.2/mno-hw-mul/libgcc.a(_df_to_si.o)
 .comment       0x00000000       0x27 /opt/altera/13.0sp1/nios2eds/bin/gnu/H-i686-pc-linux-gnu/bin/../lib/gcc/nios2-elf/4.1.2/mno-hw-mul/libgcc.a(lib2-divmod.o)
 .comment       0x00000000       0x27 /opt/altera/13.0sp1/nios2eds/bin/gnu/H-i686-pc-linux-gnu/bin/../lib/gcc/nios2-elf/4.1.2/mno-hw-mul/libgcc.a(_fpcmp_parts_df.o)
 .comment       0x00000000       0x27 ../../bsp/mpsoc_hello_mpsoc_0//libhal_bsp.a(alt_close.o)
 .comment       0x00000000       0x27 ../../bsp/mpsoc_hello_mpsoc_0//libhal_bsp.a(alt_dev.o)
 .comment       0x00000000       0x27 ../../bsp/mpsoc_hello_mpsoc_0//libhal_bsp.a(alt_errno.o)
 .comment       0x00000000       0x27 ../../bsp/mpsoc_hello_mpsoc_0//libhal_bsp.a(alt_fstat.o)
 .comment       0x00000000       0x27 ../../bsp/mpsoc_hello_mpsoc_0//libhal_bsp.a(alt_isatty.o)
 .comment       0x00000000       0x27 ../../bsp/mpsoc_hello_mpsoc_0//libhal_bsp.a(alt_load.o)
 .comment       0x00000000       0x27 ../../bsp/mpsoc_hello_mpsoc_0//libhal_bsp.a(alt_lseek.o)
 .comment       0x00000000       0x27 ../../bsp/mpsoc_hello_mpsoc_0//libhal_bsp.a(alt_main.o)
 .comment       0x00000000       0x27 ../../bsp/mpsoc_hello_mpsoc_0//libhal_bsp.a(alt_malloc_lock.o)
 .comment       0x00000000       0x27 ../../bsp/mpsoc_hello_mpsoc_0//libhal_bsp.a(alt_read.o)
 .comment       0x00000000       0x27 ../../bsp/mpsoc_hello_mpsoc_0//libhal_bsp.a(alt_release_fd.o)
 .comment       0x00000000       0x27 ../../bsp/mpsoc_hello_mpsoc_0//libhal_bsp.a(alt_sbrk.o)
 .comment       0x00000000       0x27 ../../bsp/mpsoc_hello_mpsoc_0//libhal_bsp.a(alt_write.o)
 .comment       0x00000000       0x27 ../../bsp/mpsoc_hello_mpsoc_0//libhal_bsp.a(alt_sys_init.o)
 .comment       0x00000000       0x27 ../../bsp/mpsoc_hello_mpsoc_0//libhal_bsp.a(altera_avalon_jtag_uart_fd.o)
 .comment       0x00000000       0x27 ../../bsp/mpsoc_hello_mpsoc_0//libhal_bsp.a(altera_avalon_jtag_uart_init.o)
 .comment       0x00000000       0x27 ../../bsp/mpsoc_hello_mpsoc_0//libhal_bsp.a(altera_avalon_jtag_uart_ioctl.o)
 .comment       0x00000000       0x27 ../../bsp/mpsoc_hello_mpsoc_0//libhal_bsp.a(altera_avalon_jtag_uart_read.o)
 .comment       0x00000000       0x27 ../../bsp/mpsoc_hello_mpsoc_0//libhal_bsp.a(altera_avalon_jtag_uart_write.o)
 .comment       0x00000000       0x27 ../../bsp/mpsoc_hello_mpsoc_0//libhal_bsp.a(altera_avalon_performance_counter.o)
 .comment       0x00000000       0x27 ../../bsp/mpsoc_hello_mpsoc_0//libhal_bsp.a(altera_avalon_timer_sc.o)
 .comment       0x00000000       0x27 ../../bsp/mpsoc_hello_mpsoc_0//libhal_bsp.a(perf_print_formatted_report.o)
 .comment       0x00000000       0x27 ../../bsp/mpsoc_hello_mpsoc_0//libhal_bsp.a(alt_alarm_start.o)
 .comment       0x00000000       0x27 ../../bsp/mpsoc_hello_mpsoc_0//libhal_bsp.a(alt_dcache_flush_all.o)
 .comment       0x00000000       0x27 ../../bsp/mpsoc_hello_mpsoc_0//libhal_bsp.a(alt_dev_llist_insert.o)
 .comment       0x00000000       0x27 ../../bsp/mpsoc_hello_mpsoc_0//libhal_bsp.a(alt_icache_flush_all.o)
 .comment       0x00000000       0x27 ../../bsp/mpsoc_hello_mpsoc_0//libhal_bsp.a(alt_iic.o)
 .comment       0x00000000       0x27 ../../bsp/mpsoc_hello_mpsoc_0//libhal_bsp.a(alt_iic_isr_register.o)
 .comment       0x00000000       0x27 ../../bsp/mpsoc_hello_mpsoc_0//libhal_bsp.a(alt_io_redirect.o)
 .comment       0x00000000       0x27 ../../bsp/mpsoc_hello_mpsoc_0//libhal_bsp.a(alt_irq_handler.o)
 .comment       0x00000000       0x27 ../../bsp/mpsoc_hello_mpsoc_0//libhal_bsp.a(alt_irq_vars.o)
 .comment       0x00000000       0x27 ../../bsp/mpsoc_hello_mpsoc_0//libhal_bsp.a(alt_open.o)
 .comment       0x00000000       0x27 ../../bsp/mpsoc_hello_mpsoc_0//libhal_bsp.a(alt_tick.o)
 .comment       0x00000000       0x27 ../../bsp/mpsoc_hello_mpsoc_0//libhal_bsp.a(altera_nios2_qsys_irq.o)
 .comment       0x00000000       0x27 ../../bsp/mpsoc_hello_mpsoc_0//libhal_bsp.a(alt_find_dev.o)
 .comment       0x00000000       0x27 ../../bsp/mpsoc_hello_mpsoc_0//libhal_bsp.a(alt_find_file.o)
 .comment       0x00000000       0x27 ../../bsp/mpsoc_hello_mpsoc_0//libhal_bsp.a(alt_get_fd.o)
 .comment       0x00000000       0x27 /opt/altera/13.0sp1/nios2eds/bin/gnu/H-i686-pc-linux-gnu/bin/../lib/gcc/nios2-elf/4.1.2/../../../../nios2-elf/lib/mno-hw-mul/libc.a(lib_a-memcmp.o)
 .comment       0x00000000       0x27 /opt/altera/13.0sp1/nios2eds/bin/gnu/H-i686-pc-linux-gnu/bin/../lib/gcc/nios2-elf/4.1.2/mno-hw-mul/libgcc.a(_floatundidf.o)

.debug
 *(.debug)

.line
 *(.line)

.debug_srcinfo
 *(.debug_srcinfo)

.debug_sfnames
 *(.debug_sfnames)

.debug_aranges  0x00000000      0xdb8
 *(.debug_aranges)
 .debug_aranges
                0x00000000       0x28 ../../bsp/mpsoc_hello_mpsoc_0//obj/HAL/src/crt0.o
 .debug_aranges
                0x00000028       0x20 obj/default/src_0/cpu_0.o
 .debug_aranges
                0x00000048       0x20 obj/default/src_0/delay_asm.o
 .debug_aranges
                0x00000068       0x20 /opt/altera/13.0sp1/nios2eds/bin/gnu/H-i686-pc-linux-gnu/bin/../lib/gcc/nios2-elf/4.1.2/mno-hw-mul/libgcc.a(_fixunssfsi.o)
 .debug_aranges
                0x00000088       0x20 /opt/altera/13.0sp1/nios2eds/bin/gnu/H-i686-pc-linux-gnu/bin/../lib/gcc/nios2-elf/4.1.2/mno-hw-mul/libgcc.a(_floatundisf.o)
 .debug_aranges
                0x000000a8       0x20 /opt/altera/13.0sp1/nios2eds/bin/gnu/H-i686-pc-linux-gnu/bin/../lib/gcc/nios2-elf/4.1.2/mno-hw-mul/libgcc.a(_addsub_sf.o)
 .debug_aranges